✔ strong-frame-unlisted-verb (0.735625ms)
✔ strong-frame-another-verb (0.261834ms)
✔ word-internal-negation (0.05675ms)
✔ withdraw-unique (0.085292ms)
✔ withdraw-no-target (0.08775ms)
✔ withdraw-multiple (0.056125ms)
✔ negative-new-intent (0.185667ms)
✔ negative-not-withdrawal (0.082667ms)
✔ cancelled-target (0.040416ms)
✔ finished-target (0.083416ms)
✔ quoted-withdrawal (0.071708ms)
✔ hypothetical (0.045791ms)
✔ question (0.039125ms)
✔ uncertain (0.0255ms)
✔ conflicting-clauses (0.028875ms)
✔ unsupported-explicit (0.047ms)
✔ ordinary-chat (0.036625ms)
✔ cloud-affirmation (0.02975ms)
✔ parse-none cannot fall into chat for explicit intent (0.10725ms)
✔ unsupported explicit input never prepares disclosure and keeps draft (1.669708ms)
✔ unsupported no matching cancellation is honest local no-change (0.051791ms)
✔ unsupported read restoration does not parse or write (0.121209ms)
✔ late cancelled parsing cannot write (0.08525ms)
✔ legacy explicit negative new intent never becomes cancellation (0.023625ms)
ℹ tests 24
ℹ suites 0
ℹ pass 24
ℹ fail 0
ℹ cancelled 0
ℹ skipped 0
ℹ todo 0
ℹ duration_ms 43.48925
