{
  "passed": 6,
  "total": 6,
  "networkCalls": 0,
  "restart": {
    "fixture": "p158-c1-4b9d7444-c350-456e-8e7f-35114c02269e",
    "pids": [
      39514,
      39518
    ],
    "oldQuestion": "q:health:available_time:4a0c625c6a8f0619b4e270f694507175",
    "newQuestion": "q:health:available_time:10ab170f0f64bcc0a31025d9109fd1fe"
  },
  "results": [
    {
      "name": "expired answered information opens one new gap; history untouched",
      "pass": true
    },
    {
      "name": "valid replacement state answers gap; expired or revoked state does not",
      "pass": true
    },
    {
      "name": "source availability is usable only when current and authorized",
      "pass": true
    },
    {
      "name": "reject remains durable; deferred and ignored respect their scope",
      "pass": true
    },
    {
      "name": "prior answered domain is not an authorization or domain for a new ambiguous request",
      "pass": true
    },
    {
      "name": "expired persisted state after independent restart permits new question and retains old answered row",
      "pass": true
    }
  ]
}
