✔ default is lightweight and has one detail entry (10.516041ms)
✔ freshness stays per metric and does not claim coverage (0.157125ms)
✔ only one detail area and trend is secondary (2.185042ms)
✔ no fake chat or AI state (0.122791ms)
✔ initial calls are serial and keep existing contract (0.3805ms)
✔ overview error never claims imported or exposes error body (0.107125ms)
✔ null and absence remain gaps while zero stays real (0.077375ms)
✔ source escaping and empty states retained (0.15325ms)
✔ stale requests cannot replace the selected metric (0.111208ms)
✔ inactive auxiliary does not query and exit stops remaining overview requests (0.11325ms)
✔ exited detail request cannot publish late values (0.058958ms)
✔ new entry has fresh instance and mode label never depends on global flag (0.145541ms)
✔ saving configuration and key does not test select or enable (2.015834ms)
✔ explicit four steps are possible without implicit transitions (0.5545ms)
✔ failed key save preserves input and hides raw failure body (0.323084ms)
✔ pending action ignores second click and retains newer input (0.245583ms)
✔ fixed mask never follows length or displays malformed tail (0.187584ms)
✔ model dropdown starts unselected and enable unavailable after successful test (0.32775ms)
✔ Local mode has no key input or cloud model options (0.090333ms)
✔ unknown errors use a fixed message and timeout is not credential TTL (0.054ms)
✔ entry is inert and exit rejects a late status (0.399125ms)
✔ search results escape originals and source asking remains separate (0.388666ms)
✔ disconnect requires distinct confirmation and supports reconnect (0.093667ms)
✔ real restored controls display fixed targets without starting an operation (0.047958ms)
✔ exit prevents late search from replacing prior results (0.082625ms)
ℹ tests 25
ℹ suites 0
ℹ pass 25
ℹ fail 0
ℹ cancelled 0
ℹ skipped 0
ℹ todo 0
ℹ duration_ms 52.567875
