✔ no action for "他说“报告结论做完了”。" (0.611333ms)
✔ no action for "假如报告结论做完了就好了。" (0.091917ms)
✔ no action for "报告结论还没做完。" (0.285375ms)
✔ no action for "我不打算明天整理报告结论。" (0.214083ms)
✔ no action for "今天聊天挺有意思。" (0.060042ms)
✔ no action for "" (0.041375ms)
✔ no action for "我今天心情很好。" (0.114166ms)
✔ no action for "我明天可以做什么？" (0.04175ms)
✔ no action for "不要把报告标记为完成" (0.055208ms)
✔ no action for "如果我明天做这个呢？" (0.064583ms)
✔ natural conversation create adjust complete and immutable history (590.866125ms)
✔ same submission replay and different payload reject (19.102083ms)
✔ multiple targets clarify, plain natural target response resolves once (24.374083ms)
✔ single current target cancellation and terminal refusal (19.546416ms)
✔ stale expected version rejects late commit (21.1265ms)
✔ forged model intent and target rejected by real Host (19.315ms)
✔ fault transaction rolls back all action assets and retains draft (66.485708ms)
✔ restart restores identity feedback and status, reads have no writes (72.711208ms)
✔ source expiry/revoke/correction preserves action and removes valid-basis claim (148.590417ms)
✔ conversation authorization denies writes before action append (63.891125ms)
✔ Application rejects fabricated model output before repository commit (0.190041ms)
✔ read recovery after lost commit response never resends model or write (18.622208ms)
✔ OfflineA and OfflineB operate same repository identity (19.150583ms)
✔ Today single Focus escapes content and never adds action buttons (0.207ms)
✔ actual model suggestion stays candidate until explicit pronoun acceptance (1297.934208ms)
✔ multiple targets beyond first page cannot imply one (105.812167ms)
✔ expired packet and cancelled draft reject commits (43.226417ms)
✔ snapshot is read-only and incompatible v6 fields fail closed (17.171833ms)
✔ uncertain/historical expression does not create: 我明天整理报告吗 (0.128875ms)
✔ uncertain/historical expression does not create: 我今天写报告很累 (0.0325ms)
✔ uncertain/historical expression does not create: 我今天散步了 (0.0255ms)
✔ uncertain/historical expression does not create: 我明天可能整理报告 (0.032375ms)
✔ uncertain/historical expression does not create: 我明天整理报告，只是举例 (0.012875ms)
✔ completed history does not obscure the only current planned target (23.545916ms)
✔ stale model derivation cannot be accepted via pronoun (1336.448917ms)
✔ Host refuses changing confirmed content inside an otherwise valid parsed create (18.770333ms)
✔ closure generalized creation and exact withdrawal persist across restart (26.298792ms)
✔ closure no target or multiple normalized targets cannot silently cancel (24.536208ms)
✔ closure Host rejects arbitrary negativity and unsupported fallback forgery (22.181375ms)
ℹ tests 39
ℹ suites 0
ℹ pass 39
ℹ fail 0
ℹ cancelled 0
ℹ skipped 0
ℹ todo 0
ℹ duration_ms 4038.70275
