✔ strong-frame-unlisted-verb (0.7205ms)
✔ strong-frame-another-verb (0.206083ms)
✔ word-internal-negation (0.038875ms)
✔ withdraw-unique (0.065916ms)
✔ withdraw-no-target (0.079625ms)
✔ withdraw-multiple (0.048667ms)
✔ negative-new-intent (0.188041ms)
✔ negative-not-withdrawal (0.075833ms)
✔ cancelled-target (0.042583ms)
✔ finished-target (0.077958ms)
✔ quoted-withdrawal (0.044458ms)
✔ hypothetical (0.028792ms)
✔ question (0.029875ms)
✔ uncertain (0.022958ms)
✔ conflicting-clauses (0.028916ms)
✔ unsupported-explicit (0.043042ms)
✔ ordinary-chat (0.026416ms)
✔ cloud-affirmation (0.040166ms)
✔ parse-none cannot fall into chat for explicit intent (0.103125ms)
✔ unsupported explicit input never prepares disclosure and keeps draft (1.695583ms)
✔ unsupported no matching cancellation is honest local no-change (0.088291ms)
✔ unsupported read restoration does not parse or write (0.136958ms)
✔ late cancelled parsing cannot write (0.114416ms)
✔ legacy explicit negative new intent never becomes cancellation (0.024958ms)
ℹ tests 24
ℹ suites 0
ℹ pass 24
ℹ fail 0
ℹ cancelled 0
ℹ skipped 0
ℹ todo 0
ℹ duration_ms 43.200875
