✔ valid receipt none// (0.575167ms)
✔ valid receipt clarify// (0.054458ms)
✔ valid receipt action// (0.06025ms)
✔ valid receipt condition_only/unknown/condition_unknown (0.055208ms)
✔ valid receipt condition_only/false/condition_false (0.052583ms)
✔ valid receipt condition_only/true/record_only (0.041041ms)
✔ valid receipt condition_and_action/true/ (0.03675ms)
✔ production confirm rejects wrong-turn before success (0.20325ms)
✔ production confirm rejects wrong-operation-identity before success (0.0745ms)
✔ production confirm rejects missing-event before success (0.127458ms)
✔ production confirm rejects invalid-action-version before success (0.07125ms)
✔ production confirm rejects unexpected-permission before success (0.056ms)
✔ production confirm rejects false-action-condition before success (0.057958ms)
✔ production confirm rejects false-business-change before success (0.035625ms)
✔ production confirm rejects inconsistent-status before success (0.045834ms)
✔ production confirm rejects extra-receipt-field before success (0.05275ms)
✔ production confirm rejects oversized-reply before success (0.0715ms)
✔ none cannot disguise an action event (0.042875ms)
✔ condition-only reason must agree with truth (0.034667ms)
✔ retry preparation preserves terminal provider failure without another send (0.338625ms)
ℹ tests 20
ℹ suites 0
ℹ pass 20
ℹ fail 0
ℹ cancelled 0
ℹ skipped 0
ℹ todo 0
ℹ duration_ms 40.658209
