{
  "passed": 6,
  "total": 6,
  "networkCalls": 0,
  "restart": {
    "fixture": "p158-c1-0e3578f5-7bb9-4e88-ad80-a68badc18eed",
    "pids": [
      48058,
      48062
    ],
    "oldQuestion": "q:health:available_time:f48d840a38fa9796ce8cf2b32d9e83f3",
    "newQuestion": "q:health:available_time:6bc8fbbf7367944aa9701382211b554b"
  },
  "results": [
    {
      "name": "expired answered information opens one new gap; history untouched",
      "pass": true
    },
    {
      "name": "valid replacement state answers gap; expired or revoked state does not",
      "pass": true
    },
    {
      "name": "source availability is usable only when current and authorized",
      "pass": true
    },
    {
      "name": "reject remains durable; deferred and ignored respect their scope",
      "pass": true
    },
    {
      "name": "prior answered domain is not an authorization or domain for a new ambiguous request",
      "pass": true
    },
    {
      "name": "expired persisted state after independent restart permits new question and retains old answered row",
      "pass": true
    }
  ]
}
