✔ current UI file selection uses sole import IPC and refreshes terminal status (2.600792ms)
✔ failed start preserves the selected file across idle status and explicit retry (0.518ms)
✔ starting and running cannot start another import or reopen picker (0.262125ms)
✔ current status restoration keeps original duplicate time without new samples (20.930792ms)
✔ HTML escaping applies to filename and unsupported types (0.167084ms)
✔ unknown failed counts are not fabricated totals (0.046875ms)
✔ Apple observation labels do not imply completeness, identity or revision (0.352083ms)
✔ actual frontend resolver excludes Apple batches and states under all purposes (1.253625ms)
✔ semantic partial success exposes skipped and unprojected without claiming complete coverage (0.092041ms)
✔ health excluded by actual resolver for every purpose, even active/status spoof (2.3245ms)
✔ health view shows unmerged sources, observation freshness, and no fabricated zero (23.363333ms)
✔ failed startup retry cannot overwrite typing between attempts (0.286834ms)
✔ remove uses stored turn identity even public preview has no turnId, cancels before rebuilding (0.505625ms)
✔ remove failure never leaves old send confirmation (0.105292ms)
✔ edit during removal cannot resurrect returned confirmation (0.127958ms)
✔ observation display uses envelope offset, receipt labels device time (0.129375ms)
✔ authorized health expression remains usable while imported raw observations stay excluded (0.13675ms)
✔ raw health kind cannot be promoted by status, source, or eligibility spoof (0.091125ms)
ℹ tests 18
ℹ suites 0
ℹ pass 18
ℹ fail 0
ℹ cancelled 0
ℹ skipped 0
ℹ todo 0
ℹ duration_ms 62.558625
