✔ default is lightweight and has one detail entry (9.874459ms)
✔ freshness stays per metric and does not claim coverage (0.169459ms)
✔ only one detail area and trend is secondary (2.39375ms)
✔ no fake chat or AI state (0.117667ms)
✔ initial calls are serial and keep existing contract (0.337917ms)
✔ overview error never claims imported or exposes error body (0.239625ms)
✔ null and absence remain gaps while zero stays real (0.100458ms)
✔ source escaping and empty states retained (0.217541ms)
✔ stale requests cannot replace the selected metric (0.128375ms)
✔ inactive auxiliary does not query and exit stops remaining overview requests (0.118875ms)
✔ exited detail request cannot publish late values (0.058291ms)
✔ new entry has fresh instance and mode label never depends on global flag (0.159792ms)
✔ saving configuration and key does not test select or enable (1.755083ms)
✔ explicit four steps are possible without implicit transitions (0.19275ms)
✔ failed key save preserves input and hides raw failure body (0.33825ms)
✔ pending action ignores second click and retains newer input (0.224958ms)
✔ fixed mask never follows length or displays malformed tail (0.109666ms)
✔ model dropdown starts unselected and enable unavailable after successful test (0.300167ms)
✔ Local mode has no key input or cloud model options (0.082292ms)
✔ unknown errors use a fixed message and timeout is not credential TTL (0.048416ms)
✔ entry is inert and exit rejects a late status (0.534041ms)
✔ search results escape originals and source asking remains separate (0.394583ms)
✔ disconnect requires distinct confirmation and supports reconnect (0.093875ms)
✔ real restored controls display fixed targets without starting an operation (0.048958ms)
✔ exit prevents late search from replacing prior results (0.120791ms)
ℹ tests 25
ℹ suites 0
ℹ pass 25
ℹ fail 0
ℹ cancelled 0
ℹ skipped 0
ℹ todo 0
ℹ duration_ms 49.912125
