✔ default is lightweight and has one detail entry (26.49525ms)
✔ freshness stays per metric and does not claim coverage (0.161333ms)
✔ only one detail area and trend is secondary (2.231875ms)
✔ no fake chat or AI state (0.111833ms)
✔ initial calls are serial and keep existing contract (0.367375ms)
✔ overview error never claims imported or exposes error body (0.097541ms)
✔ null and absence remain gaps while zero stays real (0.065542ms)
✔ source escaping and empty states retained (0.147ms)
✔ stale requests cannot replace the selected metric (0.10825ms)
✔ inactive auxiliary does not query and exit stops remaining overview requests (0.120209ms)
✔ exited detail request cannot publish late values (0.060584ms)
✔ new entry has fresh instance and mode label never depends on global flag (0.159667ms)
✔ saving configuration and key does not test select or enable (5.305875ms)
✔ explicit four steps are possible without implicit transitions (0.236709ms)
✔ failed key save preserves input and hides raw failure body (0.203166ms)
✔ pending action ignores second click and retains newer input (0.121292ms)
✔ fixed mask never follows length or displays malformed tail (0.102542ms)
✔ model dropdown starts unselected and enable unavailable after successful test (0.289334ms)
✔ Local mode has no key input or cloud model options (0.075375ms)
✔ unknown errors use a fixed message and timeout is not credential TTL (0.044917ms)
✔ entry is inert and exit rejects a late status (0.44325ms)
✔ search results escape originals and source asking remains separate (0.469542ms)
✔ disconnect requires distinct confirmation and supports reconnect (0.162083ms)
✔ real restored controls display fixed targets without starting an operation (0.065208ms)
✔ exit prevents late search from replacing prior results (0.136583ms)
ℹ tests 25
ℹ suites 0
ℹ pass 25
ℹ fail 0
ℹ cancelled 0
ℹ skipped 0
ℹ todo 0
ℹ duration_ms 70.92475
