✔ strong-frame-unlisted-verb (0.632417ms)
✔ strong-frame-another-verb (0.198208ms)
✔ word-internal-negation (0.036917ms)
✔ withdraw-unique (0.062125ms)
✔ withdraw-no-target (0.074416ms)
✔ withdraw-multiple (0.038792ms)
✔ negative-new-intent (0.169625ms)
✔ negative-not-withdrawal (0.076541ms)
✔ cancelled-target (0.040125ms)
✔ finished-target (0.073208ms)
✔ quoted-withdrawal (0.040291ms)
✔ hypothetical (0.150333ms)
✔ question (0.073875ms)
✔ uncertain (0.039875ms)
✔ conflicting-clauses (0.025792ms)
✔ unsupported-explicit (0.033292ms)
✔ ordinary-chat (0.024459ms)
✔ cloud-affirmation (0.02325ms)
✔ parse-none cannot fall into chat for explicit intent (0.096167ms)
✔ unsupported explicit input never prepares disclosure and keeps draft (1.817291ms)
✔ unsupported no matching cancellation is honest local no-change (0.064959ms)
✔ unsupported read restoration does not parse or write (0.121375ms)
✔ late cancelled parsing cannot write (0.089791ms)
✔ legacy explicit negative new intent never becomes cancellation (0.025333ms)
ℹ tests 24
ℹ suites 0
ℹ pass 24
ℹ fail 0
ℹ cancelled 0
ℹ skipped 0
ℹ todo 0
ℹ duration_ms 47.181291
