{
  "passed": 8,
  "total": 8,
  "networkCalls": 0,
  "restartEvidence": {
    "pids": [
      62717,
      62718,
      62720
    ],
    "fixture": "p158-f79ce8bb-21d0-4deb-9865-e0a987c8eb54"
  },
  "results": [
    {
      "name": "independent process reopen preserves answered state, raw refs and adapter continuity",
      "pass": true
    },
    {
      "name": "failure preserves raw draft and retry once commits once under concurrency",
      "pass": true
    },
    {
      "name": "hypothetical time and observation duration never become user state",
      "pass": true
    },
    {
      "name": "authorized selected source availability answers gap; denied, conflicting and irrelevant excluded",
      "pass": true
    },
    {
      "name": "reject survives more than eight new question instances and process restart, explicit reopen answers once",
      "pass": true
    },
    {
      "name": "defer survives independent restart without a prompt or state write",
      "pass": true
    },
    {
      "name": "ignore is only this occurrence; next request has a distinct question and preserves old turn",
      "pass": true
    },
    {
      "name": "already answered, rejected, deferred and silence cannot be confused",
      "pass": true
    }
  ]
}
