{
  "passed": 6,
  "total": 6,
  "networkCalls": 0,
  "restart": {
    "fixture": "p158-c1-9be17e4f-3dc0-4057-810c-6ca04a465632",
    "pids": [
      62771,
      62775
    ],
    "oldQuestion": "q:health:available_time:50d492975b4d769b6ba9851102745ff3",
    "newQuestion": "q:health:available_time:b23f5d8afe4eb1bdc8a9ba45cfb806f4"
  },
  "results": [
    {
      "name": "expired answered information opens one new gap; history untouched",
      "pass": true
    },
    {
      "name": "valid replacement state answers gap; expired or revoked state does not",
      "pass": true
    },
    {
      "name": "source availability is usable only when current and authorized",
      "pass": true
    },
    {
      "name": "reject remains durable; deferred and ignored respect their scope",
      "pass": true
    },
    {
      "name": "prior answered domain is not an authorization or domain for a new ambiguous request",
      "pass": true
    },
    {
      "name": "expired persisted state after independent restart permits new question and retains old answered row",
      "pass": true
    }
  ]
}
