✔ current UI file selection uses sole import IPC and refreshes terminal status (2.793292ms)
✔ failed start preserves the selected file across idle status and explicit retry (0.85325ms)
✔ starting and running cannot start another import or reopen picker (0.595041ms)
✔ current status restoration keeps original duplicate time without new samples (21.081708ms)
✔ HTML escaping applies to filename and unsupported types (0.2835ms)
✔ unknown failed counts are not fabricated totals (0.067125ms)
✔ Apple observation labels do not imply completeness, identity or revision (0.633292ms)
✔ actual frontend resolver excludes Apple batches and states under all purposes (1.507125ms)
✔ semantic partial success exposes skipped and unprojected without claiming complete coverage (0.115417ms)
✔ health excluded by actual resolver for every purpose, even active/status spoof (2.417667ms)
✔ health view shows unmerged sources, observation freshness, and no fabricated zero (23.390792ms)
✔ failed startup retry cannot overwrite typing between attempts (0.608917ms)
✔ remove uses stored turn identity even public preview has no turnId, cancels before rebuilding (0.698167ms)
✔ remove failure never leaves old send confirmation (0.13225ms)
✔ edit during removal cannot resurrect returned confirmation (0.143625ms)
✔ observation display uses envelope offset, receipt labels device time (0.150791ms)
✔ authorized health expression remains usable while imported raw observations stay excluded (0.142917ms)
✔ raw health kind cannot be promoted by status, source, or eligibility spoof (0.105041ms)
ℹ tests 18
ℹ suites 0
ℹ pass 18
ℹ fail 0
ℹ cancelled 0
ℹ skipped 0
ℹ todo 0
ℹ duration_ms 66.615166
