✔ closing purpose is available during in-flight response and preserves input (3.872541ms)
✔ a late old refresh cannot restore enabled UI after generation changes (1.233125ms)
✔ projection acknowledgements update revision before response preparation (0.152833ms)
✔ source/model text is escaped and never interpreted as markup (0.124ms)
✔ reload restores persisted pending response without resubmitting it (0.224416ms)
✔ unchanged polling preserves the mounted page and unsaved selections (0.168959ms)
✔ completed response does not erase a newer typed follow-up (0.340542ms)
✔ unrelated response keeps original draft during completion and restart (0.140292ms)
✔ topic switch uses existing ordinary preview without auto-confirming or changing suggestion (0.179125ms)
✔ credential recovery never starts from polling or a forged click (0.142ms)
✔ credential recovery opens only native menu and cannot issue start, save or POST (0.123708ms)
✔ credential check cancelled during menu open cannot restore late state (0.064292ms)
✔ compact settings keeps scope and technical details out of default region (0.156125ms)
✔ first enable opens disclosure without grant write; one-click disable preserves selected sources (0.073125ms)
✔ credential entry errors retain only safe fixed code (0.068167ms)
✔ turning off while scope is being edited retains the last saved permission set (0.050833ms)
✔ historical credential success does not contradict current Host policy after resume or disable (0.052667ms)
ℹ tests 17
ℹ suites 0
ℹ pass 17
ℹ fail 0
ℹ cancelled 0
ℹ skipped 0
ℹ todo 0
ℹ duration_ms 49.06975
