✔ default is lightweight and has one detail entry (11.998125ms)
✔ freshness stays per metric and does not claim coverage (0.381792ms)
✔ only one detail area and trend is secondary (3.397625ms)
✔ no fake chat or AI state (0.131458ms)
✔ initial calls are serial and keep existing contract (0.359333ms)
✔ overview error never claims imported or exposes error body (0.157458ms)
✔ null and absence remain gaps while zero stays real (0.087875ms)
✔ source escaping and empty states retained (0.159625ms)
✔ stale requests cannot replace the selected metric (0.134625ms)
✔ inactive auxiliary does not query and exit stops remaining overview requests (0.146375ms)
✔ exited detail request cannot publish late values (0.064875ms)
✔ new entry has fresh instance and mode label never depends on global flag (0.176958ms)
✔ saving configuration and key does not test select or enable (2.185583ms)
✔ explicit four steps are possible without implicit transitions (0.208292ms)
✔ failed key save preserves input and hides raw failure body (0.165ms)
✔ pending action ignores second click and retains newer input (0.097042ms)
✔ fixed mask never follows length or displays malformed tail (0.107ms)
✔ model dropdown starts unselected and enable unavailable after successful test (0.287791ms)
✔ Local mode has no key input or cloud model options (0.076625ms)
✔ unknown errors use a fixed message and timeout is not credential TTL (0.047708ms)
✔ entry is inert and exit rejects a late status (0.3985ms)
✔ search results escape originals and source asking remains separate (0.393875ms)
✔ disconnect requires distinct confirmation and supports reconnect (0.321166ms)
✔ real restored controls display fixed targets without starting an operation (0.117292ms)
✔ exit prevents late search from replacing prior results (0.196667ms)
ℹ tests 25
ℹ suites 0
ℹ pass 25
ℹ fail 0
ℹ cancelled 0
ℹ skipped 0
ℹ todo 0
ℹ duration_ms 55.6905
