✔ original bytes, persisted draft, once-only save and lost acknowledgement retry (723.264208ms)
✔ same text with distinct intentional turns is not deduplicated (16.875333ms)
✔ transaction failure before receipt leaves original/state/audit unchanged and draft recoverable (21.775417ms)
✔ invalid input rejects before mutation and arbitrary roots/profile cannot be selected (12.01925ms)
✔ one valuable clarification, irrelevant or already available evidence produces no question (26.6005ms)
✔ persistent question decision ignore (20.855ms)
✔ persistent question decision refuse (19.828083ms)
✔ persistent question decision defer (19.955ms)
✔ silence makes no state or implicit confirmation; deferred time can reopen same gap (132.432ms)
✔ memory confirmation is single explicit intent, inference/source is not confirmation (15.773459ms)
✔ correction is atomic, preserves provenance and invalidates only dependent projections (23.367791ms)
✔ source version deduplication, identity isolation, version conflict and rollback (16.077667ms)
✔ revocation excludes all historical packets and model switching never revives source (26.434ms)
✔ required layers budget is prewrite atomic, exact boundary and optional pruning (14.717792ms)
✔ expired evidence and request-local removal do not become current facts (12.370625ms)
✔ two actual offline adapters across process restarts preserve all authority and feedback (81.34225ms)
✔ health parser rejects missing/invalid units, field inflation, future times and unsupported sync (12.884459ms)
✔ database symlink is rejected before opening and sentinel stays unchanged (8.023958ms)
✔ authorized Markdown answers a relevant gap without asking again (17.905709ms)
✔ a fresh state makes superseded facts and their model packets unavailable (16.919291ms)
✔ renderer cannot forge packet content or state projection while retaining valid refs (13.721416ms)
✔ correction commits its draft and restart does not resurrect that pending edit (21.000333ms)
✔ production secret code stays byte-exact but unlinked; original catalog and 20 IPC plus approved five stay visible (1.439792ms)
✔ PM counterexample: nonexistent or unrelated feedback does not affect a pure packet or output (12.62775ms)
✔ feedback requires entire current target basis, removed or domain-excluded refs leave unrelated result unchanged across restart (39.209417ms)
✔ forged feedback packets are rejected by repository before packet audit or receipt writes (26.353291ms)
✔ revoked, expired and replaced target basis cannot carry feedback into fresh or stale packets (84.342166ms)
✔ type-changing or unparseable corrections reject atomically and keep draft original state and unrelated output after restart (55.091ms)
✔ correction repository derives type and value from text and rejects forged missing null or out-of-range values (20.259541ms)
✔ same-type work and sleep corrections succeed, preserve unrelated projection, rollback on receipt failure and persist (22.826917ms)
✔ approved source query feeds only bounded valid context, keeps configuration out, and disconnect survives replay and restart (321.380583ms)
ℹ tests 31
ℹ suites 0
ℹ pass 31
ℹ fail 0
ℹ cancelled 0
ℹ skipped 0
ℹ todo 0
ℹ duration_ms 1898.940125
