
running 28 tests
test budget::tests::clock_and_storage_fail_closed ... ok
test budget::tests::rolling_minute_and_day ... ok
test budget::tests::purpose_and_unseen_are_separate ... ok
test budget::tests::failed_unknown_never_refunded_across_restart ... ok
test audio::tests::vad_tail_and_release ... ok
test gateway::tests::provider_errors_consume_reserved_budget ... ok
test gateway::tests::parallel_asr_tts_but_not_two_of_each ... FAILED
test gateway::tests::timeout_revocation_and_late_result_no_retry ... ok
test gateway::tests::zero_transport_calls_when_denied ... ok
test audio::tests::interruption_and_backpressure ... ok
test audio::tests::bounded_wake_history ... ok
test mimo::tests::broken_partial_and_length_never_final ... ok
test mimo::tests::duplicate_json_and_missing_done_fail_closed ... ok
test mimo::tests::mismatch_and_tools_rejected ... ok
test mimo::tests::tts_emits_before_completion ... ok
test session::tests::all_off_by_default ... ok
test session::tests::end_and_lock_discard_late_voice_only ... ok
test session::tests::interruption_keeps_business_wait ... ok
test session::tests::no_idle_timeout_during_processing_recording_playback ... ok
test session::tests::proactive_hidden_and_unwoken_silent ... ok
test session::tests::purpose_revocation_isolates_late_final ... ok
test worker::tests::invalid_float_fails_closed_and_releases_pending ... ok
test worker::tests::barge_in_stops_before_utterance_and_preserves_opening ... ok
test mimo::tests::base64_canonical_and_request_minimization ... ok
test worker::tests::wake_frame_never_enters_upload_and_first_postwake_frame_kept ... ok
test mimo::tests::asr_every_byte_split_and_real_final_only ... ok
test audio::tests::preserves_onset_and_sixty_second_boundary ... ok
test audio::tests::silence_and_noise_do_not_form_intent ... ok

failures:

---- gateway::tests::parallel_asr_tts_but_not_two_of_each stdout ----

thread 'gateway::tests::parallel_asr_tts_but_not_two_of_each' (23661448) panicked at src/gateway.rs:386:9:
assertion failed: g.poll(Purpose::Asr, "r1", Frame::Headers(200), &a, &mut n).is_err()
note: run with `RUST_BACKTRACE=1` environment variable to display a backtrace


failures:
    gateway::tests::parallel_asr_tts_but_not_two_of_each

test result: FAILED. 27 passed; 1 failed; 0 ignored; 0 measured; 0 filtered out; finished in 0.11s

   Compiling lifeos-voice-offline-tests v0.1.0 (/private/tmp/lifeos-p3-160-voice-v1/mutations-20260912T184832/revoke-in-flight)
warning: field `purpose` is never read
  --> src/gateway.rs:42:5
   |
40 | struct Inflight {
   |        -------- field in this struct
41 |     binding: Binding,
42 |     purpose: Purpose,
   |     ^^^^^^^
   |
   = note: `#[warn(dead_code)]` (part of `#[warn(unused)]`) on by default

warning: `lifeos-voice-offline-tests` (lib) generated 1 warning
warning: `lifeos-voice-offline-tests` (lib test) generated 1 warning (1 duplicate)
    Finished `test` profile [unoptimized + debuginfo] target(s) in 0.66s
     Running unittests src/mod.rs (/private/tmp/lifeos-p3-160-voice-v1/mutations-20260912T184832/target/debug/deps/lifeos_voice_offline_tests-e665fe427a6f67f0)
error: test failed, to rerun pass `--lib`
