
running 28 tests
test budget::tests::clock_and_storage_fail_closed ... ok
test budget::tests::rolling_minute_and_day ... ok
test budget::tests::purpose_and_unseen_are_separate ... ok
test budget::tests::failed_unknown_never_refunded_across_restart ... ok
test audio::tests::vad_tail_and_release ... ok
test gateway::tests::provider_errors_consume_reserved_budget ... ok
test gateway::tests::timeout_revocation_and_late_result_no_retry ... ok
test gateway::tests::parallel_asr_tts_but_not_two_of_each ... ok
test gateway::tests::zero_transport_calls_when_denied ... ok
test audio::tests::interruption_and_backpressure ... FAILED
test mimo::tests::broken_partial_and_length_never_final ... ok
test mimo::tests::duplicate_json_and_missing_done_fail_closed ... ok
test mimo::tests::mismatch_and_tools_rejected ... ok
test mimo::tests::tts_emits_before_completion ... ok
test session::tests::all_off_by_default ... ok
test session::tests::end_and_lock_discard_late_voice_only ... ok
test session::tests::interruption_keeps_business_wait ... ok
test session::tests::no_idle_timeout_during_processing_recording_playback ... ok
test session::tests::proactive_hidden_and_unwoken_silent ... ok
test audio::tests::bounded_wake_history ... ok
test session::tests::purpose_revocation_isolates_late_final ... ok
test worker::tests::invalid_float_fails_closed_and_releases_pending ... ok
test worker::tests::barge_in_stops_before_utterance_and_preserves_opening ... ok
test mimo::tests::base64_canonical_and_request_minimization ... ok
test worker::tests::wake_frame_never_enters_upload_and_first_postwake_frame_kept ... ok
test mimo::tests::asr_every_byte_split_and_real_final_only ... ok
test audio::tests::preserves_onset_and_sixty_second_boundary ... ok
test audio::tests::silence_and_noise_do_not_form_intent ... ok

failures:

---- audio::tests::interruption_and_backpressure stdout ----

thread 'audio::tests::interruption_and_backpressure' (23660718) panicked at src/audio.rs:258:9:
assertion `left == right` failed
  left: Ok(())
 right: Err("stale_audio")
note: run with `RUST_BACKTRACE=1` environment variable to display a backtrace


failures:
    audio::tests::interruption_and_backpressure

test result: FAILED. 27 passed; 1 failed; 0 ignored; 0 measured; 0 filtered out; finished in 0.11s

   Compiling proc-macro2 v1.0.107
   Compiling unicode-ident v1.0.24
   Compiling quote v1.0.47
   Compiling serde_core v1.0.229
   Compiling zmij v1.0.23
   Compiling serde_json v1.0.151
   Compiling serde v1.0.229
   Compiling itoa v1.0.18
   Compiling memchr v2.8.3
   Compiling zeroize v1.8.1
   Compiling syn v3.0.3
   Compiling serde_derive v1.0.229
   Compiling lifeos-voice-offline-tests v0.1.0 (/private/tmp/lifeos-p3-160-voice-v1/mutations-20260912T184832/stale-playback)
warning: unused variable: `g`
   --> src/audio.rs:156:28
    |
156 |     pub fn push(&mut self, g: u64, bytes: &[u8]) -> Result<(), &'static str> {
    |                            ^ help: if this is intentional, prefix it with an underscore: `_g`
    |
    = note: `#[warn(unused_variables)]` (part of `#[warn(unused)]`) on by default

warning: `lifeos-voice-offline-tests` (lib) generated 1 warning (run `cargo fix --lib -p lifeos-voice-offline-tests` to apply 1 suggestion)
warning: `lifeos-voice-offline-tests` (lib test) generated 1 warning (1 duplicate)
    Finished `test` profile [unoptimized + debuginfo] target(s) in 5.13s
     Running unittests src/mod.rs (/private/tmp/lifeos-p3-160-voice-v1/mutations-20260912T184832/target/debug/deps/lifeos_voice_offline_tests-e665fe427a6f67f0)
error: test failed, to rerun pass `--lib`
