   Compiling lifeos-p3-152 v0.1.0 (/private/tmp/lifeos-p3-152-health-conversation-v1/mutations-1788932799743438000/secret-echo)
warning: unused import: `SendPlan`
   --> src/health_conversation_host.rs:142:98
    |
142 | #[path="health_conversation_host/controlled.rs"]mod controlled;pub(crate) use controlled::{Start,SendPlan};
    |                                                                                                  ^^^^^^^^
    |
    = note: `#[warn(unused_imports)]` (part of `#[warn(unused)]`) on by default

warning: unused import: `Request`
 --> src/conversation_contract.rs:2:32
  |
2 | use crate::repository::{Error, Request};
  |                                ^^^^^^^

warning: unused import: `json`
 --> src/host_gateway.rs:2:24
  |
2 | use serde_json::{Value,json};use std::sync::{Arc,Mutex,OnceLock};
  |                        ^^^^

warning: unused variable: `secret`
  --> src/health_conversation_host/controlled.rs:58:13
   |
58 |   if let Ok(secret)=std::str::from_utf8(&plan.key){if false{response.text.clear();live["deliveryState"]=json!("failed");live["errorC...
   |             ^^^^^^ help: if this is intentional, prefix it with an underscore: `_secret`
   |
   = note: `#[warn(unused_variables)]` (part of `#[warn(unused)]`) on by default

warning: function `text` is never used
  --> src/conversation_contract.rs:39:8
   |
39 | pub fn text(v: &Value, k: &str, empty: bool) -> R<String> {
   |        ^^^^
   |
   = note: `#[warn(dead_code)]` (part of `#[warn(unused)]`) on by default

warning: function `ids` is never used
  --> src/conversation_contract.rs:46:8
   |
46 | pub fn ids(v: &Value, k: &str, max: usize) -> R<Vec<String>> {
   |        ^^^

warning: constant `P3_144_REFERENCE_PREFIX` is never used
  --> src/secure_credentials.rs:16:7
   |
16 | const P3_144_REFERENCE_PREFIX: &str = "p3-144-key-";
   |       ^^^^^^^^^^^^^^^^^^^^^^^

warning: variant `P3_144` is never constructed
  --> src/secure_credentials.rs:33:5
   |
32 | pub enum CredentialLineage {
   |          ----------------- variant in this enum
33 |     P3_144,
   |     ^^^^^^
   |
   = note: `CredentialLineage` has derived impls for the traits `Clone` and `Debug`, but these are intentionally ignored during dead code analysis

warning: function `encrypt_with_port` is never used
   --> src/secure_credentials.rs:248:8
    |
248 | pub fn encrypt_with_port<P: CredentialPort>(
    |        ^^^^^^^^^^^^^^^^^

warning: function `encrypt` is never used
   --> src/secure_credentials.rs:283:8
    |
283 | pub fn encrypt(api_key: &str, aad: &[u8]) -> Result<EncryptedCredential, CredentialFailure> {
    |        ^^^^^^^

warning: struct `MemoryCredentialPort` is never constructed
   --> src/secure_credentials.rs:341:12
    |
341 | pub struct MemoryCredentialPort {
    |            ^^^^^^^^^^^^^^^^^^^^

warning: methods `seed`, `fail_next_find`, and `calls` are never used
   --> src/secure_credentials.rs:349:12
    |
348 | impl MemoryCredentialPort {
    | ------------------------- methods in this implementation
349 |     pub fn seed(&mut self, reference: &str, material: &[u8]) -> Result<(), CredentialFailure> {
    |            ^^^^
...
358 |     pub fn fail_next_find(&mut self, failure: CredentialFailure) {
    |            ^^^^^^^^^^^^^^
...
362 |     pub fn calls(&self) -> usize {
    |            ^^^^^

warning: function `encrypt_existing_reference_for_test` is never used
   --> src/secure_credentials.rs:413:8
    |
413 | pub fn encrypt_existing_reference_for_test<P: CredentialPort>(
    |        ^^^^^^^^^^^^^^^^^^^^^^^^^^^^^^^^^^^

warning: function `call` is never used
  --> src/provider_transport.rs:17:4
   |
17 | fn call(path: &str, body: Option<&str>, key: &[u8]) -> R<Zeroizing<Vec<u8>>> {
   |    ^^^^

warning: field `usage` is never read
 --> src/model_port.rs:7:9
  |
5 | pub struct ModelResponse {
  |            ------------- field in this struct
6 |     pub text: String,
7 |     pub usage: Option<Value>,
  |         ^^^^^

warning: struct `SyntheticModel` is never constructed
  --> src/model_port.rs:24:12
   |
24 | pub struct SyntheticModel;
   |            ^^^^^^^^^^^^^^

warning: function `citations` is never used
  --> src/model_port.rs:42:8
   |
42 | pub fn citations(text: &str, items: &[Value]) -> (Vec<Value>, usize) {
   |        ^^^^^^^^^

warning: struct `Request` is never constructed
  --> src/health_reader.rs:34:59
   |
34 | #[derive(Deserialize)]#[serde(deny_unknown_fields)]struct Request{version:u8,operation:String,payload:Query}
   |                                                           ^^^^^^^

warning: method `dispatch` is never used
  --> src/health_reader.rs:45:9
   |
38 | impl Reader{
   | ----------- method in this implementation
...
45 |  pub fn dispatch(&self,body:tauri::ipc::InvokeBody)->R<Value>{let tauri::ipc::InvokeBody::Raw(b)=body else{return Err(err("readonly_...
   |         ^^^^^^^^

warning: `lifeos-p3-152` (bin "lifeos-p3-152" test) generated 19 warnings (run `cargo fix --bin "lifeos-p3-152" -p lifeos-p3-152 --tests` to apply 4 suggestions)
    Finished `test` profile [unoptimized + debuginfo] target(s) in 2.14s
     Running unittests src/main.rs (/private/tmp/lifeos-p3-152-health-conversation-v1/target/debug/deps/lifeos_p3_152-a6496ef28f13cfdb)

running 1 test
test health_conversation_host::controlled_tests::remote_key_echo_is_never_persisted_or_returned ... FAILED

failures:

---- health_conversation_host::controlled_tests::remote_key_echo_is_never_persisted_or_returned stdout ----

thread 'health_conversation_host::controlled_tests::remote_key_echo_is_never_persisted_or_returned' (21228882) panicked at src/health_conversation_host/controlled_tests.rs:14:287:
assertion `left == right` failed
  left: Null
 right: "provider_response_rejected"
note: run with `RUST_BACKTRACE=1` environment variable to display a backtrace


failures:
    health_conversation_host::controlled_tests::remote_key_echo_is_never_persisted_or_returned

test result: FAILED. 0 passed; 1 failed; 0 ignored; 0 measured; 35 filtered out; finished in 0.05s

error: test failed, to rerun pass `--bin lifeos-p3-152`
