✔ no action for "他说“报告结论做完了”。" (0.580875ms)
✔ no action for "假如报告结论做完了就好了。" (0.079333ms)
✔ no action for "报告结论还没做完。" (0.377041ms)
✔ no action for "我不打算明天整理报告结论。" (0.230834ms)
✔ no action for "今天聊天挺有意思。" (0.065625ms)
✔ no action for "" (0.046291ms)
✔ no action for "我今天心情很好。" (0.070666ms)
✔ no action for "我明天可以做什么？" (0.031791ms)
✔ no action for "不要把报告标记为完成" (0.055833ms)
✔ no action for "如果我明天做这个呢？" (0.077042ms)
✔ natural conversation create adjust complete and immutable history (384.826167ms)
✔ same submission replay and different payload reject (19.293125ms)
✔ multiple targets clarify, plain natural target response resolves once (24.154375ms)
✔ single current target cancellation and terminal refusal (20.673792ms)
✔ stale expected version rejects late commit (21.632625ms)
✔ forged model intent and target rejected by real Host (19.3815ms)
✔ fault transaction rolls back all action assets and retains draft (65.987083ms)
✔ restart restores identity feedback and status, reads have no writes (71.252708ms)
✔ source expiry/revoke/correction preserves action and removes valid-basis claim (150.34725ms)
✔ conversation authorization denies writes before action append (64.335208ms)
✔ Application rejects fabricated model output before repository commit (0.2215ms)
✔ read recovery after lost commit response never resends model or write (18.748292ms)
✔ OfflineA and OfflineB operate same repository identity (19.319125ms)
✔ Today single Focus escapes content and never adds action buttons (0.198333ms)
✔ actual model suggestion stays candidate until explicit pronoun acceptance (1328.9285ms)
✔ multiple targets beyond first page cannot imply one (113.411541ms)
✔ expired packet and cancelled draft reject commits (57.175584ms)
✔ snapshot is read-only and incompatible v6 fields fail closed (17.753375ms)
✔ uncertain/historical expression does not create: 我明天整理报告吗 (0.132708ms)
✔ uncertain/historical expression does not create: 我今天写报告很累 (0.032042ms)
✔ uncertain/historical expression does not create: 我今天散步了 (0.02575ms)
✔ uncertain/historical expression does not create: 我明天可能整理报告 (0.032833ms)
✔ uncertain/historical expression does not create: 我明天整理报告，只是举例 (0.01425ms)
✔ completed history does not obscure the only current planned target (25.433459ms)
✔ stale model derivation cannot be accepted via pronoun (1367.648083ms)
✔ Host refuses changing confirmed content inside an otherwise valid parsed create (19.4685ms)
✔ closure generalized creation and exact withdrawal persist across restart (27.346167ms)
✔ closure no target or multiple normalized targets cannot silently cancel (25.971375ms)
✔ closure Host rejects arbitrary negativity and unsupported fallback forgery (23.268375ms)
ℹ tests 39
ℹ suites 0
ℹ pass 39
ℹ fail 0
ℹ cancelled 0
ℹ skipped 0
ℹ todo 0
ℹ duration_ms 3926.195833
