✔ strong-frame-unlisted-verb (0.606458ms)
✔ strong-frame-another-verb (0.192167ms)
✔ word-internal-negation (0.035917ms)
✔ withdraw-unique (0.059084ms)
✔ withdraw-no-target (0.074167ms)
✔ withdraw-multiple (0.04625ms)
✔ negative-new-intent (0.164708ms)
✔ negative-not-withdrawal (0.077625ms)
✔ cancelled-target (0.039ms)
✔ finished-target (0.070375ms)
✔ quoted-withdrawal (0.037084ms)
✔ hypothetical (0.0275ms)
✔ question (0.030292ms)
✔ uncertain (0.019958ms)
✔ conflicting-clauses (0.028ms)
✔ unsupported-explicit (0.035583ms)
✔ ordinary-chat (0.033375ms)
✔ cloud-affirmation (0.029042ms)
✔ parse-none cannot fall into chat for explicit intent (0.10275ms)
✔ unsupported explicit input never prepares disclosure and keeps draft (1.821959ms)
✔ unsupported no matching cancellation is honest local no-change (0.071041ms)
✔ unsupported read restoration does not parse or write (0.11725ms)
✔ late cancelled parsing cannot write (0.095875ms)
✔ legacy explicit negative new intent never becomes cancellation (0.02675ms)
ℹ tests 24
ℹ suites 0
ℹ pass 24
ℹ fail 0
ℹ cancelled 0
ℹ skipped 0
ℹ todo 0
ℹ duration_ms 42.107042
