✔ valid receipt none// (0.720208ms)
✔ valid receipt clarify// (0.06475ms)
✔ valid receipt action// (0.068ms)
✔ valid receipt condition_only/unknown/condition_unknown (0.061708ms)
✔ valid receipt condition_only/false/condition_false (0.050667ms)
✔ valid receipt condition_only/true/record_only (0.0375ms)
✔ valid receipt condition_and_action/true/ (0.040584ms)
✔ production confirm rejects wrong-turn before success (0.212666ms)
✔ production confirm rejects wrong-operation-identity before success (0.076792ms)
✔ production confirm rejects missing-event before success (0.138041ms)
✔ production confirm rejects invalid-action-version before success (0.063417ms)
✔ production confirm rejects unexpected-permission before success (0.049709ms)
✔ production confirm rejects false-action-condition before success (0.045792ms)
✔ production confirm rejects false-business-change before success (0.038208ms)
✔ production confirm rejects inconsistent-status before success (0.045458ms)
✔ production confirm rejects extra-receipt-field before success (0.043875ms)
✔ production confirm rejects oversized-reply before success (0.052875ms)
✔ none cannot disguise an action event (0.045042ms)
✔ condition-only reason must agree with truth (0.033667ms)
✔ retry preparation preserves terminal provider failure without another send (0.352ms)
ℹ tests 20
ℹ suites 0
ℹ pass 20
ℹ fail 0
ℹ cancelled 0
ℹ skipped 0
ℹ todo 0
ℹ duration_ms 40.228041
