✔ current UI file selection uses sole import IPC and refreshes terminal status (2.428833ms)
✔ failed start preserves the selected file across idle status and explicit retry (0.737792ms)
✔ starting and running cannot start another import or reopen picker (0.293125ms)
✔ current status restoration keeps original duplicate time without new samples (9.069875ms)
✔ HTML escaping applies to filename and unsupported types (0.247917ms)
✔ unknown failed counts are not fabricated totals (0.072916ms)
✔ Apple observation labels do not imply completeness, identity or revision (0.459334ms)
✔ actual frontend resolver excludes Apple batches and states under all purposes (1.485167ms)
✔ semantic partial success exposes skipped and unprojected without claiming complete coverage (0.129291ms)
✔ health excluded by actual resolver for every purpose, even active/status spoof (2.074417ms)
✔ health view shows unmerged sources, observation freshness, and no fabricated zero (9.699709ms)
✔ failed startup retry cannot overwrite typing between attempts (0.289042ms)
✔ remove uses stored turn identity even public preview has no turnId, cancels before rebuilding (0.498584ms)
✔ remove failure never leaves old send confirmation (0.098583ms)
✔ edit during removal cannot resurrect returned confirmation (0.130792ms)
✔ observation display uses envelope offset, receipt labels device time (0.213ms)
✔ authorized health expression remains usable while imported raw observations stay excluded (0.184167ms)
✔ raw health kind cannot be promoted by status, source, or eligibility spoof (0.157208ms)
ℹ tests 18
ℹ suites 0
ℹ pass 18
ℹ fail 0
ℹ cancelled 0
ℹ skipped 0
ℹ todo 0
ℹ duration_ms 50.336333
