✔ original bytes, persisted draft, once-only save and lost acknowledgement retry (702.028375ms)
✔ same text with distinct intentional turns is not deduplicated (20.927291ms)
✔ transaction failure before receipt leaves original/state/audit unchanged and draft recoverable (24.127833ms)
✔ invalid input rejects before mutation and arbitrary roots/profile cannot be selected (9.827458ms)
✔ one valuable clarification, irrelevant or already available evidence produces no question (21.84425ms)
✔ persistent question decision ignore (16.113167ms)
✔ persistent question decision refuse (15.707916ms)
✔ persistent question decision defer (16.13025ms)
✔ silence makes no state or implicit confirmation; deferred time can reopen same gap (131.183625ms)
✔ memory confirmation is single explicit intent, inference/source is not confirmation (19.876125ms)
✔ correction is atomic, preserves provenance and invalidates only dependent projections (23.084375ms)
✔ source version deduplication, identity isolation, version conflict and rollback (14.28625ms)
✔ revocation excludes all historical packets and model switching never revives source (22.956125ms)
✔ required layers budget is prewrite atomic, exact boundary and optional pruning (12.53775ms)
✔ expired evidence and request-local removal do not become current facts (10.791167ms)
✔ two actual offline adapters across process restarts preserve all authority and feedback (26.3215ms)
✔ health parser rejects missing/invalid units, field inflation, future times and unsupported sync (9.343584ms)
✔ database symlink is rejected before opening and sentinel stays unchanged (4.096791ms)
✔ authorized Markdown answers a relevant gap without asking again (10.809042ms)
✔ a fresh state makes superseded facts and their model packets unavailable (13.461ms)
✔ renderer cannot forge packet content or state projection while retaining valid refs (10.327125ms)
✔ correction commits its draft and restart does not resurrect that pending edit (16.856792ms)
✔ production secret code stays byte-exact but unlinked; original catalog and 20 IPC stay visible (1.356584ms)
✔ PM counterexample: nonexistent or unrelated feedback does not affect a pure packet or output (9.634875ms)
✔ feedback requires entire current target basis, removed or domain-excluded refs leave unrelated result unchanged across restart (32.780042ms)
✔ forged feedback packets are rejected by repository before packet audit or receipt writes (21.480667ms)
✔ revoked, expired and replaced target basis cannot carry feedback into fresh or stale packets (69.87175ms)
✔ type-changing or unparseable corrections reject atomically and keep draft original state and unrelated output after restart (46.782334ms)
✔ correction repository derives type and value from text and rejects forged missing null or out-of-range values (15.724041ms)
✔ same-type work and sleep corrections succeed, preserve unrelated projection, rollback on receipt failure and persist (17.735583ms)
ℹ tests 30
ℹ suites 0
ℹ pass 30
ℹ fail 0
ℹ cancelled 0
ℹ skipped 0
ℹ todo 0
ℹ duration_ms 1400.245792
