✔ default is lightweight and has one detail entry (26.247625ms)
✔ freshness stays per metric and does not claim coverage (0.220708ms)
✔ only one detail area and trend is secondary (4.108125ms)
✔ no fake chat or AI state (0.156667ms)
✔ initial calls are serial and keep existing contract (0.393375ms)
✔ overview error never claims imported or exposes error body (0.109625ms)
✔ null and absence remain gaps while zero stays real (0.080167ms)
✔ source escaping and empty states retained (0.21175ms)
✔ stale requests cannot replace the selected metric (0.107209ms)
✔ inactive auxiliary does not query and exit stops remaining overview requests (0.1275ms)
✔ exited detail request cannot publish late values (0.058ms)
✔ new entry has fresh instance and mode label never depends on global flag (0.142333ms)
✔ saving configuration and key does not test select or enable (5.724ms)
✔ explicit four steps are possible without implicit transitions (0.28675ms)
✔ failed key save preserves input and hides raw failure body (0.185333ms)
✔ pending action ignores second click and retains newer input (0.102666ms)
✔ fixed mask never follows length or displays malformed tail (0.132084ms)
✔ model dropdown starts unselected and enable unavailable after successful test (0.319917ms)
✔ Local mode has no key input or cloud model options (0.082083ms)
✔ unknown errors use a fixed message and timeout is not credential TTL (0.047334ms)
✔ entry is inert and exit rejects a late status (0.905916ms)
✔ search results escape originals and source asking remains separate (0.481042ms)
✔ disconnect requires distinct confirmation and supports reconnect (0.111125ms)
✔ real restored controls display fixed targets without starting an operation (0.054625ms)
✔ exit prevents late search from replacing prior results (0.089125ms)
ℹ tests 25
ℹ suites 0
ℹ pass 25
ℹ fail 0
ℹ cancelled 0
ℹ skipped 0
ℹ todo 0
ℹ duration_ms 106.675541
