✔ original bytes, persisted draft, once-only save and lost acknowledgement retry (27.751208ms)
✔ same text with distinct intentional turns is not deduplicated (18.643625ms)
✔ transaction failure before receipt leaves original/state/audit unchanged and draft recoverable (27.079375ms)
✔ invalid input rejects before mutation and arbitrary roots/profile cannot be selected (12.131417ms)
✔ one valuable clarification, irrelevant or already available evidence produces no question (26.349083ms)
✔ persistent question decision ignore (19.5175ms)
✔ persistent question decision refuse (24.621ms)
✔ persistent question decision defer (20.747042ms)
✔ silence makes no state or implicit confirmation; deferred time can reopen same gap (188.305333ms)
✔ memory confirmation is single explicit intent, inference/source is not confirmation (37.0465ms)
✔ correction is atomic, preserves provenance and invalidates only dependent projections (40.989209ms)
✔ source version deduplication, identity isolation, version conflict and rollback (16.721583ms)
✔ revocation excludes all historical packets and model switching never revives source (27.311167ms)
✔ required layers budget is prewrite atomic, exact boundary and optional pruning (18.201375ms)
✔ expired evidence and request-local removal do not become current facts (11.781875ms)
✔ two actual offline adapters across process restarts preserve all authority and feedback (34.279625ms)
✔ health parser rejects missing/invalid units, field inflation, future times and unsupported sync (12.161916ms)
✔ database symlink is rejected before opening and sentinel stays unchanged (5.134833ms)
✔ authorized Markdown answers a relevant gap without asking again (14.673917ms)
✔ a fresh state makes superseded facts and their model packets unavailable (16.413208ms)
✔ renderer cannot forge packet content or state projection while retaining valid refs (13.183166ms)
✔ correction commits its draft and restart does not resurrect that pending edit (19.481ms)
✔ production secret code stays byte-exact but unlinked; original catalog and 20 IPC plus approved five stay visible (1.364667ms)
✔ PM counterexample: nonexistent or unrelated feedback does not affect a pure packet or output (12.3085ms)
✔ feedback requires entire current target basis, removed or domain-excluded refs leave unrelated result unchanged across restart (38.9365ms)
✔ forged feedback packets are rejected by repository before packet audit or receipt writes (26.659541ms)
✔ revoked, expired and replaced target basis cannot carry feedback into fresh or stale packets (82.772792ms)
✔ type-changing or unparseable corrections reject atomically and keep draft original state and unrelated output after restart (53.7555ms)
✔ correction repository derives type and value from text and rejects forged missing null or out-of-range values (17.414375ms)
✔ same-type work and sleep corrections succeed, preserve unrelated projection, rollback on receipt failure and persist (22.20925ms)
ℹ tests 30
ℹ suites 0
ℹ pass 30
ℹ fail 0
ℹ cancelled 0
ℹ skipped 0
ℹ todo 0
ℹ duration_ms 927.225
