✔ original bytes, persisted draft, once-only save and lost acknowledgement retry (21.461541ms)
✔ same text with distinct intentional turns is not deduplicated (13.411375ms)
✔ transaction failure before receipt leaves original/state/audit unchanged and draft recoverable (19.374541ms)
✔ invalid input rejects before mutation and arbitrary roots/profile cannot be selected (12.199833ms)
✔ one valuable clarification, irrelevant or already available evidence produces no question (27.190541ms)
✔ persistent question decision ignore (19.44675ms)
✔ persistent question decision refuse (19.105959ms)
✔ persistent question decision defer (18.904083ms)
✔ silence makes no state or implicit confirmation; deferred time can reopen same gap (133.800583ms)
✔ memory confirmation is single explicit intent, inference/source is not confirmation (20.894875ms)
✔ correction is atomic, preserves provenance and invalidates only dependent projections (25.734709ms)
✔ source version deduplication, identity isolation, version conflict and rollback (15.250833ms)
✔ revocation excludes all historical packets and model switching never revives source (25.575625ms)
✔ required layers budget is prewrite atomic, exact boundary and optional pruning (14.774458ms)
✔ expired evidence and request-local removal do not become current facts (11.33225ms)
✔ two actual offline adapters across process restarts preserve all authority and feedback (30.194709ms)
✔ health parser rejects missing/invalid units, field inflation, future times and unsupported sync (9.942167ms)
✔ database symlink is rejected before opening and sentinel stays unchanged (5.159833ms)
✔ authorized Markdown answers a relevant gap without asking again (11.9155ms)
✔ a fresh state makes superseded facts and their model packets unavailable (13.8935ms)
✔ renderer cannot forge packet content or state projection while retaining valid refs (11.551375ms)
✔ correction commits its draft and restart does not resurrect that pending edit (18.352792ms)
✔ production secret code stays byte-exact but unlinked; original catalog and 20 IPC plus approved five stay visible (0.616458ms)
✔ PM counterexample: nonexistent or unrelated feedback does not affect a pure packet or output (11.585291ms)
✔ feedback requires entire current target basis, removed or domain-excluded refs leave unrelated result unchanged across restart (37.679583ms)
✔ forged feedback packets are rejected by repository before packet audit or receipt writes (24.289625ms)
✔ revoked, expired and replaced target basis cannot carry feedback into fresh or stale packets (78.643708ms)
✔ type-changing or unparseable corrections reject atomically and keep draft original state and unrelated output after restart (50.386333ms)
✔ correction repository derives type and value from text and rejects forged missing null or out-of-range values (17.699875ms)
✔ same-type work and sleep corrections succeed, preserve unrelated projection, rollback on receipt failure and persist (20.63275ms)
✔ approved source query feeds only bounded valid context, keeps configuration out, and disconnect survives replay and restart (317.2655ms)
ℹ tests 31
ℹ suites 0
ℹ pass 31
ℹ fail 0
ℹ cancelled 0
ℹ skipped 0
ℹ todo 0
ℹ duration_ms 1100.607333
