✔ default is lightweight and has one detail entry (22.475084ms)
✔ freshness stays per metric and does not claim coverage (0.211417ms)
✔ only one detail area and trend is secondary (3.152459ms)
✔ no fake chat or AI state (0.1215ms)
✔ initial calls are serial and keep existing contract (0.358375ms)
✔ overview error never claims imported or exposes error body (0.093584ms)
✔ null and absence remain gaps while zero stays real (0.068334ms)
✔ source escaping and empty states retained (0.142625ms)
✔ stale requests cannot replace the selected metric (0.097792ms)
✔ inactive auxiliary does not query and exit stops remaining overview requests (0.120375ms)
✔ exited detail request cannot publish late values (0.095584ms)
✔ new entry has fresh instance and mode label never depends on global flag (0.149625ms)
✔ saving configuration and key does not test select or enable (4.259958ms)
✔ explicit four steps are possible without implicit transitions (0.230917ms)
✔ failed key save preserves input and hides raw failure body (0.170792ms)
✔ pending action ignores second click and retains newer input (0.09325ms)
✔ fixed mask never follows length or displays malformed tail (0.128708ms)
✔ model dropdown starts unselected and enable unavailable after successful test (0.322042ms)
✔ Local mode has no key input or cloud model options (0.080875ms)
✔ unknown errors use a fixed message and timeout is not credential TTL (0.053208ms)
✔ entry is inert and exit rejects a late status (0.724834ms)
✔ search results escape originals and source asking remains separate (0.786875ms)
✔ disconnect requires distinct confirmation and supports reconnect (0.096083ms)
✔ real restored controls display fixed targets without starting an operation (0.065542ms)
✔ exit prevents late search from replacing prior results (0.083083ms)
ℹ tests 25
ℹ suites 0
ℹ pass 25
ℹ fail 0
ℹ cancelled 0
ℹ skipped 0
ℹ todo 0
ℹ duration_ms 72.162042
