✔ no action for "他说“报告结论做完了”。" (1.057833ms)
✔ no action for "假如报告结论做完了就好了。" (0.101917ms)
✔ no action for "报告结论还没做完。" (0.306125ms)
✔ no action for "我不打算明天整理报告结论。" (0.205458ms)
✔ no action for "今天聊天挺有意思。" (0.06125ms)
✔ no action for "" (0.043458ms)
✔ no action for "我今天心情很好。" (0.091792ms)
✔ no action for "我明天可以做什么？" (0.04075ms)
✔ no action for "不要把报告标记为完成" (0.141125ms)
✔ no action for "如果我明天做这个呢？" (0.068667ms)
✔ natural conversation create adjust complete and immutable history (387.671125ms)
✔ same submission replay and different payload reject (18.873209ms)
✔ multiple targets clarify, plain natural target response resolves once (24.049042ms)
✔ single current target cancellation and terminal refusal (22.614959ms)
✔ stale expected version rejects late commit (20.62375ms)
✔ forged model intent and target rejected by real Host (20.518792ms)
✔ fault transaction rolls back all action assets and retains draft (69.216166ms)
✔ restart restores identity feedback and status, reads have no writes (76.337166ms)
✔ source expiry/revoke/correction preserves action and removes valid-basis claim (162.639375ms)
✔ conversation authorization denies writes before action append (65.358625ms)
✔ Application rejects fabricated model output before repository commit (0.284459ms)
✔ read recovery after lost commit response never resends model or write (19.654834ms)
✔ OfflineA and OfflineB operate same repository identity (55.262875ms)
✔ Today single Focus escapes content and never adds action buttons (0.263666ms)
✔ actual model suggestion stays candidate until explicit pronoun acceptance (1344.786958ms)
✔ multiple targets beyond first page cannot imply one (101.7075ms)
✔ expired packet and cancelled draft reject commits (43.271083ms)
✔ snapshot is read-only and incompatible v6 fields fail closed (16.860666ms)
✔ uncertain/historical expression does not create: 我明天整理报告吗 (0.12125ms)
✔ uncertain/historical expression does not create: 我今天写报告很累 (0.02975ms)
✔ uncertain/historical expression does not create: 我今天散步了 (0.024084ms)
✔ uncertain/historical expression does not create: 我明天可能整理报告 (0.033375ms)
✔ uncertain/historical expression does not create: 我明天整理报告，只是举例 (0.01425ms)
✔ completed history does not obscure the only current planned target (25.592208ms)
✔ stale model derivation cannot be accepted via pronoun (1352.003542ms)
✔ Host refuses changing confirmed content inside an otherwise valid parsed create (19.224167ms)
✔ closure generalized creation and exact withdrawal persist across restart (26.107917ms)
✔ closure no target or multiple normalized targets cannot silently cancel (25.589666ms)
✔ closure Host rejects arbitrary negativity and unsupported fallback forgery (23.373292ms)
ℹ tests 39
ℹ suites 0
ℹ pass 39
ℹ fail 0
ℹ cancelled 0
ℹ skipped 0
ℹ todo 0
ℹ duration_ms 3964.125542
