✔ strong-frame-unlisted-verb (0.644333ms)
✔ strong-frame-another-verb (0.196ms)
✔ word-internal-negation (0.034417ms)
✔ withdraw-unique (0.058833ms)
✔ withdraw-no-target (0.085167ms)
✔ withdraw-multiple (0.038292ms)
✔ negative-new-intent (0.167625ms)
✔ negative-not-withdrawal (0.081833ms)
✔ cancelled-target (0.038625ms)
✔ finished-target (0.076916ms)
✔ quoted-withdrawal (0.036083ms)
✔ hypothetical (0.028583ms)
✔ question (0.030958ms)
✔ uncertain (0.021584ms)
✔ conflicting-clauses (0.027625ms)
✔ unsupported-explicit (0.046708ms)
✔ ordinary-chat (0.027917ms)
✔ cloud-affirmation (0.023667ms)
✔ parse-none cannot fall into chat for explicit intent (0.140208ms)
✔ unsupported explicit input never prepares disclosure and keeps draft (1.810709ms)
✔ unsupported no matching cancellation is honest local no-change (0.061125ms)
✔ unsupported read restoration does not parse or write (0.1185ms)
✔ late cancelled parsing cannot write (0.090791ms)
✔ legacy explicit negative new intent never becomes cancellation (0.025042ms)
ℹ tests 24
ℹ suites 0
ℹ pass 24
ℹ fail 0
ℹ cancelled 0
ℹ skipped 0
ℹ todo 0
ℹ duration_ms 45.402042
