✔ valid receipt none// (0.837792ms)
✔ valid receipt clarify// (0.07925ms)
✔ valid receipt action// (0.071042ms)
✔ valid receipt condition_only/unknown/condition_unknown (0.067625ms)
✔ valid receipt condition_only/false/condition_false (0.051542ms)
✔ valid receipt condition_only/true/record_only (0.039833ms)
✔ valid receipt condition_and_action/true/ (0.041625ms)
✔ production confirm rejects wrong-turn before success (0.21225ms)
✔ production confirm rejects wrong-operation-identity before success (0.076708ms)
✔ production confirm rejects missing-event before success (0.119042ms)
✔ production confirm rejects invalid-action-version before success (0.066958ms)
✔ production confirm rejects unexpected-permission before success (0.058167ms)
✔ production confirm rejects false-action-condition before success (0.103625ms)
✔ production confirm rejects false-business-change before success (0.05925ms)
✔ production confirm rejects inconsistent-status before success (0.040042ms)
✔ production confirm rejects extra-receipt-field before success (0.04275ms)
✔ production confirm rejects oversized-reply before success (0.054542ms)
✔ none cannot disguise an action event (0.050333ms)
✔ condition-only reason must agree with truth (0.056ms)
✔ retry preparation preserves terminal provider failure without another send (0.425416ms)
ℹ tests 20
ℹ suites 0
ℹ pass 20
ℹ fail 0
ℹ cancelled 0
ℹ skipped 0
ℹ todo 0
ℹ duration_ms 43.474583
