{
  "passed": 6,
  "total": 6,
  "networkCalls": 0,
  "restart": {
    "fixture": "p158-c1-c132a955-13ab-4cf4-b840-b14be34cb232",
    "pids": [
      57406,
      57411
    ],
    "oldQuestion": "q:health:available_time:d6790ecabde8d9e1bf22428003c29c53",
    "newQuestion": "q:health:available_time:fd050eb7953d111af2e1ec80a0647f8b"
  },
  "results": [
    {
      "name": "expired answered information opens one new gap; history untouched",
      "pass": true
    },
    {
      "name": "valid replacement state answers gap; expired or revoked state does not",
      "pass": true
    },
    {
      "name": "source availability is usable only when current and authorized",
      "pass": true
    },
    {
      "name": "reject remains durable; deferred and ignored respect their scope",
      "pass": true
    },
    {
      "name": "prior answered domain is not an authorization or domain for a new ambiguous request",
      "pass": true
    },
    {
      "name": "expired persisted state after independent restart permits new question and retains old answered row",
      "pass": true
    }
  ]
}
