✔ current UI file selection uses sole import IPC and refreshes terminal status (2.827042ms)
✔ failed start preserves the selected file across idle status and explicit retry (0.742375ms)
✔ starting and running cannot start another import or reopen picker (0.336667ms)
✔ current status restoration keeps original duplicate time without new samples (8.271542ms)
✔ HTML escaping applies to filename and unsupported types (0.28375ms)
✔ unknown failed counts are not fabricated totals (0.102666ms)
✔ Apple observation labels do not imply completeness, identity or revision (0.452166ms)
✔ actual frontend resolver excludes Apple batches and states under all purposes (1.397458ms)
✔ semantic partial success exposes skipped and unprojected without claiming complete coverage (0.110916ms)
✔ health excluded by actual resolver for every purpose, even active/status spoof (2.42275ms)
✔ health view shows unmerged sources, observation freshness, and no fabricated zero (10.203166ms)
✔ failed startup retry cannot overwrite typing between attempts (0.289833ms)
✔ remove uses stored turn identity even public preview has no turnId, cancels before rebuilding (0.596417ms)
✔ remove failure never leaves old send confirmation (0.120792ms)
✔ edit during removal cannot resurrect returned confirmation (0.138916ms)
✔ observation display uses envelope offset, receipt labels device time (0.148042ms)
✔ authorized health expression remains usable while imported raw observations stay excluded (0.141ms)
✔ raw health kind cannot be promoted by status, source, or eligibility spoof (0.09175ms)
ℹ tests 18
ℹ suites 0
ℹ pass 18
ℹ fail 0
ℹ cancelled 0
ℹ skipped 0
ℹ todo 0
ℹ duration_ms 51.921667
