✔ default is lightweight and has one detail entry (10.924291ms)
✔ freshness stays per metric and does not claim coverage (0.193834ms)
✔ only one detail area and trend is secondary (3.240375ms)
✔ no fake chat or AI state (0.16575ms)
✔ initial calls are serial and keep existing contract (0.529792ms)
✔ overview error never claims imported or exposes error body (0.320375ms)
✔ null and absence remain gaps while zero stays real (0.164083ms)
✔ source escaping and empty states retained (0.334375ms)
✔ stale requests cannot replace the selected metric (0.192041ms)
✔ inactive auxiliary does not query and exit stops remaining overview requests (0.210625ms)
✔ exited detail request cannot publish late values (0.111333ms)
✔ new entry has fresh instance and mode label never depends on global flag (1.298209ms)
✔ saving configuration and key does not test select or enable (2.255375ms)
✔ explicit four steps are possible without implicit transitions (0.307291ms)
✔ failed key save preserves input and hides raw failure body (0.34ms)
✔ pending action ignores second click and retains newer input (0.275375ms)
✔ fixed mask never follows length or displays malformed tail (0.190125ms)
✔ model dropdown starts unselected and enable unavailable after successful test (0.555ms)
✔ Local mode has no key input or cloud model options (0.110458ms)
✔ unknown errors use a fixed message and timeout is not credential TTL (0.146625ms)
✔ entry is inert and exit rejects a late status (0.616416ms)
✔ search results escape originals and source asking remains separate (0.490833ms)
✔ disconnect requires distinct confirmation and supports reconnect (0.113583ms)
✔ real restored controls display fixed targets without starting an operation (0.057208ms)
✔ exit prevents late search from replacing prior results (0.084458ms)
ℹ tests 25
ℹ suites 0
ℹ pass 25
ℹ fail 0
ℹ cancelled 0
ℹ skipped 0
ℹ todo 0
ℹ duration_ms 107.578667
