✔ no action for "他说“报告结论做完了”。" (0.551042ms)
✔ no action for "假如报告结论做完了就好了。" (0.072917ms)
✔ no action for "报告结论还没做完。" (0.285583ms)
✔ no action for "我不打算明天整理报告结论。" (0.199125ms)
✔ no action for "今天聊天挺有意思。" (0.056084ms)
✔ no action for "" (0.045ms)
✔ no action for "我今天心情很好。" (0.046333ms)
✔ no action for "我明天可以做什么？" (0.029791ms)
✔ no action for "不要把报告标记为完成" (0.048292ms)
✔ no action for "如果我明天做这个呢？" (0.081666ms)
✔ natural conversation create adjust complete and immutable history (603.795458ms)
✔ same submission replay and different payload reject (21.588875ms)
✔ multiple targets clarify, plain natural target response resolves once (26.86875ms)
✔ single current target cancellation and terminal refusal (20.414125ms)
✔ stale expected version rejects late commit (21.518542ms)
✔ forged model intent and target rejected by real Host (19.5025ms)
✔ fault transaction rolls back all action assets and retains draft (68.459875ms)
✔ restart restores identity feedback and status, reads have no writes (72.956125ms)
✔ source expiry/revoke/correction preserves action and removes valid-basis claim (151.992834ms)
✔ conversation authorization denies writes before action append (65.87ms)
✔ Application rejects fabricated model output before repository commit (0.199041ms)
✔ read recovery after lost commit response never resends model or write (18.748041ms)
✔ OfflineA and OfflineB operate same repository identity (19.136917ms)
✔ Today single Focus escapes content and never adds action buttons (0.199292ms)
✔ actual model suggestion stays candidate until explicit pronoun acceptance (1330.662125ms)
✔ multiple targets beyond first page cannot imply one (112.337292ms)
✔ expired packet and cancelled draft reject commits (44.437375ms)
✔ snapshot is read-only and incompatible v6 fields fail closed (16.81775ms)
✔ uncertain/historical expression does not create: 我明天整理报告吗 (0.110416ms)
✔ uncertain/historical expression does not create: 我今天写报告很累 (0.027458ms)
✔ uncertain/historical expression does not create: 我今天散步了 (0.02225ms)
✔ uncertain/historical expression does not create: 我明天可能整理报告 (0.044333ms)
✔ uncertain/historical expression does not create: 我明天整理报告，只是举例 (0.038ms)
✔ completed history does not obscure the only current planned target (25.618333ms)
✔ stale model derivation cannot be accepted via pronoun (1328.912166ms)
✔ Host refuses changing confirmed content inside an otherwise valid parsed create (18.388625ms)
✔ closure generalized creation and exact withdrawal persist across restart (25.482417ms)
✔ closure no target or multiple normalized targets cannot silently cancel (23.481333ms)
✔ closure Host rejects arbitrary negativity and unsupported fallback forgery (22.11875ms)
ℹ tests 39
ℹ suites 0
ℹ pass 39
ℹ fail 0
ℹ cancelled 0
ℹ skipped 0
ℹ todo 0
ℹ duration_ms 4098.578125
