✔ strong-frame-unlisted-verb (0.665125ms)
✔ strong-frame-another-verb (0.202875ms)
✔ word-internal-negation (0.060625ms)
✔ withdraw-unique (0.103833ms)
✔ withdraw-no-target (0.091083ms)
✔ withdraw-multiple (0.052375ms)
✔ negative-new-intent (0.171416ms)
✔ negative-not-withdrawal (0.080334ms)
✔ cancelled-target (0.042542ms)
✔ finished-target (0.076125ms)
✔ quoted-withdrawal (0.062208ms)
✔ hypothetical (0.02975ms)
✔ question (0.030166ms)
✔ uncertain (0.022625ms)
✔ conflicting-clauses (0.026833ms)
✔ unsupported-explicit (0.031ms)
✔ ordinary-chat (0.028167ms)
✔ cloud-affirmation (0.0415ms)
✔ parse-none cannot fall into chat for explicit intent (0.110292ms)
✔ unsupported explicit input never prepares disclosure and keeps draft (1.70575ms)
✔ unsupported no matching cancellation is honest local no-change (0.062334ms)
✔ unsupported read restoration does not parse or write (0.119208ms)
✔ late cancelled parsing cannot write (0.089291ms)
✔ legacy explicit negative new intent never becomes cancellation (0.023625ms)
ℹ tests 24
ℹ suites 0
ℹ pass 24
ℹ fail 0
ℹ cancelled 0
ℹ skipped 0
ℹ todo 0
ℹ duration_ms 42.895416
