✔ current UI file selection uses sole import IPC and refreshes terminal status (3.128167ms)
✔ failed start preserves the selected file across idle status and explicit retry (0.667167ms)
✔ starting and running cannot start another import or reopen picker (0.308958ms)
✔ current status restoration keeps original duplicate time without new samples (21.144333ms)
✔ HTML escaping applies to filename and unsupported types (0.19ms)
✔ unknown failed counts are not fabricated totals (0.0505ms)
✔ Apple observation labels do not imply completeness, identity or revision (0.370792ms)
✔ actual frontend resolver excludes Apple batches and states under all purposes (1.343166ms)
✔ semantic partial success exposes skipped and unprojected without claiming complete coverage (0.232792ms)
✔ health excluded by actual resolver for every purpose, even active/status spoof (2.127334ms)
✔ health view shows unmerged sources, observation freshness, and no fabricated zero (23.936375ms)
✔ failed startup retry cannot overwrite typing between attempts (0.304834ms)
✔ remove uses stored turn identity even public preview has no turnId, cancels before rebuilding (0.512ms)
✔ remove failure never leaves old send confirmation (0.102541ms)
✔ edit during removal cannot resurrect returned confirmation (0.191667ms)
✔ observation display uses envelope offset, receipt labels device time (0.136334ms)
✔ authorized health expression remains usable while imported raw observations stay excluded (0.26275ms)
✔ raw health kind cannot be promoted by status, source, or eligibility spoof (0.129167ms)
ℹ tests 18
ℹ suites 0
ℹ pass 18
ℹ fail 0
ℹ cancelled 0
ℹ skipped 0
ℹ todo 0
ℹ duration_ms 63.985833
