✔ default is lightweight and has one detail entry (11.364209ms)
✔ freshness stays per metric and does not claim coverage (0.162917ms)
✔ only one detail area and trend is secondary (2.216875ms)
✔ no fake chat or AI state (0.116416ms)
✔ initial calls are serial and keep existing contract (0.3445ms)
✔ overview error never claims imported or exposes error body (0.086917ms)
✔ null and absence remain gaps while zero stays real (0.096375ms)
✔ source escaping and empty states retained (0.209792ms)
✔ stale requests cannot replace the selected metric (0.112875ms)
✔ inactive auxiliary does not query and exit stops remaining overview requests (0.126416ms)
✔ exited detail request cannot publish late values (0.057958ms)
✔ new entry has fresh instance and mode label never depends on global flag (0.130708ms)
✔ saving configuration and key does not test select or enable (1.969666ms)
✔ explicit four steps are possible without implicit transitions (0.204209ms)
✔ failed key save preserves input and hides raw failure body (0.164416ms)
✔ pending action ignores second click and retains newer input (0.09425ms)
✔ fixed mask never follows length or displays malformed tail (0.238125ms)
✔ model dropdown starts unselected and enable unavailable after successful test (0.32625ms)
✔ Local mode has no key input or cloud model options (0.087583ms)
✔ unknown errors use a fixed message and timeout is not credential TTL (0.049583ms)
✔ entry is inert and exit rejects a late status (0.465959ms)
✔ search results escape originals and source asking remains separate (0.503042ms)
✔ disconnect requires distinct confirmation and supports reconnect (0.11825ms)
✔ real restored controls display fixed targets without starting an operation (0.056292ms)
✔ exit prevents late search from replacing prior results (0.090542ms)
ℹ tests 25
ℹ suites 0
ℹ pass 25
ℹ fail 0
ℹ cancelled 0
ℹ skipped 0
ℹ todo 0
ℹ duration_ms 51.041583
