✔ no action for "他说“报告结论做完了”。" (0.577666ms)
✔ no action for "假如报告结论做完了就好了。" (0.086333ms)
✔ no action for "报告结论还没做完。" (0.2915ms)
✔ no action for "我不打算明天整理报告结论。" (0.205375ms)
✔ no action for "今天聊天挺有意思。" (0.057791ms)
✔ no action for "" (0.043292ms)
✔ no action for "我今天心情很好。" (0.062541ms)
✔ no action for "我明天可以做什么？" (0.029791ms)
✔ no action for "不要把报告标记为完成" (0.051292ms)
✔ no action for "如果我明天做这个呢？" (0.064917ms)
✔ natural conversation create adjust complete and immutable history (598.792458ms)
✔ same submission replay and different payload reject (19.030583ms)
✔ multiple targets clarify, plain natural target response resolves once (25.548208ms)
✔ single current target cancellation and terminal refusal (22.685917ms)
✔ stale expected version rejects late commit (22.145709ms)
✔ forged model intent and target rejected by real Host (20.830833ms)
✔ fault transaction rolls back all action assets and retains draft (67.773708ms)
✔ restart restores identity feedback and status, reads have no writes (72.84125ms)
✔ source expiry/revoke/correction preserves action and removes valid-basis claim (151.973958ms)
✔ conversation authorization denies writes before action append (64.86975ms)
✔ Application rejects fabricated model output before repository commit (0.187709ms)
✔ read recovery after lost commit response never resends model or write (19.352417ms)
✔ OfflineA and OfflineB operate same repository identity (19.084333ms)
✔ Today single Focus escapes content and never adds action buttons (0.17525ms)
✔ actual model suggestion stays candidate until explicit pronoun acceptance (1300.074666ms)
✔ multiple targets beyond first page cannot imply one (107.13075ms)
✔ expired packet and cancelled draft reject commits (45.731917ms)
✔ snapshot is read-only and incompatible v6 fields fail closed (16.416292ms)
✔ uncertain/historical expression does not create: 我明天整理报告吗 (0.123042ms)
✔ uncertain/historical expression does not create: 我今天写报告很累 (0.026958ms)
✔ uncertain/historical expression does not create: 我今天散步了 (0.0245ms)
✔ uncertain/historical expression does not create: 我明天可能整理报告 (0.032042ms)
✔ uncertain/historical expression does not create: 我明天整理报告，只是举例 (0.012ms)
✔ completed history does not obscure the only current planned target (23.6625ms)
✔ stale model derivation cannot be accepted via pronoun (1334.257709ms)
✔ Host refuses changing confirmed content inside an otherwise valid parsed create (19.725083ms)
✔ closure generalized creation and exact withdrawal persist across restart (27.2515ms)
✔ closure no target or multiple normalized targets cannot silently cancel (26.200583ms)
✔ closure Host rejects arbitrary negativity and unsupported fallback forgery (23.942292ms)
ℹ tests 39
ℹ suites 0
ℹ pass 39
ℹ fail 0
ℹ cancelled 0
ℹ skipped 0
ℹ todo 0
ℹ duration_ms 4070.330708
