✔ strong-frame-unlisted-verb (0.649833ms)
✔ strong-frame-another-verb (0.185541ms)
✔ word-internal-negation (0.038708ms)
✔ withdraw-unique (0.058917ms)
✔ withdraw-no-target (0.076167ms)
✔ withdraw-multiple (0.042375ms)
✔ negative-new-intent (0.17725ms)
✔ negative-not-withdrawal (0.0765ms)
✔ cancelled-target (0.040625ms)
✔ finished-target (0.074917ms)
✔ quoted-withdrawal (0.051625ms)
✔ hypothetical (0.02975ms)
✔ question (0.031417ms)
✔ uncertain (0.020416ms)
✔ conflicting-clauses (0.027208ms)
✔ unsupported-explicit (0.029959ms)
✔ ordinary-chat (0.027583ms)
✔ cloud-affirmation (0.039375ms)
✔ parse-none cannot fall into chat for explicit intent (0.088083ms)
✔ unsupported explicit input never prepares disclosure and keeps draft (1.665917ms)
✔ unsupported no matching cancellation is honest local no-change (0.08075ms)
✔ unsupported read restoration does not parse or write (0.134208ms)
✔ late cancelled parsing cannot write (0.110208ms)
✔ legacy explicit negative new intent never becomes cancellation (0.026084ms)
ℹ tests 24
ℹ suites 0
ℹ pass 24
ℹ fail 0
ℹ cancelled 0
ℹ skipped 0
ℹ todo 0
ℹ duration_ms 44.38125
