✔ current UI file selection uses sole import IPC and refreshes terminal status (2.6345ms)
✔ failed start preserves the selected file across idle status and explicit retry (0.683792ms)
✔ starting and running cannot start another import or reopen picker (0.431083ms)
✔ current status restoration keeps original duplicate time without new samples (20.780291ms)
✔ HTML escaping applies to filename and unsupported types (0.167917ms)
✔ unknown failed counts are not fabricated totals (0.045875ms)
✔ Apple observation labels do not imply completeness, identity or revision (0.373375ms)
✔ actual frontend resolver excludes Apple batches and states under all purposes (1.431083ms)
✔ semantic partial success exposes skipped and unprojected without claiming complete coverage (0.1225ms)
✔ health excluded by actual resolver for every purpose, even active/status spoof (2.590417ms)
✔ health view shows unmerged sources, observation freshness, and no fabricated zero (22.640583ms)
✔ failed startup retry cannot overwrite typing between attempts (0.283875ms)
✔ remove uses stored turn identity even public preview has no turnId, cancels before rebuilding (0.565ms)
✔ remove failure never leaves old send confirmation (0.122709ms)
✔ edit during removal cannot resurrect returned confirmation (0.138625ms)
✔ observation display uses envelope offset, receipt labels device time (0.135833ms)
✔ authorized health expression remains usable while imported raw observations stay excluded (0.151083ms)
✔ raw health kind cannot be promoted by status, source, or eligibility spoof (0.089125ms)
ℹ tests 18
ℹ suites 0
ℹ pass 18
ℹ fail 0
ℹ cancelled 0
ℹ skipped 0
ℹ todo 0
ℹ duration_ms 65.423833
