✔ default is lightweight and has one detail entry (9.496417ms)
✔ freshness stays per metric and does not claim coverage (0.214583ms)
✔ only one detail area and trend is secondary (2.117292ms)
✔ no fake chat or AI state (0.10225ms)
✔ initial calls are serial and keep existing contract (0.353625ms)
✔ overview error never claims imported or exposes error body (0.087917ms)
✔ null and absence remain gaps while zero stays real (0.120125ms)
✔ source escaping and empty states retained (0.206625ms)
✔ stale requests cannot replace the selected metric (0.102625ms)
✔ inactive auxiliary does not query and exit stops remaining overview requests (0.115125ms)
✔ exited detail request cannot publish late values (0.057459ms)
✔ new entry has fresh instance and mode label never depends on global flag (0.129708ms)
✔ saving configuration and key does not test select or enable (1.794ms)
✔ explicit four steps are possible without implicit transitions (0.197709ms)
✔ failed key save preserves input and hides raw failure body (0.339416ms)
✔ pending action ignores second click and retains newer input (0.218334ms)
✔ fixed mask never follows length or displays malformed tail (0.245958ms)
✔ model dropdown starts unselected and enable unavailable after successful test (0.466416ms)
✔ Local mode has no key input or cloud model options (0.086083ms)
✔ unknown errors use a fixed message and timeout is not credential TTL (0.051917ms)
✔ entry is inert and exit rejects a late status (0.398375ms)
✔ search results escape originals and source asking remains separate (0.421667ms)
✔ disconnect requires distinct confirmation and supports reconnect (0.106208ms)
✔ real restored controls display fixed targets without starting an operation (0.056291ms)
✔ exit prevents late search from replacing prior results (0.12875ms)
ℹ tests 25
ℹ suites 0
ℹ pass 25
ℹ fail 0
ℹ cancelled 0
ℹ skipped 0
ℹ todo 0
ℹ duration_ms 49.738125
