^D    Updating crates.io index
 Downloading crates ...
  Downloaded tauri-cli v2.11.4
  Installing tauri-cli v2.11.4
warning: default toolchain implicitly overridden with `1.98.0-aarch64-apple-darwin` by rustup toolchain file
  |
  = help: use `cargo +stable install` if you meant to use the stable toolchain
  = note: rustup selects the toolchain based on the parent environment and not the environment of the package being installed
    Updating crates.io index
warning: spurious network error (3 tries remaining): [92] Stream error in the HTTP/2 framing layer (HTTP/2 stream 147 was not closed cleanly: PROTOCOL_ERROR (err 1))
warning: spurious network error (3 tries remaining): [92] Stream error in the HTTP/2 framing layer (HTTP/2 stream 345 was not closed cleanly: PROTOCOL_ERROR (err 1))
warning: spurious network error (3 tries remaining): [92] Stream error in the HTTP/2 framing layer (HTTP/2 stream 215 was not closed cleanly: PROTOCOL_ERROR (err 1))
warning: package `spin v0.9.8` in Cargo.lock is yanked in registry `crates-io`
  |
  = help: consider running without --locked
    Updating crates.io index
 Downloading crates ...
  Downloaded itoa v1.0.14
  Downloaded http-body v1.0.1
  Downloaded http-body-util v0.1.2
  Downloaded httpdate v1.0.3
  Downloaded icu_provider_macros v1.5.0
  Downloaded idna_adapter v1.2.0
  Downloaded ctr v0.9.2
  Downloaded json5 v0.4.1
  Downloaded http-body v0.4.6
  Downloaded include_dir_macros v0.7.4
  Downloaded asn1-rs-impl v0.1.0
  Downloaded is_terminal_polyfill v1.70.1
  Downloaded is_executable v1.0.4
  Downloaded include_dir v0.7.4
  Downloaded inout v0.1.3
  Downloaded ident_case v1.0.1
  Downloaded noop_proc_macro v0.3.0
  Downloaded new_debug_unreachable v1.0.6
  Downloaded humantime v2.1.0
  Downloaded imagesize v0.13.0
  Downloaded jsonrpsee v0.24.7
  Downloaded borrow-or-share v0.2.2
  Downloaded maybe-rayon v0.1.1
  Downloaded loop9 v0.1.5
  Downloaded asn1-rs-derive v0.4.0
  Downloaded assert-unchecked v0.1.2
  Downloaded json-patch v3.0.1
  Downloaded arg_enum_proc_macro v0.3.4
  Downloaded is-terminal v0.4.13
  Downloaded cow-utils v0.1.3
  Downloaded colorchoice v1.0.3
  Downloaded bit_field v0.10.2
  Downloaded rfc6979 v0.4.0
  Downloaded block-padding v0.3.3
  Downloaded ctor-proc-macro v0.0.7
  Downloaded cfg_aliases v0.2.1
  Downloaded common-path v1.0.0
  Downloaded anstyle-query v1.1.2
  Downloaded bitvec-nom2 v0.2.1
  Downloaded color_quant v1.1.0
  Downloaded infer v0.19.0
  Downloaded arrayref v0.3.9
  Downloaded cssparser-macros v0.6.1
  Downloaded cfg-if v1.0.1
  Downloaded core_maths v0.1.0
  Downloaded jsonrpsee-client-transport v0.24.7
  Downloaded shared_thread v0.2.0
  Downloaded lebe v0.5.2
  Downloaded jsonrpsee-ws-client v0.24.7
  Downloaded nonmax v0.5.5
  Downloaded byteorder v1.5.0
  Downloaded system-configuration-sys v0.5.0
  Downloaded aligned-vec v0.5.0
  Downloaded bytesize v1.3.0
  Downloaded castaway v0.2.3
  Downloaded ar v0.9.0
  Downloaded base16ct v0.2.0
  Downloaded java-properties v2.0.0
  Downloaded block-buffer v0.10.4
  Downloaded sync_wrapper v0.1.2
  Downloaded sval_ref v2.13.2
  Downloaded bytecount v0.6.8
  Downloaded crypto-common v0.1.6
  Downloaded clap_lex v0.7.4
  Downloaded byteorder-lite v0.1.0
  Downloaded notify-types v2.0.0
  Downloaded cpio-archive v0.9.0
  Downloaded atomic-waker v1.1.2
  Downloaded magic_string v0.3.4
  Downloaded lockfree-object-pool v0.1.6
  Downloaded jsonrpsee-types v0.24.7
  Downloaded apple-flat-package v0.18.0
  Downloaded zerofrom v0.1.5
  Downloaded string_cache_codegen v0.6.1
  Downloaded unic-char-range v0.9.0
  Downloaded hyper-rustls v0.24.2
  Downloaded cpufeatures v0.2.16
  Downloaded anstyle v1.0.10
  Downloaded avif-serialize v0.8.2
  Downloaded bit-set v0.8.0
  Downloaded apple-bundles v0.19.0
  Downloaded md-5 v0.10.6
  Downloaded lazy_static v1.5.0
  Downloaded addr2line v0.24.2
  Downloaded route-recognizer v0.3.1
  Downloaded unicode-bidi-mirroring v0.4.0
  Downloaded utf16_iter v1.0.5
  Downloaded derive_builder_macro v0.20.2
  Downloaded oxc_estree v0.36.0
  Downloaded autocfg v1.4.0
  Downloaded ctor v0.8.0
  Downloaded vlq v0.5.1
  Downloaded mime v0.3.17
  Downloaded markup5ever v0.38.0
  Downloaded schemars_derive v0.8.21
  Downloaded smawk v0.3.2
  Downloaded precomputed-hash v0.1.1
  Downloaded io-lifetimes v1.0.11
  Downloaded iana-time-zone v0.1.61
  Downloaded cipher v0.4.4
  Downloaded crossbeam-deque v0.8.6
  Downloaded apple-xar v0.18.0
  Downloaded wasm-bindgen-macro v0.2.125
  Downloaded signal-hook-registry v1.4.2
  Downloaded num v0.4.3
  Downloaded terminal_size v0.2.6
  Downloaded v_frame v0.3.8
  Downloaded libz-rs-sys v0.5.0
  Downloaded funty v2.0.0
  Downloaded anstyle-parse v0.2.6
  Downloaded arrayvec v0.7.6
  Downloaded bit-vec v0.8.0
  Downloaded sec1 v0.7.3
  Downloaded rgb v0.8.50
  Downloaded axum-core v0.5.2
  Downloaded servo_arc v0.4.3
  Downloaded unicode-xid v0.2.6
  Downloaded num-conv v0.1.0
  Downloaded cookie-factory v0.3.3
  Downloaded heck v0.5.0
  Downloaded pin-utils v0.1.0
  Downloaded toml_writer v1.0.6+spec-1.1.0
  Downloaded inlinable_string v0.1.15
  Downloaded aead v0.5.2
  Downloaded dirs v6.0.0
  Downloaded jobserver v0.1.32
  Downloaded static_assertions v1.1.0
  Downloaded ipnet v2.10.1
  Downloaded sval_buffer v2.13.2
  Downloaded xattr v1.4.0
  Downloaded profiling-procmacros v1.0.16
  Downloaded notify-debouncer-full v0.6.0
  Downloaded scroll_derive v0.12.0
  Downloaded bitflags v1.3.2
  Downloaded cbc v0.1.2
  Downloaded rustls-pemfile v1.0.4
  Downloaded serde-xml-rs v0.6.0
  Downloaded built v0.7.5
  Downloaded core-foundation v0.9.4
  Downloaded simplecss v0.2.2
  Downloaded unic-common v0.9.0
  Downloaded data-url v0.3.1
  Downloaded env_filter v0.1.3
  Downloaded ref-cast-impl v1.0.23
  Downloaded lock_api v0.4.12
  Downloaded minicbor-derive v0.13.0
  Downloaded local-ip-address v0.6.3
  Downloaded oxc-miette-derive v1.0.2
  Downloaded try-lock v0.2.5
  Downloaded icu_locid_transform v1.5.0
  Downloaded async-trait v0.1.88
  Downloaded anstream v0.6.18
  Downloaded value-bag-serde1 v1.12.0
  Downloaded ravif v0.11.11
  Downloaded sval_dynamic v2.13.2
  Downloaded zerovec-derive v0.10.3
  Downloaded radium v0.7.0
  Downloaded konst_kernel v0.3.15
  Downloaded litemap v0.7.4
  Downloaded oid-registry v0.6.1
  Downloaded xmlwriter v0.1.0
  Downloaded thiserror-impl v2.0.12
  Downloaded icu_normalizer_data v1.5.0
  Downloaded core-foundation v0.10.0
  Downloaded icu_locid_transform_data v1.5.0
  Downloaded clap_derive v4.5.24
  Downloaded base64ct v1.6.0
  Downloaded bitstream-io v2.3.0
  Downloaded pem v3.0.4
  Downloaded serde-value v0.7.0
  Downloaded siphasher v1.0.1
  Downloaded toml_datetime v0.7.5+spec-1.1.0
  Downloaded writeable v0.5.5
  Downloaded futures-executor v0.3.31
  Downloaded semver v1.0.24
  Downloaded num-order v1.2.0
  Downloaded rustc-hash v2.1.1
  Downloaded salsa20 v0.10.2
  Downloaded memmap2 v0.9.11
  Downloaded phf_generator v0.11.3
  Downloaded phf_shared v0.13.1
  Downloaded want v0.3.1
  Downloaded outref v0.5.1
  Downloaded crc32fast v1.4.2
  Downloaded minicbor v0.20.0
  Downloaded bzip2 v0.4.4
  Downloaded av1-grain v0.2.3
  Downloaded futures-sink v0.3.31
  Downloaded console v0.15.10
  Downloaded core-foundation-sys v0.8.7
  Downloaded serde_path_to_error v0.1.16
  Downloaded utf8_iter v1.0.4
  Downloaded dirs-sys v0.5.0
  Downloaded paste v1.0.15
  Downloaded erased-serde v0.4.9
  Downloaded env_home v0.1.0
  Downloaded foldhash v0.2.0
  Downloaded oxc_ast_macros v0.36.0
  Downloaded matchit v0.8.4
  Downloaded minisign v0.7.3
  Downloaded jsonrpsee-server v0.24.7
  Downloaded crossbeam-utils v0.8.21
  Downloaded colored v2.2.0
  Downloaded httparse v1.9.5
  Downloaded icu_normalizer v1.5.0
  Downloaded bitflags v2.7.0
  Downloaded dtor v0.3.0
  Downloaded fnv v1.0.7
  Downloaded security-framework-sys v2.15.0
  Downloaded fdeflate v0.3.7
  Downloaded os_info v3.9.2
  Downloaded string_cache v0.9.0
  Downloaded synstructure v0.13.1
  Downloaded ctrlc v3.4.5
  Downloaded oxc_syntax v0.36.0
  Downloaded pest_generator v2.7.15
  Downloaded rand_core v0.6.4
  Downloaded proc-macro2-diagnostics v0.10.1
  Downloaded strict-num v0.1.1
  Downloaded file-id v0.2.3
  Downloaded percent-encoding v2.3.1
  Downloaded ahash v0.8.11
  Downloaded notify v8.2.0
  Downloaded tauri-macos-sign v2.3.4
  Downloaded ignore v0.4.23
  Downloaded oxc_span v0.36.0
  Downloaded unicode-properties v0.1.3
  Downloaded phf_shared v0.11.3
  Downloaded time-core v0.1.2
  Downloaded sha1_smol v1.0.1
  Downloaded zune-core v0.4.12
  Downloaded wyz v0.5.1
  Downloaded seq-macro v0.3.5
  Downloaded icu_locid v1.5.0
  Downloaded const-oid v0.9.6
  Downloaded crossbeam-epoch v0.9.18
  Downloaded jsonptr v0.6.3
  Downloaded toml_datetime v0.6.8
  Downloaded sha2 v0.10.8
  Downloaded num-cmp v0.1.0
  Downloaded unicode-vo v0.1.0
  Downloaded yasna v0.5.2
  Downloaded sval_fmt v2.13.2
  Downloaded dashmap v6.1.0
  Downloaded polyval v0.6.2
  Downloaded tokio-macros v2.5.0
  Downloaded clap_complete v4.5.42
  Downloaded shared_child v1.1.1
  Downloaded ryu v1.0.18
  Downloaded home v0.5.9
  Downloaded thiserror v1.0.69
  Downloaded icu_properties v1.5.1
  Downloaded snafu-derive v0.7.5
  Downloaded const_panic v0.2.12
  Downloaded anyhow v1.0.95
  Downloaded bytemuck v1.21.0
  Downloaded image-webp v0.2.0
  Downloaded dtor-proc-macro v0.0.6
  Downloaded tokio-tungstenite v0.26.2
  Downloaded errno v0.3.10
  Downloaded plain v0.2.3
  Downloaded opaque-debug v0.3.1
  Downloaded find-msvc-tools v0.1.6
  Downloaded serde_urlencoded v0.7.1
  Downloaded clap v4.5.26
  Downloaded soketto v0.8.1
  Downloaded rand_core v0.9.3
  Downloaded rtoolbox v0.0.2
  Downloaded serialize-to-javascript v0.1.2
  Downloaded darling_macro v0.20.10
  Downloaded scroll v0.12.0
  Downloaded futures-core v0.3.31
  Downloaded zopfli v0.8.1
  Downloaded duct v1.1.1
  Downloaded either v1.13.0
  Downloaded allocator-api2 v0.2.21
  Downloaded base64 v0.13.1
  Downloaded cfb v0.7.3
  Downloaded x509 v0.2.0
  Downloaded jsonrpsee-core v0.24.7
  Downloaded num-rational v0.4.2
  Downloaded sigchld v0.2.4
  Downloaded unic-char-property v0.9.0
  Downloaded dialoguer v0.11.0
  Downloaded roxmltree v0.20.0
  Downloaded rustls-native-certs v0.7.3
  Downloaded tungstenite v0.21.0
  Downloaded tap v1.0.1
  Downloaded uuid-simd v0.8.0
  Downloaded zeroize v1.8.1
  Downloaded cssparser v0.36.0
  Downloaded oxc_index v0.36.0
  Downloaded group v0.13.0
  Downloaded tungstenite v0.26.2
  Downloaded gif v0.13.1
  Downloaded form_urlencoded v1.2.1
  Downloaded path_abs v0.5.1
  Downloaded quote v1.0.38
  Downloaded log v0.4.29
  Downloaded num-modular v0.6.1
  Downloaded phf_codegen v0.13.1
  Downloaded indexmap v1.9.3
  Downloaded icu_provider v1.5.0
  Downloaded imgref v1.11.0
  Downloaded email_address v0.2.9
  Downloaded num-integer v0.1.46
  Downloaded generic-array v0.14.7
  Downloaded bcder v0.7.4
  Downloaded sval_serde v2.13.2
  Downloaded rasn-derive v0.12.5
  Downloaded os_pipe v1.2.3
  Downloaded ureq-proto v0.5.3
  Downloaded phf v0.13.1
  Downloaded termcolor v1.4.1
  Downloaded compact_str v0.8.1
  Downloaded futures-macro v0.3.31
  Downloaded serialize-to-javascript-impl v0.1.2
  Downloaded oxc_diagnostics v0.36.0
  Downloaded equivalent v1.0.1
  Downloaded profiling v1.0.16
  Downloaded tinyvec v1.8.1
  Downloaded untrusted v0.9.0
  Downloaded cryptographic-message-syntax v0.26.0
  Downloaded bytes v1.11.1
  Downloaded base64 v0.22.1
  Downloaded zerofrom-derive v0.1.5
  Downloaded zeroize_derive v1.4.2
  Downloaded tower-layer v0.3.3
  Downloaded socks v0.3.4
  Downloaded strsim v0.11.1
  Downloaded derive_builder_core v0.20.2
  Downloaded rustc-demangle v0.1.24
  Downloaded toml v0.8.20
  Downloaded sublime_fuzzy v0.7.0
  Downloaded rc2 v0.8.1
  Downloaded env_logger v0.10.2
  Downloaded vsimd v0.8.0
  Downloaded miniz_oxide v0.8.8
  Downloaded ghash v0.5.1
  Downloaded unicode-linebreak v0.1.5
  Downloaded asn1-rs v0.5.2
  Downloaded option-ext v0.2.0
  Downloaded spki v0.7.3
  Downloaded rustls-pki-types v1.13.2
  Downloaded dyn-clone v1.0.17
  Downloaded unicode-ccc v0.4.0
  Downloaded svgtypes v0.15.3
  Downloaded thiserror v2.0.12
  Downloaded pem-rfc7468 v0.7.0
  Downloaded xz2 v0.1.7
  Downloaded rand_chacha v0.3.1
  Downloaded socket2 v0.5.8
  Downloaded wasm-bindgen-shared v0.2.125
  Downloaded getrandom v0.3.3
  Downloaded simd-adler32 v0.3.7
  Downloaded dunce v1.0.5
  Downloaded unicode-id-start v1.3.1
  Downloaded base64 v0.21.7
  Downloaded des v0.8.1
  Downloaded slab v0.4.9
  Downloaded displaydoc v0.2.5
  Downloaded tracing v0.1.41
  Downloaded pkg-config v0.3.31
  Downloaded globset v0.4.15
  Downloaded ff v0.13.0
  Downloaded fsevent-sys v4.1.0
  Downloaded rustversion v1.0.19
  Downloaded tower-service v0.3.3
  Downloaded twox-hash v1.6.3
  Downloaded serde_yaml v0.9.34+deprecated
  Downloaded dirs v5.0.1
  Downloaded pbkdf2 v0.12.2
  Downloaded pkcs1 v0.7.5
  Downloaded serde_fmt v1.0.3
  Downloaded bumpalo v3.16.0
  Downloaded toml_parser v1.0.9+spec-1.1.0
  Downloaded serde_spanned v0.6.8
  Downloaded uncased v0.9.10
  Downloaded signal-hook v0.3.18
  Downloaded web_atoms v0.2.3
  Downloaded typewit v1.11.0
  Downloaded serde_derive_internals v0.29.1
  Downloaded backtrace v0.3.74
  Downloaded cc v1.2.51
  Downloaded simd_helpers v0.1.0
  Downloaded dirs-sys v0.4.1
  Downloaded spin v0.9.8
  Downloaded serde_spanned v1.0.4
  Downloaded stable_deref_trait v1.2.0
  Downloaded unicode-bidi v0.3.18
  Downloaded deranged v0.3.11
  Downloaded phf_macros v0.13.1
  Downloaded utf8parse v0.2.2
  Downloaded oxc_allocator v0.36.0
  Downloaded crypto-bigint v0.5.5
  Downloaded subtle v2.6.1
  Downloaded hex v0.4.3
  Downloaded synstructure v0.12.6
  Downloaded parking_lot_core v0.9.10
  Downloaded fastrand v2.3.0
  Downloaded scrypt v0.11.0
  Downloaded textwrap v0.16.1
  Downloaded html5ever v0.38.0
  Downloaded shlex v1.3.0
  Downloaded utf-8 v0.7.6
  Downloaded rand_chacha v0.9.0
  Downloaded float-cmp v0.9.0
  Downloaded once_cell v1.21.4
  Downloaded slotmap v1.0.7
  Downloaded env_logger v0.11.6
  Downloaded rustc_version v0.4.1
  Downloaded pin-project v1.1.8
  Downloaded powerfmt v0.2.0
  Downloaded tinyvec_macros v0.1.1
  Downloaded selectors v0.36.1
  Downloaded futures v0.3.31
  Downloaded zune-inflate v0.2.54
  Downloaded tiny-skia-path v0.11.4
  Downloaded elf v0.7.4
  Downloaded icu_collections v1.5.0
  Downloaded thiserror-impl v1.0.69
  Downloaded same-file v1.0.6
  Downloaded yoke-derive v0.7.5
  Downloaded heck v0.4.1
  Downloaded primeorder v0.13.6
  Downloaded phf_macros v0.11.3
  Downloaded typeid v1.0.2
  Downloaded handlebars v6.3.0
  Downloaded pear_codegen v0.2.9
  Downloaded typewit_proc_macros v1.8.1
  Downloaded konst v0.3.16
  Downloaded tokio-stream v0.1.17
  Downloaded doc-comment v0.3.3
  Downloaded http v0.2.12
  Downloaded unic-ucd-version v0.9.0
  Downloaded std_prelude v0.2.12
  Downloaded pear v0.2.9
  Downloaded dom_query v0.27.0
  Downloaded sval_nested v2.13.2
  Downloaded zip_structs v0.2.1
  Downloaded phf v0.11.3
  Downloaded phf_generator v0.13.1
  Downloaded universal-hash v0.5.1
  Downloaded futures-channel v0.3.31
  Downloaded ucd-trie v0.1.7
  Downloaded futures-timer v3.0.3
  Downloaded data-encoding v2.6.0
  Downloaded futures-task v0.3.31
  Downloaded value-bag-sval2 v1.12.0
  Downloaded rustls-native-certs v0.6.3
  Downloaded schemars v0.8.21
  Downloaded p12 v0.6.3
  Downloaded pin-project-lite v0.2.16
  Downloaded pest_derive v2.7.15
  Downloaded glob v0.3.2
  Downloaded uuid v1.11.0
  Downloaded num-complex v0.4.6
  Downloaded parking_lot v0.12.3
  Downloaded sync_wrapper v1.0.2
  Downloaded proc-macro2 v1.0.106
  Downloaded digest v0.10.7
  Downloaded dtoa v1.0.9
  Downloaded tar v0.4.46
  Downloaded signature v2.2.0
  Downloaded sha1 v0.10.6
  Downloaded ruzstd v0.5.0
  Downloaded which v8.0.0
  Downloaded num-iter v0.1.45
  Downloaded english-numbers v0.3.3
  Downloaded toml v0.9.12+spec-1.1.0
  Downloaded tokio-rustls v0.24.1
  Downloaded num-derive v0.4.2
  Downloaded dtoa-short v0.3.5
  Downloaded value-bag v1.12.0
  Downloaded serde-untagged v0.1.6
  Downloaded write16 v1.0.0
  Downloaded referencing v0.33.0
  Downloaded shell-words v1.1.0
  Downloaded num-traits v0.2.19
  Downloaded figment v0.10.19
  Downloaded ref-cast v1.0.23
  Downloaded yoke v0.7.5
  Downloaded system-configuration v0.5.1
  Downloaded pico-args v0.5.0
  Downloaded darling v0.20.10
  Downloaded memchr v2.7.4
  Downloaded minimal-lexical v0.2.1
  Downloaded plist v1.7.0
  Downloaded yansi v1.0.1
  Downloaded walkdir v2.5.0
  Downloaded indexmap v2.11.4
  Downloaded tinystr v0.7.6
  Downloaded adler2 v2.0.0
  Downloaded scopeguard v1.2.0
  Downloaded tokio-util v0.7.13
  Downloaded mio v1.0.3
  Downloaded sval v2.13.2
  Downloaded spake2 v0.4.0
  Downloaded ppv-lite86 v0.2.20
  Downloaded version_check v0.9.5
  Downloaded http v1.3.1
  Downloaded derive_more-impl v2.0.1
  Downloaded rayon-core v1.12.1
  Downloaded owo-colors v4.1.0
  Downloaded rusticata-macros v4.1.0
  Downloaded filetime v0.2.25
  Downloaded serde_derive v1.0.228
  Downloaded pkcs8 v0.10.2
  Downloaded sval_json v2.13.2
  Downloaded time-macros v0.2.19
  Downloaded resvg v0.45.0
  Downloaded simple-file-manifest v0.11.0
  Downloaded url v2.5.4
  Downloaded rand v0.8.6
  Downloaded wasm-bindgen v0.2.125
  Downloaded toml_datetime v1.0.0+spec-1.1.0
  Downloaded quick-error v2.0.1
  Downloaded jzon v0.12.5
  Downloaded futures-io v0.3.31
  Downloaded unsafe-libyaml v0.2.11
  Downloaded zerocopy-derive v0.7.35
  Downloaded der v0.7.9
  Downloaded weezl v0.1.8
  Downloaded unic-ucd-ident v0.9.0
  Downloaded ordered-float v2.10.1
  Downloaded x509-certificate v0.24.0
  Downloaded stfu8 v0.2.7
  Downloaded derive_more v2.0.1
  Downloaded tower v0.5.2
  Downloaded itertools v0.10.5
  Downloaded security-framework v3.5.1
  Downloaded aes v0.8.4
  Downloaded tendril v0.5.0
  Downloaded pest_meta v2.7.15
  Downloaded libm v0.2.11
  Downloaded getrandom v0.2.15
  Downloaded hyper-util v0.1.19
  Downloaded unicode-ident v1.0.14
  Downloaded oxc_regular_expression v0.36.0
  Downloaded serde_with_macros v3.12.0
  Downloaded tracing-attributes v0.1.28
  Downloaded hmac v0.12.1
  Downloaded rustls-pemfile v2.2.0
  Downloaded pin-project-internal v1.1.8
  Downloaded zip v0.6.6
  Downloaded urlpattern v0.3.0
  Downloaded ecdsa v0.16.9
  Downloaded jsonschema v0.33.0
  Downloaded snafu v0.7.5
  Downloaded tauri-icns v0.1.0
  Downloaded unicode-script v0.5.7
  Downloaded fluent-uri v0.3.2
  Downloaded sct v0.7.1
  Downloaded zune-jpeg v0.4.14
  Downloaded tempfile v3.15.0
  Downloaded smallvec v1.13.2
  Downloaded derive_builder v0.20.2
  Downloaded fontdb v0.23.0
  Downloaded kurbo v0.11.1
  Downloaded toml v1.0.6+spec-1.1.0
  Downloaded x509-certificate v0.23.1
  Downloaded itertools v0.13.0
  Downloaded tracing-core v0.1.33
  Downloaded nom v7.1.3
  Downloaded flate2 v1.1.1
  Downloaded half v2.4.1
  Downloaded hashbrown v0.12.3
  Downloaded elliptic-curve v0.13.8
  Downloaded derive_more v0.99.18
  Downloaded security-framework v2.11.1
  Downloaded rustls-platform-verifier v0.6.2
  Downloaded rustls-webpki v0.103.13
  Downloaded itertools v0.12.1
  Downloaded serde_core v1.0.228
  Downloaded darling_core v0.20.10
  Downloaded xml-rs v0.8.25
  Downloaded css-color v0.2.8
  Downloaded rsa v0.9.10
  Downloaded zerovec v0.10.4
  Downloaded toml_edit v0.25.4+spec-1.1.0
  Downloaded serde_with v3.12.0
  Downloaded num-bigint v0.4.6
  Downloaded typenum v1.20.0
  Downloaded tower v0.4.13
  Downloaded idna v1.0.3
  Downloaded clap_builder v4.5.26
  Downloaded p256 v0.13.2
  Downloaded serde_json v1.0.145
  Downloaded wasm-bindgen-macro-support v0.2.125
  Downloaded hyper v1.8.1
  Downloaded axum v0.8.4
  Downloaded qoi v0.4.1
  Downloaded serde v1.0.228
  Downloaded aho-corasick v1.1.3
  Downloaded rand v0.9.4
  Downloaded zerocopy v0.7.35
  Downloaded fancy-regex v0.16.1
  Downloaded futures-util v0.3.31
  Downloaded time v0.3.37
  Downloaded ureq v3.1.4
  Downloaded hashbrown v0.14.5
  Downloaded oxc-miette v1.0.2
  Downloaded fraction v0.15.3
  Downloaded rasn v0.12.5
  Downloaded tiny-skia v0.11.4
  Downloaded zip v4.0.0
  Downloaded hyper v0.14.32
  Downloaded png v0.17.16
  Downloaded deunicode v1.6.0
  Downloaded tauri-utils v2.9.3
  Downloaded oxc_parser v0.36.0
  Downloaded toml_edit v0.22.24
  Downloaded goblin v0.9.3
  Downloaded goblin v0.8.2
  Downloaded aes-gcm v0.10.3
  Downloaded rpassword v7.4.0
  Downloaded bitvec v1.0.1
  Downloaded hkdf v0.12.4
  Downloaded hashbrown v0.16.1
  Downloaded rustls-webpki v0.101.7
warning: spurious network error (3 tries remaining): [92] Stream error in the HTTP/2 framing layer (HTTP/2 stream 45 was not closed cleanly: PROTOCOL_ERROR (err 1))
  Downloaded ttf-parser v0.25.1
  Downloaded num-bigint-dig v0.8.6
  Downloaded chrono v0.4.41
  Downloaded pest v2.7.15
  Downloaded usvg v0.45.0
  Downloaded rustls-webpki v0.102.8
  Downloaded winnow v0.7.14
  Downloaded difference v2.0.0
  Downloaded oxc_ast v0.36.0
  Downloaded zlib-rs v0.5.0
  Downloaded reqwest v0.11.27
  Downloaded h2 v0.3.26
  Downloaded tauri-bundler v2.9.4
  Downloaded rayon v1.10.0
  Downloaded image v0.25.5
  Downloaded webpki-roots v1.0.5
  Downloaded syn v1.0.109
  Downloaded h2 v0.4.7
  Downloaded regex v1.11.1
  Downloaded cargo-mobile2 v0.22.4
  Downloaded quick-xml v0.32.0
  Downloaded rustybuzz v0.20.1
  Downloaded webpki-roots v0.25.4
  Downloaded exr v1.73.0
  Downloaded unicode-width v0.1.14
  Downloaded gimli v0.31.1
  Downloaded syn v2.0.117
  Downloaded bstr v1.11.3
  Downloaded rustls v0.21.12
  Downloaded nix v0.29.0
  Downloaded unicode-width v0.2.0
  Downloaded rustls v0.22.4
  Downloaded rustix v0.37.28
  Downloaded regex-syntax v0.8.5
  Downloaded rustls v0.23.35
  Downloaded object v0.32.2
  Downloaded curve25519-dalek v4.1.3
  Downloaded icu_properties_data v1.5.0
  Downloaded object v0.36.7
  Downloaded apple-codesign v0.27.0
  Downloaded bzip2-sys v0.1.11+1.0.8
  Downloaded regex-automata v0.4.9
  Downloaded rustix v1.0.7
  Downloaded tokio v1.45.1
  Downloaded rustix v0.38.43
  Downloaded tiff v0.9.1
  Downloaded jpeg-decoder v0.3.1
  Downloaded lzma-sys v0.1.20
  Downloaded libc v0.2.178
  Downloaded encoding_rs v0.8.35
  Downloaded ring v0.17.14
  Downloaded rav1e v0.7.1
   Compiling proc-macro2 v1.0.106
   Compiling unicode-ident v1.0.14
   Compiling libc v0.2.178
   Compiling cfg-if v1.0.1
   Compiling version_check v0.9.5
   Compiling autocfg v1.4.0
   Compiling serde_core v1.0.228
   Compiling memchr v2.7.4
   Compiling value-bag v1.12.0
   Compiling serde v1.0.228
   Compiling itoa v1.0.14
   Compiling typenum v1.20.0
   Compiling smallvec v1.13.2
   Compiling log v0.4.29
   Compiling generic-array v0.14.7
   Compiling subtle v2.6.1
   Compiling once_cell v1.21.4
   Compiling libm v0.2.11
   Compiling bytes v1.11.1
   Compiling equivalent v1.0.1
   Compiling hashbrown v0.16.1
   Compiling byteorder v1.5.0
   Compiling const-oid v0.9.6
   Compiling find-msvc-tools v0.1.6
   Compiling shlex v1.3.0
   Compiling thiserror v1.0.69
   Compiling cc v1.2.51
   Compiling indexmap v2.11.4
   Compiling num-traits v0.2.19
   Compiling pin-project-lite v0.2.16
   Compiling fnv v1.0.7
   Compiling bitflags v2.7.0
   Compiling futures-core v0.3.31
   Compiling futures-sink v0.3.31
   Compiling ryu v1.0.18
   Compiling slab v0.4.9
   Compiling futures-io v0.3.31
   Compiling futures-channel v0.3.31
   Compiling stable_deref_trait v1.2.0
   Compiling pin-utils v0.1.0
   Compiling crossbeam-utils v0.8.21
   Compiling ring v0.17.14
   Compiling core-foundation-sys v0.8.7
   Compiling futures-task v0.3.31
   Compiling siphasher v1.0.1
   Compiling serde_json v1.0.145
   Compiling getrandom v0.2.15
   Compiling cpufeatures v0.2.16
   Compiling rand_core v0.6.4
   Compiling socket2 v0.5.8
   Compiling mio v1.0.3
   Compiling simd-adler32 v0.3.7
   Compiling bitflags v1.3.2
   Compiling httparse v1.9.5
   Compiling base64 v0.22.1
   Compiling http v1.3.1
   Compiling tracing-core v0.1.33
   Compiling untrusted v0.9.0
   Compiling litemap v0.7.4
   Compiling adler2 v2.0.0
   Compiling writeable v0.5.5
   Compiling miniz_oxide v0.8.8
   Compiling errno v0.3.10
   Compiling lock_api v0.4.12
   Compiling parking_lot_core v0.9.10
   Compiling quote v1.0.38
   Compiling syn v2.0.117
   Compiling percent-encoding v2.3.1
   Compiling icu_locid_transform_data v1.5.0
   Compiling scopeguard v1.2.0
   Compiling base64ct v1.6.0
   Compiling icu_properties_data v1.5.0
   Compiling num-integer v0.1.46
   Compiling crc32fast v1.4.2
   Compiling pem-rfc7468 v0.7.0
   Compiling icu_normalizer_data v1.5.0
   Compiling utf8_iter v1.0.4
   Compiling thiserror v2.0.12
   Compiling write16 v1.0.0
   Compiling utf16_iter v1.0.5
   Compiling zlib-rs v0.5.0
   Compiling phf_shared v0.13.1
   Compiling aho-corasick v1.1.3
   Compiling regex-syntax v0.8.5
   Compiling synstructure v0.13.1
   Compiling fastrand v2.3.0
   Compiling phf_generator v0.13.1
   Compiling form_urlencoded v1.2.1
   Compiling rayon-core v1.12.1
   Compiling tower-service v0.3.3
   Compiling syn v1.0.109
   Compiling parking_lot v0.12.3
   Compiling num-bigint v0.4.6
   Compiling zeroize_derive v1.4.2
   Compiling serde_derive v1.0.228
   Compiling thiserror-impl v1.0.69
   Compiling zeroize v1.8.1
   Compiling zerocopy-derive v0.7.35
   Compiling crypto-common v0.1.6
   Compiling block-buffer v0.10.4
   Compiling zerocopy v0.7.35
   Compiling digest v0.10.7
   Compiling futures-macro v0.3.31
   Compiling zerofrom-derive v0.1.5
   Compiling yoke-derive v0.7.5
   Compiling futures-util v0.3.31
   Compiling displaydoc v0.2.5
   Compiling zerovec-derive v0.10.3
   Compiling zerofrom v0.1.5
   Compiling tokio-macros v2.5.0
   Compiling tracing-attributes v0.1.28
   Compiling yoke v0.7.5
   Compiling tokio v1.45.1
   Compiling ppv-lite86 v0.2.20
   Compiling icu_provider_macros v1.5.0
   Compiling der v0.7.9
   Compiling libz-rs-sys v0.5.0
   Compiling tracing v0.1.41
   Compiling flate2 v1.1.1
   Compiling block-padding v0.3.3
   Compiling thiserror-impl v2.0.12
   Compiling regex-automata v0.4.9
   Compiling zerovec v0.10.4
   Compiling inout v0.1.3
   Compiling rand_chacha v0.3.1
   Compiling spki v0.7.3
   Compiling sha1 v0.10.6
   Compiling rand v0.8.6
   Compiling cipher v0.4.4
   Compiling security-framework-sys v2.15.0
   Compiling httpdate v1.0.3
   Compiling rustc-hash v2.1.1
   Compiling tinystr v0.7.6
   Compiling icu_collections v1.5.0
   Compiling arrayvec v0.7.6
   Compiling rustls-pki-types v1.13.2
   Compiling crossbeam-epoch v0.9.18
   Compiling iana-time-zone v0.1.61
   Compiling icu_locid v1.5.0
   Compiling ahash v0.8.11
   Compiling io-lifetimes v1.0.11
   Compiling utf-8 v0.7.6
   Compiling minimal-lexical v0.2.1
   Compiling semver v1.0.24
   Compiling pkg-config v0.3.31
   Compiling regex v1.11.1
   Compiling nom v7.1.3
   Compiling icu_provider v1.5.0
   Compiling crossbeam-deque v0.8.6
   Compiling chrono v0.4.41
   Compiling core-foundation v0.9.4
   Compiling tokio-util v0.7.13
   Compiling icu_locid_transform v1.5.0
   Compiling strsim v0.11.1
   Compiling winnow v0.7.14
   Compiling spin v0.9.8
   Compiling static_assertions v1.1.0
   Compiling icu_properties v1.5.1
   Compiling unicode-width v0.2.0
   Compiling rustix v0.37.28
   Compiling new_debug_unreachable v1.0.6
   Compiling ident_case v1.0.1
   Compiling darling_core v0.20.10
   Compiling lazy_static v1.5.0
   Compiling futures-executor v0.3.31
   Compiling phf_codegen v0.13.1
   Compiling http v0.2.12
   Compiling either v1.13.0
   Compiling anyhow v1.0.95
   Compiling getrandom v0.3.3
   Compiling rustversion v1.0.19
   Compiling icu_normalizer v1.5.0
   Compiling rustls v0.21.12
   Compiling idna_adapter v1.2.0
   Compiling darling_macro v0.20.10
   Compiling idna v1.0.3
   Compiling futures v0.3.31
   Compiling url v2.5.4
   Compiling security-framework v2.11.1
   Compiling sct v0.7.1
   Compiling rustls-webpki v0.101.7
   Compiling signature v2.2.0
   Compiling http-body v1.0.1
   Compiling sha1_smol v1.0.1
   Compiling system-configuration-sys v0.5.0
   Compiling same-file v1.0.6
   Compiling bytemuck v1.21.0
   Compiling allocator-api2 v0.2.21
   Compiling try-lock v0.2.5
   Compiling want v0.3.1
   Compiling walkdir v2.5.0
   Compiling bumpalo v3.16.0
   Compiling uuid v1.11.0
   Compiling terminal_size v0.2.6
   Compiling darling v0.20.10
   Compiling h2 v0.3.26
   Compiling http-body v0.4.6
   Compiling hmac v0.12.1
   Compiling phf_macros v0.13.1
   Compiling pem v3.0.4
   Compiling bcder v0.7.4
   Compiling encoding_rs v0.8.35
   Compiling smawk v0.3.2
   Compiling base64 v0.21.7
   Compiling unicode-width v0.1.14
   Compiling mime v0.3.17
   Compiling owo-colors v4.1.0
   Compiling utf8parse v0.2.2
   Compiling ucd-trie v0.1.7
   Compiling unicode-linebreak v0.1.5
   Compiling powerfmt v0.2.0
   Compiling rustix v0.38.43
   Compiling hex v0.4.3
   Compiling pest v2.7.15
   Compiling deranged v0.3.11
   Compiling textwrap v0.16.1
   Compiling anstyle-parse v0.2.6
   Compiling tokio-rustls v0.24.1
   Compiling phf v0.13.1
   Compiling rustls-pemfile v1.0.4
   Compiling hashbrown v0.14.5
   Compiling lzma-sys v0.1.20
   Compiling bzip2-sys v0.1.11+1.0.8
   Compiling pkcs8 v0.10.2
   Compiling serde_urlencoded v0.7.1
   Compiling sha2 v0.10.8
   Compiling num-rational v0.4.2
   Compiling scroll_derive v0.12.0
   Compiling string_cache_codegen v0.6.1
   Compiling num-iter v0.1.45
   Compiling proc-macro2-diagnostics v0.10.1
   Compiling object v0.36.7
   Compiling time-core v0.1.2
   Compiling anstyle-query v1.1.2
   Compiling is_terminal_polyfill v1.70.1
   Compiling radium v0.7.0
   Compiling precomputed-hash v0.1.1
   Compiling num-conv v0.1.0
   Compiling anstyle v1.0.10
   Compiling colorchoice v1.0.3
   Compiling hyper v0.14.32
   Compiling time v0.3.37
   Compiling anstream v0.6.18
   Compiling pest_meta v2.7.15
   Compiling scroll v0.12.0
   Compiling web_atoms v0.2.3
   Compiling rustc_version v0.4.1
   Compiling system-configuration v0.5.1
   Compiling rustls-native-certs v0.6.3
   Compiling rand_core v0.9.3
   Compiling rayon v1.10.0
   Compiling http-body-util v0.1.2
   Compiling hyper-rustls v0.24.2
   Compiling pin-project-internal v1.1.8
   Compiling oxc-miette-derive v1.0.2
   Compiling ff v0.13.0
   Compiling phf_shared v0.11.3
   Compiling quick-xml v0.32.0
   Compiling ipnet v2.10.1
   Compiling sync_wrapper v0.1.2
   Compiling yansi v1.0.1
   Compiling gimli v0.31.1
   Compiling webpki-roots v0.25.4
   Compiling option-ext v0.2.0
   Compiling doc-comment v0.3.3
   Compiling unicode-xid v0.2.6
   Compiling data-encoding v2.6.0
   Compiling base16ct v0.2.0
   Compiling typewit_proc_macros v1.8.1
   Compiling tap v1.0.1
   Compiling wyz v0.5.1
   Compiling sec1 v0.7.3
   Compiling typewit v1.11.0
   Compiling synstructure v0.12.6
   Compiling plist v1.7.0
   Compiling reqwest v0.11.27
   Compiling oxc-miette v1.0.2
   Compiling group v0.13.0
   Compiling phf_generator v0.11.3
   Compiling addr2line v0.24.2
   Compiling pin-project v1.1.8
   Compiling rand_chacha v0.9.0
   Compiling curve25519-dalek v4.1.3
   Compiling pest_generator v2.7.15
   Compiling string_cache v0.9.0
   Compiling x509-certificate v0.23.1
   Compiling castaway v0.2.3
   Compiling toml_parser v1.0.9+spec-1.1.0
   Compiling serde_spanned v0.6.8
   Compiling toml_datetime v0.6.8
   Compiling crypto-bigint v0.5.5
   Compiling serde_spanned v1.0.4
   Compiling fdeflate v0.3.7
   Compiling os_pipe v1.2.3
   Compiling uncased v0.9.10
   Compiling aligned-vec v0.5.0
   Compiling built v0.7.5
   Compiling rustls v0.22.4
   Compiling simple-file-manifest v0.11.0
   Compiling paste v1.0.15
   Compiling xml-rs v0.8.25
   Compiling typeid v1.0.2
   Compiling bit-vec v0.8.0
   Compiling rustc-demangle v0.1.24
   Compiling tower-layer v0.3.3
   Compiling heck v0.4.1
   Compiling atomic-waker v1.1.2
   Compiling funty v2.0.0
   Compiling clap_lex v0.7.4
   Compiling dtoa v1.0.9
   Compiling toml_writer v1.0.6+spec-1.1.0
   Compiling num-bigint-dig v0.8.6
   Compiling signal-hook v0.3.18
   Compiling heck v0.5.0
   Compiling clap_derive v4.5.24
   Compiling backtrace v0.3.74
   Compiling bitvec v1.0.1
   Compiling dtoa-short v0.3.5
   Compiling serde-xml-rs v0.6.0
   Compiling clap_builder v4.5.26
   Compiling snafu-derive v0.7.5
   Compiling h2 v0.4.7
   Compiling bit-set v0.8.0
   Compiling xz2 v0.1.7
   Compiling rav1e v0.7.1
   Compiling elliptic-curve v0.13.8
   Compiling v_frame v0.3.8
   Compiling png v0.17.16
   Compiling cryptographic-message-syntax v0.26.0
   Compiling compact_str v0.8.1
   Compiling toml_edit v0.22.24
   Compiling pest_derive v2.7.15
   Compiling rand v0.9.4
   Compiling bzip2 v0.4.4
   Compiling phf_macros v0.11.3
   Compiling pear_codegen v0.2.9
   Compiling asn1-rs-derive v0.4.0
   Compiling konst_kernel v0.3.15
   Compiling itertools v0.10.5
   Compiling derive_builder_core v0.20.2
   Compiling oxc_allocator v0.36.0
   Compiling selectors v0.36.1
   Compiling asn1-rs-impl v0.1.0
   Compiling tendril v0.5.0
   Compiling twox-hash v1.6.3
   Compiling rusticata-macros v4.1.0
   Compiling tokio-stream v0.1.17
   Compiling rustls-pemfile v2.2.0
   Compiling rustls-webpki v0.102.8
   Compiling jsonrpsee-types v0.24.7
   Compiling md-5 v0.10.6
   Compiling universal-hash v0.5.1
   Compiling profiling-procmacros v1.0.16
   Compiling oxc_ast_macros v0.36.0
   Compiling derive_more-impl v2.0.1
   Compiling async-trait v0.1.88
   Compiling derive_more v0.99.18
   Compiling cssparser-macros v0.6.1
   Compiling core_maths v0.1.0
   Compiling signal-hook-registry v1.4.2
   Compiling core-foundation v0.10.0
   Compiling figment v0.10.19
   Compiling slotmap v1.0.7
   Compiling rustix v1.0.7
   Compiling minicbor v0.20.0
   Compiling oid-registry v0.6.1
   Compiling futures-timer v3.0.3
   Compiling inlinable_string v0.1.15
   Compiling weezl v0.1.8
   Compiling plain v0.2.3
   Compiling const_panic v0.2.12
   Compiling quick-error v2.0.1
   Compiling humantime v2.1.0
   Compiling rustls v0.23.35
   Compiling unic-char-range v0.9.0
   Compiling oxc_estree v0.36.0
   Compiling unic-common v0.9.0
   Compiling float-cmp v0.9.0
   Compiling erased-serde v0.4.9
   Compiling opaque-debug v0.3.1
   Compiling is_executable v1.0.4
   Compiling ref-cast v1.0.23
   Compiling cpio-archive v0.9.0
   Compiling pear v0.2.9
   Compiling polyval v0.6.2
   Compiling strict-num v0.1.1
   Compiling unic-ucd-version v0.9.0
   Compiling unic-char-property v0.9.0
   Compiling oxc_span v0.36.0
   Compiling ruzstd v0.5.0
   Compiling konst v0.3.16
   Compiling jsonrpsee-core v0.24.7
   Compiling tempfile v3.15.0
   Compiling ttf-parser v0.25.1
   Compiling phf v0.11.3
   Compiling cssparser v0.36.0
   Compiling derive_more v2.0.1
   Compiling profiling v1.0.16
   Compiling apple-xar v0.18.0
   Compiling rustls-native-certs v0.7.3
   Compiling rasn-derive v0.12.5
   Compiling asn1-rs v0.5.2
   Compiling markup5ever v0.38.0
   Compiling derive_builder_macro v0.20.2
   Compiling snafu v0.7.5
   Compiling hyper v1.8.1
   Compiling toml v0.8.20
   Compiling clap v4.5.26
   Compiling primeorder v0.13.6
   Compiling av1-grain v0.2.3
   Compiling bitvec-nom2 v0.2.1
   Compiling dirs-sys v0.4.1
   Compiling maybe-rayon v0.1.1
   Compiling pkcs1 v0.7.5
   Compiling hkdf v0.12.4
   Compiling rgb v0.8.50
   Compiling cookie-factory v0.3.3
   Compiling soketto v0.8.1
   Compiling itertools v0.12.1
   Compiling minicbor-derive v0.13.0
   Compiling console v0.15.10
   Compiling rustls-webpki v0.103.13
   Compiling rc2 v0.8.1
   Compiling cbc v0.1.2
   Compiling des v0.8.1
   Compiling arg_enum_proc_macro v0.3.4
   Compiling num-derive v0.4.2
   Compiling ref-cast-impl v1.0.23
   Compiling serde_derive_internals v0.29.1
   Compiling simd_helpers v0.1.0
   Compiling filetime v0.2.25
   Compiling is-terminal v0.4.13
   Compiling servo_arc v0.4.3
   Compiling jzon v0.12.5
   Compiling unicode-id-start v1.3.1
   Compiling color_quant v1.1.0
   Compiling termcolor v1.4.1
   Compiling unsafe-libyaml v0.2.11
   Compiling bitstream-io v2.3.0
   Compiling byteorder-lite v0.1.0
   Compiling zune-core v0.4.12
   Compiling tinyvec_macros v0.1.1
   Compiling shell-words v1.1.0
   Compiling yasna v0.5.2
   Compiling arrayref v0.3.9
   Compiling noop_proc_macro v0.3.0
   Compiling num-modular v0.6.1
   Compiling glob v0.3.2
   Compiling cfg_aliases v0.2.1
   Compiling imgref v1.11.0
   Compiling schemars v0.8.21
   Compiling bytesize v1.3.0
   Compiling zip_structs v0.2.1
   Compiling num-order v1.2.0
   Compiling loop9 v0.1.5
   Compiling p12 v0.6.3
   Compiling nix v0.29.0
   Compiling serde_yaml v0.9.34+deprecated
   Compiling tiny-skia-path v0.11.4
   Compiling zune-jpeg v0.4.14
   Compiling dialoguer v0.11.0
   Compiling image-webp v0.2.0
   Compiling tinyvec v1.8.1
   Compiling schemars_derive v0.8.21
   Compiling rasn v0.12.5
   Compiling env_logger v0.10.2
   Compiling gif v0.13.1
   Compiling rsa v0.9.10
   Compiling x509 v0.2.0
   Compiling spake2 v0.4.0
   Compiling dirs v5.0.1
   Compiling p256 v0.13.2
   Compiling hyper-util v0.1.19
   Compiling derive_builder v0.20.2
   Compiling tungstenite v0.21.0
   Compiling html5ever v0.38.0
   Compiling apple-flat-package v0.18.0
   Compiling sigchld v0.2.4
   Compiling object v0.32.2
   Compiling unic-ucd-ident v0.9.0
   Compiling ghash v0.5.1
   Compiling goblin v0.8.2
   Compiling security-framework v3.5.1
   Compiling apple-bundles v0.19.0
   Compiling oxc_diagnostics v0.36.0
   Compiling dirs-sys v0.5.0
   Compiling dashmap v6.1.0
   Compiling serde_with_macros v3.12.0
   Compiling cfb v0.7.3
   Compiling avif-serialize v0.8.2
   Compiling kurbo v0.11.1
   Compiling aes v0.8.4
   Compiling ctr v0.9.2
   Compiling zip v0.6.6
   Compiling jsonptr v0.6.3
   Compiling aead v0.5.2
   Compiling serialize-to-javascript-impl v0.1.2
   Compiling toml_datetime v1.0.0+spec-1.1.0
   Compiling toml_datetime v0.7.5+spec-1.1.0
   Compiling num-complex v0.4.6
   Compiling zune-inflate v0.2.54
   Compiling memmap2 v0.9.11
   Compiling bstr v1.11.3
   Compiling half v2.4.1
   Compiling sync_wrapper v1.0.2
   Compiling difference v2.0.0
   Compiling lockfree-object-pool v0.1.6
   Compiling oxc_index v0.36.0
   Compiling bit_field v0.10.2
   Compiling unicode-properties v0.1.3
   Compiling nonmax v0.5.5
   Compiling dunce v1.0.5
   Compiling unicode-bidi-mirroring v0.4.0
   Compiling env_home v0.1.0
   Compiling ctor-proc-macro v0.0.7
   Compiling jpeg-decoder v0.3.1
   Compiling unicode-ccc v0.4.0
   Compiling dyn-clone v1.0.17
   Compiling lebe v0.5.2
   Compiling borrow-or-share v0.2.2
   Compiling assert-unchecked v0.1.2
   Compiling unicode-script v0.5.7
   Compiling foldhash v0.2.0
   Compiling ctor v0.8.0
   Compiling exr v1.73.0
   Compiling rustybuzz v0.20.1
   Compiling dom_query v0.27.0
   Compiling tiff v0.9.1
   Compiling oxc_syntax v0.36.0
   Compiling fluent-uri v0.3.2
   Compiling which v8.0.0
   Compiling globset v0.4.15
   Compiling zopfli v0.8.1
   Compiling apple-codesign v0.27.0
   Compiling num v0.4.3
   Compiling fontdb v0.23.0
   Compiling toml v0.9.12+spec-1.1.0
   Compiling serialize-to-javascript v0.1.2
   Compiling json-patch v3.0.1
   Compiling aes-gcm v0.10.3
   Compiling svgtypes v0.15.3
   Compiling infer v0.19.0
   Compiling serde_with v3.12.0
   Compiling ravif v0.11.11
   Compiling dirs v6.0.0
   Compiling oxc_regular_expression v0.36.0
   Compiling rustls-platform-verifier v0.6.2
   Compiling urlpattern v0.3.0
   Compiling shared_child v1.1.1
   Compiling handlebars v6.3.0
   Compiling serde-untagged v0.1.6
   Compiling tungstenite v0.26.2
   Compiling json5 v0.4.1
   Compiling tower v0.4.13
   Compiling xattr v1.4.0
   Compiling pbkdf2 v0.12.2
   Compiling qoi v0.4.1
   Compiling webpki-roots v1.0.5
   Compiling salsa20 v0.10.2
   Compiling ureq-proto v0.5.3
   Compiling socks v0.3.4
   Compiling fsevent-sys v4.1.0
   Compiling rtoolbox v0.0.2
   Compiling simplecss v0.2.2
   Compiling data-url v0.3.1
   Compiling outref v0.5.1
   Compiling vsimd v0.8.0
   Compiling cow-utils v0.1.3
   Compiling notify-types v2.0.0
   Compiling cargo-mobile2 v0.22.4
   Compiling std_prelude v0.2.12
   Compiling imagesize v0.13.0
   Compiling shared_thread v0.2.0
   Compiling unicode-bidi v0.3.18
   Compiling route-recognizer v0.3.1
   Compiling pico-args v0.5.0
   Compiling roxmltree v0.20.0
   Compiling stfu8 v0.2.7
   Compiling xmlwriter v0.1.0
   Compiling unicode-vo v0.1.0
   Compiling usvg v0.45.0
   Compiling path_abs v0.5.1
   Compiling jsonrpsee-server v0.24.7
   Compiling duct v1.1.1
   Compiling notify v8.2.0
   Compiling uuid-simd v0.8.0
   Compiling oxc_ast v0.36.0
   Compiling rpassword v7.4.0
   Compiling ureq v3.1.4
   Compiling tauri-macos-sign v2.3.4
   Compiling scrypt v0.11.0
   Compiling image v0.25.5
   Compiling tar v0.4.46
   Compiling tauri-utils v2.9.3
   Compiling tokio-tungstenite v0.26.2
   Compiling zip v4.0.0
   Compiling fraction v0.15.3
   Compiling ignore v0.4.23
   Compiling referencing v0.33.0
   Compiling tower v0.5.2
   Compiling axum-core v0.5.2
   Compiling toml v1.0.6+spec-1.1.0
   Compiling tiny-skia v0.11.4
   Compiling jsonrpsee-client-transport v0.24.7
   Compiling goblin v0.9.3
   Compiling tauri-icns v0.1.0
   Compiling fancy-regex v0.16.1
   Compiling x509-certificate v0.24.0
   Compiling java-properties v2.0.0
   Compiling colored v2.2.0
   Compiling env_filter v0.1.3
   Compiling serde_path_to_error v0.1.16
   Compiling email_address v0.2.9
   Compiling os_info v3.9.2
   Compiling ordered-float v2.10.1
   Compiling include_dir_macros v0.7.4
   Compiling matchit v0.8.4
   Compiling bytecount v0.6.8
   Compiling tauri-cli v2.11.4
   Compiling seq-macro v0.3.5
   Compiling file-id v0.2.3
   Compiling deunicode v1.6.0
   Compiling home v0.5.9
   Compiling english-numbers v0.3.3
   Compiling num-cmp v0.1.0
   Compiling base64 v0.13.1
   Compiling vlq v0.5.1
   Compiling jsonschema v0.33.0
   Compiling magic_string v0.3.4
   Compiling oxc_parser v0.36.0
   Compiling notify-debouncer-full v0.6.0
   Compiling axum v0.8.4
   Compiling include_dir v0.7.4
   Compiling serde-value v0.7.0
   Compiling env_logger v0.11.6
   Compiling tauri-bundler v2.9.4
   Compiling resvg v0.45.0
   Compiling jsonrpsee-ws-client v0.24.7
   Compiling ctrlc v3.4.5
   Compiling minisign v0.7.3
   Compiling jsonrpsee v0.24.7
   Compiling toml_edit v0.25.4+spec-1.1.0
   Compiling clap_complete v4.5.42
   Compiling itertools v0.13.0
   Compiling local-ip-address v0.6.3
   Compiling elf v0.7.4
   Compiling ar v0.9.0
   Compiling sublime_fuzzy v0.7.0
   Compiling common-path v1.0.0
   Compiling css-color v0.2.8
    Finished `release` profile [optimized] target(s) in 54m 59s
  Installing /Users/xxe/.cargo/bin/cargo-tauri
   Installed package `tauri-cli v2.11.4` (executable `cargo-tauri`)
