✔ default is lightweight and has one detail entry (10.651417ms)
✔ freshness stays per metric and does not claim coverage (0.159833ms)
✔ only one detail area and trend is secondary (2.001375ms)
✔ no fake chat or AI state (0.113708ms)
✔ initial calls are serial and keep existing contract (0.335792ms)
✔ overview error never claims imported or exposes error body (0.089958ms)
✔ null and absence remain gaps while zero stays real (0.079791ms)
✔ source escaping and empty states retained (0.141541ms)
✔ stale requests cannot replace the selected metric (0.094417ms)
✔ inactive auxiliary does not query and exit stops remaining overview requests (0.136ms)
✔ exited detail request cannot publish late values (0.058ms)
✔ new entry has fresh instance and mode label never depends on global flag (0.205625ms)
✔ saving configuration and key does not test select or enable (2.86625ms)
✔ explicit four steps are possible without implicit transitions (0.204792ms)
✔ failed key save preserves input and hides raw failure body (0.164125ms)
✔ pending action ignores second click and retains newer input (0.086959ms)
✔ fixed mask never follows length or displays malformed tail (0.133833ms)
✔ model dropdown starts unselected and enable unavailable after successful test (0.280792ms)
✔ Local mode has no key input or cloud model options (0.163333ms)
✔ unknown errors use a fixed message and timeout is not credential TTL (0.065958ms)
✔ entry is inert and exit rejects a late status (0.431834ms)
✔ search results escape originals and source asking remains separate (0.653541ms)
✔ disconnect requires distinct confirmation and supports reconnect (0.082375ms)
✔ real restored controls display fixed targets without starting an operation (0.049917ms)
✔ exit prevents late search from replacing prior results (0.076083ms)
ℹ tests 25
ℹ suites 0
ℹ pass 25
ℹ fail 0
ℹ cancelled 0
ℹ skipped 0
ℹ todo 0
ℹ duration_ms 50.06975
