✔ default is lightweight and has one detail entry (22.576709ms)
✔ freshness stays per metric and does not claim coverage (0.152875ms)
✔ only one detail area and trend is secondary (2.123459ms)
✔ no fake chat or AI state (0.098125ms)
✔ initial calls are serial and keep existing contract (0.339208ms)
✔ overview error never claims imported or exposes error body (0.091333ms)
✔ null and absence remain gaps while zero stays real (0.070791ms)
✔ source escaping and empty states retained (0.140166ms)
✔ stale requests cannot replace the selected metric (0.098667ms)
✔ inactive auxiliary does not query and exit stops remaining overview requests (0.112834ms)
✔ exited detail request cannot publish late values (0.058917ms)
✔ new entry has fresh instance and mode label never depends on global flag (0.150917ms)
✔ saving configuration and key does not test select or enable (4.372166ms)
✔ explicit four steps are possible without implicit transitions (0.221916ms)
✔ failed key save preserves input and hides raw failure body (0.167292ms)
✔ pending action ignores second click and retains newer input (0.093ms)
✔ fixed mask never follows length or displays malformed tail (0.088625ms)
✔ model dropdown starts unselected and enable unavailable after successful test (0.281333ms)
✔ Local mode has no key input or cloud model options (0.074416ms)
✔ unknown errors use a fixed message and timeout is not credential TTL (0.044209ms)
✔ entry is inert and exit rejects a late status (0.444709ms)
✔ search results escape originals and source asking remains separate (0.42425ms)
✔ disconnect requires distinct confirmation and supports reconnect (0.098375ms)
✔ real restored controls display fixed targets without starting an operation (0.054292ms)
✔ exit prevents late search from replacing prior results (0.0765ms)
ℹ tests 25
ℹ suites 0
ℹ pass 25
ℹ fail 0
ℹ cancelled 0
ℹ skipped 0
ℹ todo 0
ℹ duration_ms 65.131541
