✔ original bytes, persisted draft, once-only save and lost acknowledgement retry (725.323666ms)
✔ same text with distinct intentional turns is not deduplicated (19.984375ms)
✔ transaction failure before receipt leaves original/state/audit unchanged and draft recoverable (21.612583ms)
✔ invalid input rejects before mutation and arbitrary roots/profile cannot be selected (10.457125ms)
✔ one valuable clarification, irrelevant or already available evidence produces no question (22.905792ms)
✔ persistent question decision ignore (16.572125ms)
✔ persistent question decision refuse (15.774292ms)
✔ persistent question decision defer (16.623167ms)
✔ silence makes no state or implicit confirmation; deferred time can reopen same gap (131.609292ms)
✔ memory confirmation is single explicit intent, inference/source is not confirmation (19.020875ms)
✔ correction is atomic, preserves provenance and invalidates only dependent projections (24.904125ms)
✔ source version deduplication, identity isolation, version conflict and rollback (14.883584ms)
✔ revocation excludes all historical packets and model switching never revives source (22.927709ms)
✔ required layers budget is prewrite atomic, exact boundary and optional pruning (12.758125ms)
✔ expired evidence and request-local removal do not become current facts (9.88875ms)
✔ two actual offline adapters across process restarts preserve all authority and feedback (27.575ms)
✔ health parser rejects missing/invalid units, field inflation, future times and unsupported sync (9.238833ms)
✔ database symlink is rejected before opening and sentinel stays unchanged (3.964917ms)
✔ authorized Markdown answers a relevant gap without asking again (11.81775ms)
✔ a fresh state makes superseded facts and their model packets unavailable (14.226167ms)
✔ renderer cannot forge packet content or state projection while retaining valid refs (10.829042ms)
✔ correction commits its draft and restart does not resurrect that pending edit (17.379791ms)
✔ production secret code stays byte-exact but unlinked; original catalog and 20 IPC plus approved five stay visible (1.399791ms)
✔ PM counterexample: nonexistent or unrelated feedback does not affect a pure packet or output (9.728167ms)
✔ feedback requires entire current target basis, removed or domain-excluded refs leave unrelated result unchanged across restart (33.78475ms)
✔ forged feedback packets are rejected by repository before packet audit or receipt writes (21.982083ms)
✔ revoked, expired and replaced target basis cannot carry feedback into fresh or stale packets (71.577292ms)
✔ type-changing or unparseable corrections reject atomically and keep draft original state and unrelated output after restart (46.350375ms)
✔ correction repository derives type and value from text and rejects forged missing null or out-of-range values (16.639708ms)
✔ same-type work and sleep corrections succeed, preserve unrelated projection, rollback on receipt failure and persist (18.359291ms)
✔ approved source query feeds only bounded valid context, keeps configuration out, and disconnect survives replay and restart (364.721416ms)
ℹ tests 31
ℹ suites 0
ℹ pass 31
ℹ fail 0
ℹ cancelled 0
ℹ skipped 0
ℹ todo 0
ℹ duration_ms 1865.484458
