✔ no action for "他说“报告结论做完了”。" (0.651167ms)
✔ no action for "假如报告结论做完了就好了。" (0.109ms)
✔ no action for "报告结论还没做完。" (0.057709ms)
✔ no action for "我不打算明天整理报告结论。" (0.031208ms)
✔ no action for "今天聊天挺有意思。" (0.049792ms)
✔ no action for "" (0.048334ms)
✔ no action for "我今天心情很好。" (0.124375ms)
✔ no action for "我明天可以做什么？" (0.02875ms)
✔ no action for "不要把报告标记为完成" (0.051334ms)
✔ no action for "如果我明天做这个呢？" (0.337125ms)
✔ natural conversation create adjust complete and immutable history (572.355042ms)
✔ same submission replay and different payload reject (17.022375ms)
✔ multiple targets clarify, plain natural target response resolves once (20.6755ms)
✔ single current target cancellation and terminal refusal (17.522667ms)
✔ stale expected version rejects late commit (18.82225ms)
✔ forged model intent and target rejected by real Host (16.597833ms)
✔ fault transaction rolls back all action assets and retains draft (66.665792ms)
✔ restart restores identity feedback and status, reads have no writes (70.4515ms)
✔ source expiry/revoke/correction preserves action and removes valid-basis claim (125.1775ms)
✔ conversation authorization denies writes before action append (66.143667ms)
✔ Application rejects fabricated model output before repository commit (0.175ms)
✔ read recovery after lost commit response never resends model or write (16.649834ms)
✔ OfflineA and OfflineB operate same repository identity (16.547208ms)
✔ Today single Focus escapes content and never adds action buttons (0.15825ms)
✔ actual model suggestion stays candidate until explicit pronoun acceptance (1282.571542ms)
✔ multiple targets beyond first page cannot imply one (85.20725ms)
✔ expired packet and cancelled draft reject commits (43.19ms)
✔ snapshot is read-only and incompatible v6 fields fail closed (14.552833ms)
ℹ tests 28
ℹ suites 0
ℹ pass 28
ℹ fail 0
ℹ cancelled 0
ℹ skipped 0
ℹ todo 0
ℹ duration_ms 2491.032166
