✔ no action for "他说“报告结论做完了”。" (0.521209ms)
✔ no action for "假如报告结论做完了就好了。" (0.080917ms)
✔ no action for "报告结论还没做完。" (0.039167ms)
✔ no action for "我不打算明天整理报告结论。" (0.026375ms)
✔ no action for "今天聊天挺有意思。" (0.061ms)
✔ no action for "" (0.037417ms)
✔ no action for "我今天心情很好。" (0.333583ms)
✔ no action for "我明天可以做什么？" (0.030209ms)
✔ no action for "不要把报告标记为完成" (0.041583ms)
✔ no action for "如果我明天做这个呢？" (0.072667ms)
✔ natural conversation create adjust complete and immutable history (690.602125ms)
✔ same submission replay and different payload reject (16.591291ms)
✔ multiple targets clarify, plain natural target response resolves once (20.247958ms)
✔ single current target cancellation and terminal refusal (17.418292ms)
✔ stale expected version rejects late commit (19.861791ms)
✔ forged model intent and target rejected by real Host (16.686834ms)
✔ fault transaction rolls back all action assets and retains draft (65.78275ms)
✔ restart restores identity feedback and status, reads have no writes (70.544667ms)
✔ source expiry/revoke/correction preserves action and removes valid-basis claim (137.815125ms)
✔ conversation authorization denies writes before action append (65.586375ms)
✔ Application rejects fabricated model output before repository commit (0.17975ms)
✔ read recovery after lost commit response never resends model or write (16.682542ms)
✔ OfflineA and OfflineB operate same repository identity (16.5715ms)
✔ Today single Focus escapes content and never adds action buttons (0.163292ms)
ℹ tests 24
ℹ suites 0
ℹ pass 24
ℹ fail 0
ℹ cancelled 0
ℹ skipped 0
ℹ todo 0
ℹ duration_ms 1201.436625
