✔ default is lightweight and has one detail entry (43.342958ms)
✔ freshness stays per metric and does not claim coverage (0.177667ms)
✔ only one detail area and trend is secondary (4.908333ms)
✔ no fake chat or AI state (0.305167ms)
✔ initial calls are serial and keep existing contract (0.719541ms)
✔ overview error never claims imported or exposes error body (0.189916ms)
✔ null and absence remain gaps while zero stays real (0.13525ms)
✔ source escaping and empty states retained (0.416291ms)
✔ stale requests cannot replace the selected metric (0.204042ms)
✔ inactive auxiliary does not query and exit stops remaining overview requests (0.22225ms)
✔ exited detail request cannot publish late values (0.121417ms)
✔ new entry has fresh instance and mode label never depends on global flag (0.25825ms)
✔ saving configuration and key does not test select or enable (5.976708ms)
✔ explicit four steps are possible without implicit transitions (0.492292ms)
✔ failed key save preserves input and hides raw failure body (0.326292ms)
✔ pending action ignores second click and retains newer input (0.202292ms)
✔ fixed mask never follows length or displays malformed tail (0.171542ms)
✔ model dropdown starts unselected and enable unavailable after successful test (0.559625ms)
✔ Local mode has no key input or cloud model options (0.142833ms)
✔ unknown errors use a fixed message and timeout is not credential TTL (0.112791ms)
✔ entry is inert and exit rejects a late status (0.576083ms)
✔ search results escape originals and source asking remains separate (0.873917ms)
✔ disconnect requires distinct confirmation and supports reconnect (0.238958ms)
✔ real restored controls display fixed targets without starting an operation (0.14075ms)
✔ exit prevents late search from replacing prior results (0.117208ms)
ℹ tests 25
ℹ suites 0
ℹ pass 25
ℹ fail 0
ℹ cancelled 0
ℹ skipped 0
ℹ todo 0
ℹ duration_ms 174.84725
