✔ strong-frame-unlisted-verb (0.632708ms)
✔ strong-frame-another-verb (0.187041ms)
✔ word-internal-negation (0.037792ms)
✔ withdraw-unique (0.061875ms)
✔ withdraw-no-target (0.0775ms)
✔ withdraw-multiple (0.04725ms)
✔ negative-new-intent (0.164458ms)
✔ negative-not-withdrawal (0.078084ms)
✔ cancelled-target (0.039125ms)
✔ finished-target (0.073834ms)
✔ quoted-withdrawal (0.046167ms)
✔ hypothetical (0.028167ms)
✔ question (0.032ms)
✔ uncertain (0.020833ms)
✔ conflicting-clauses (0.082ms)
✔ unsupported-explicit (0.069375ms)
✔ ordinary-chat (0.048209ms)
✔ cloud-affirmation (0.026416ms)
✔ parse-none cannot fall into chat for explicit intent (0.098166ms)
✔ unsupported explicit input never prepares disclosure and keeps draft (1.640209ms)
✔ unsupported no matching cancellation is honest local no-change (0.09475ms)
✔ unsupported read restoration does not parse or write (0.183916ms)
✔ late cancelled parsing cannot write (0.105125ms)
✔ legacy explicit negative new intent never becomes cancellation (0.028584ms)
ℹ tests 24
ℹ suites 0
ℹ pass 24
ℹ fail 0
ℹ cancelled 0
ℹ skipped 0
ℹ todo 0
ℹ duration_ms 42.701875
