{
  "passed": 6,
  "total": 6,
  "networkCalls": 0,
  "restart": {
    "fixture": "p158-c1-67c39ccc-a37f-4347-8b49-3f3f1c0dd8bf",
    "pids": [
      46386,
      46390
    ],
    "oldQuestion": "q:health:available_time:5047591a77f611c76c5cd79aa638c6cd",
    "newQuestion": "q:health:available_time:2b18bdcb8f5bbb42a86c3ad03174c337"
  },
  "results": [
    {
      "name": "expired answered information opens one new gap; history untouched",
      "pass": true
    },
    {
      "name": "valid replacement state answers gap; expired or revoked state does not",
      "pass": true
    },
    {
      "name": "source availability is usable only when current and authorized",
      "pass": true
    },
    {
      "name": "reject remains durable; deferred and ignored respect their scope",
      "pass": true
    },
    {
      "name": "prior answered domain is not an authorization or domain for a new ambiguous request",
      "pass": true
    },
    {
      "name": "expired persisted state after independent restart permits new question and retains old answered row",
      "pass": true
    }
  ]
}
