✔ current UI file selection uses sole import IPC and refreshes terminal status (3.066791ms)
✔ failed start preserves the selected file across idle status and explicit retry (0.812209ms)
✔ starting and running cannot start another import or reopen picker (0.320208ms)
✔ current status restoration keeps original duplicate time without new samples (21.712958ms)
✔ HTML escaping applies to filename and unsupported types (0.16375ms)
✔ unknown failed counts are not fabricated totals (0.045167ms)
✔ Apple observation labels do not imply completeness, identity or revision (0.350292ms)
✔ actual frontend resolver excludes Apple batches and states under all purposes (1.505375ms)
✔ semantic partial success exposes skipped and unprojected without claiming complete coverage (0.216167ms)
✔ health excluded by actual resolver for every purpose, even active/status spoof (2.5845ms)
✔ health view shows unmerged sources, observation freshness, and no fabricated zero (21.981125ms)
✔ failed startup retry cannot overwrite typing between attempts (0.270708ms)
✔ remove uses stored turn identity even public preview has no turnId, cancels before rebuilding (0.48325ms)
✔ remove failure never leaves old send confirmation (0.095541ms)
✔ edit during removal cannot resurrect returned confirmation (0.119958ms)
✔ observation display uses envelope offset, receipt labels device time (0.125209ms)
✔ authorized health expression remains usable while imported raw observations stay excluded (0.148917ms)
✔ raw health kind cannot be promoted by status, source, or eligibility spoof (0.089291ms)
ℹ tests 18
ℹ suites 0
ℹ pass 18
ℹ fail 0
ℹ cancelled 0
ℹ skipped 0
ℹ todo 0
ℹ duration_ms 64.318
