✔ default is lightweight and has one detail entry (9.877208ms)
✔ freshness stays per metric and does not claim coverage (0.147917ms)
✔ only one detail area and trend is secondary (2.239333ms)
✔ no fake chat or AI state (0.132166ms)
✔ initial calls are serial and keep existing contract (0.372917ms)
✔ overview error never claims imported or exposes error body (0.092291ms)
✔ null and absence remain gaps while zero stays real (0.078875ms)
✔ source escaping and empty states retained (0.149917ms)
✔ stale requests cannot replace the selected metric (0.101ms)
✔ inactive auxiliary does not query and exit stops remaining overview requests (0.109ms)
✔ exited detail request cannot publish late values (0.055959ms)
✔ new entry has fresh instance and mode label never depends on global flag (0.13875ms)
✔ saving configuration and key does not test select or enable (2.175792ms)
✔ explicit four steps are possible without implicit transitions (0.208917ms)
✔ failed key save preserves input and hides raw failure body (0.157ms)
✔ pending action ignores second click and retains newer input (0.085333ms)
✔ fixed mask never follows length or displays malformed tail (0.091875ms)
✔ model dropdown starts unselected and enable unavailable after successful test (0.575542ms)
✔ Local mode has no key input or cloud model options (0.120708ms)
✔ unknown errors use a fixed message and timeout is not credential TTL (0.064375ms)
✔ entry is inert and exit rejects a late status (0.411209ms)
✔ search results escape originals and source asking remains separate (0.387833ms)
✔ disconnect requires distinct confirmation and supports reconnect (0.098417ms)
✔ real restored controls display fixed targets without starting an operation (0.045958ms)
✔ exit prevents late search from replacing prior results (0.089708ms)
ℹ tests 25
ℹ suites 0
ℹ pass 25
ℹ fail 0
ℹ cancelled 0
ℹ skipped 0
ℹ todo 0
ℹ duration_ms 49.566625
