✔ current UI file selection uses sole import IPC and refreshes terminal status (2.744541ms)
✔ failed start preserves the selected file across idle status and explicit retry (0.915625ms)
✔ starting and running cannot start another import or reopen picker (0.300166ms)
✔ current status restoration keeps original duplicate time without new samples (8.264208ms)
✔ HTML escaping applies to filename and unsupported types (0.138917ms)
✔ unknown failed counts are not fabricated totals (0.041458ms)
✔ Apple observation labels do not imply completeness, identity or revision (0.3565ms)
✔ actual frontend resolver excludes Apple batches and states under all purposes (1.442417ms)
✔ semantic partial success exposes skipped and unprojected without claiming complete coverage (0.109ms)
✔ health excluded by actual resolver for every purpose, even active/status spoof (2.399625ms)
✔ health view shows unmerged sources, observation freshness, and no fabricated zero (8.9275ms)
✔ failed startup retry cannot overwrite typing between attempts (0.505083ms)
✔ remove uses stored turn identity even public preview has no turnId, cancels before rebuilding (0.586292ms)
✔ remove failure never leaves old send confirmation (0.12025ms)
✔ edit during removal cannot resurrect returned confirmation (0.145084ms)
✔ observation display uses envelope offset, receipt labels device time (0.147417ms)
✔ authorized health expression remains usable while imported raw observations stay excluded (0.144042ms)
✔ raw health kind cannot be promoted by status, source, or eligibility spoof (0.09125ms)
ℹ tests 18
ℹ suites 0
ℹ pass 18
ℹ fail 0
ℹ cancelled 0
ℹ skipped 0
ℹ todo 0
ℹ duration_ms 50.909041
