✔ default is lightweight and has one detail entry (20.153959ms)
✔ freshness stays per metric and does not claim coverage (0.145667ms)
✔ only one detail area and trend is secondary (2.48225ms)
✔ no fake chat or AI state (0.120917ms)
✔ initial calls are serial and keep existing contract (0.357375ms)
✔ overview error never claims imported or exposes error body (0.102459ms)
✔ null and absence remain gaps while zero stays real (0.070334ms)
✔ source escaping and empty states retained (0.143083ms)
✔ stale requests cannot replace the selected metric (0.097375ms)
✔ inactive auxiliary does not query and exit stops remaining overview requests (0.110416ms)
✔ exited detail request cannot publish late values (0.056ms)
✔ new entry has fresh instance and mode label never depends on global flag (0.142667ms)
✔ saving configuration and key does not test select or enable (2.583375ms)
✔ explicit four steps are possible without implicit transitions (0.204167ms)
✔ failed key save preserves input and hides raw failure body (0.163209ms)
✔ pending action ignores second click and retains newer input (0.096208ms)
✔ fixed mask never follows length or displays malformed tail (0.098917ms)
✔ model dropdown starts unselected and enable unavailable after successful test (0.284083ms)
✔ Local mode has no key input or cloud model options (0.149625ms)
✔ unknown errors use a fixed message and timeout is not credential TTL (0.1005ms)
✔ entry is inert and exit rejects a late status (0.980334ms)
✔ search results escape originals and source asking remains separate (0.38125ms)
✔ disconnect requires distinct confirmation and supports reconnect (0.084708ms)
✔ real restored controls display fixed targets without starting an operation (0.052667ms)
✔ exit prevents late search from replacing prior results (0.07625ms)
ℹ tests 25
ℹ suites 0
ℹ pass 25
ℹ fail 0
ℹ cancelled 0
ℹ skipped 0
ℹ todo 0
ℹ duration_ms 62.10425
