✔ strong-frame-unlisted-verb (0.668333ms)
✔ strong-frame-another-verb (0.205208ms)
✔ word-internal-negation (0.036667ms)
✔ withdraw-unique (0.061333ms)
✔ withdraw-no-target (0.07475ms)
✔ withdraw-multiple (0.043292ms)
✔ negative-new-intent (0.161208ms)
✔ negative-not-withdrawal (0.074416ms)
✔ cancelled-target (0.043875ms)
✔ finished-target (0.07125ms)
✔ quoted-withdrawal (0.037958ms)
✔ hypothetical (0.030875ms)
✔ question (0.115542ms)
✔ uncertain (0.022792ms)
✔ conflicting-clauses (0.027708ms)
✔ unsupported-explicit (0.058833ms)
✔ ordinary-chat (0.072083ms)
✔ cloud-affirmation (0.145375ms)
✔ parse-none cannot fall into chat for explicit intent (0.526958ms)
✔ unsupported explicit input never prepares disclosure and keeps draft (2.870666ms)
✔ unsupported no matching cancellation is honest local no-change (0.064167ms)
✔ unsupported read restoration does not parse or write (0.226166ms)
✔ late cancelled parsing cannot write (0.12275ms)
✔ legacy explicit negative new intent never becomes cancellation (0.034209ms)
ℹ tests 24
ℹ suites 0
ℹ pass 24
ℹ fail 0
ℹ cancelled 0
ℹ skipped 0
ℹ todo 0
ℹ duration_ms 45.848042
