✔ current UI file selection uses sole import IPC and refreshes terminal status (2.733083ms)
✔ failed start preserves the selected file across idle status and explicit retry (1.265958ms)
✔ starting and running cannot start another import or reopen picker (0.322166ms)
✔ current status restoration keeps original duplicate time without new samples (21.862875ms)
✔ HTML escaping applies to filename and unsupported types (0.180334ms)
✔ unknown failed counts are not fabricated totals (0.047708ms)
✔ Apple observation labels do not imply completeness, identity or revision (0.379708ms)
✔ actual frontend resolver excludes Apple batches and states under all purposes (1.529583ms)
✔ semantic partial success exposes skipped and unprojected without claiming complete coverage (0.149208ms)
✔ health excluded by actual resolver for every purpose, even active/status spoof (3.218875ms)
✔ health view shows unmerged sources, observation freshness, and no fabricated zero (22.326667ms)
✔ failed startup retry cannot overwrite typing between attempts (0.302ms)
✔ remove uses stored turn identity even public preview has no turnId, cancels before rebuilding (0.507166ms)
✔ remove failure never leaves old send confirmation (0.102125ms)
✔ edit during removal cannot resurrect returned confirmation (0.129833ms)
✔ observation display uses envelope offset, receipt labels device time (0.123708ms)
✔ authorized health expression remains usable while imported raw observations stay excluded (0.138875ms)
✔ raw health kind cannot be promoted by status, source, or eligibility spoof (0.086ms)
ℹ tests 18
ℹ suites 0
ℹ pass 18
ℹ fail 0
ℹ cancelled 0
ℹ skipped 0
ℹ todo 0
ℹ duration_ms 65.1825
