✔ default is lightweight and has one detail entry (10.536042ms)
✔ freshness stays per metric and does not claim coverage (0.157875ms)
✔ only one detail area and trend is secondary (2.023375ms)
✔ no fake chat or AI state (0.099417ms)
✔ initial calls are serial and keep existing contract (0.337833ms)
✔ overview error never claims imported or exposes error body (0.083167ms)
✔ null and absence remain gaps while zero stays real (0.066833ms)
✔ source escaping and empty states retained (0.148292ms)
✔ stale requests cannot replace the selected metric (0.09925ms)
✔ inactive auxiliary does not query and exit stops remaining overview requests (0.107875ms)
✔ exited detail request cannot publish late values (0.057542ms)
✔ new entry has fresh instance and mode label never depends on global flag (0.145833ms)
✔ saving configuration and key does not test select or enable (2.468291ms)
✔ explicit four steps are possible without implicit transitions (0.204791ms)
✔ failed key save preserves input and hides raw failure body (0.169708ms)
✔ pending action ignores second click and retains newer input (0.091541ms)
✔ fixed mask never follows length or displays malformed tail (0.163167ms)
✔ model dropdown starts unselected and enable unavailable after successful test (0.481792ms)
✔ Local mode has no key input or cloud model options (0.118125ms)
✔ unknown errors use a fixed message and timeout is not credential TTL (0.053708ms)
✔ entry is inert and exit rejects a late status (0.405041ms)
✔ search results escape originals and source asking remains separate (0.401792ms)
✔ disconnect requires distinct confirmation and supports reconnect (0.099625ms)
✔ real restored controls display fixed targets without starting an operation (0.049583ms)
✔ exit prevents late search from replacing prior results (0.083959ms)
ℹ tests 25
ℹ suites 0
ℹ pass 25
ℹ fail 0
ℹ cancelled 0
ℹ skipped 0
ℹ todo 0
ℹ duration_ms 51.01725
