✔ actual conversation entry only drafts and prepares v7, no local parser or v5 fallback (3.142125ms)
✔ lost confirmation response recovers read only without another model invocation (0.102917ms)
✖ forged request and false success cannot clear input (0.277333ms)
✔ none receipt cannot impersonate committed action (0.046958ms)
✔ Flow clears draft only after request bound commit then reads stored state (0.247084ms)
✔ Flow failed result keeps draft and unknown status never means success (0.106ms)
ℹ tests 6
ℹ suites 0
ℹ pass 5
ℹ fail 1
ℹ cancelled 0
ℹ skipped 0
ℹ todo 0
ℹ duration_ms 43.781875

✖ failing tests:

test at ../../../../../../private/tmp/lifeos-p3-158-main-chain-v1/offline/mutations-48629e93-25e5-4c2b-8dd7-d4be8541a836/receipt-binding/tests/operation_flow.mjs:9:1
✖ forged request and false success cannot clear input (0.277333ms)
  AssertionError [ERR_ASSERTION]: Missing expected exception.
      at TestContext.<anonymous> (file:///private/tmp/lifeos-p3-158-main-chain-v1/offline/mutations-48629e93-25e5-4c2b-8dd7-d4be8541a836/receipt-binding/tests/operation_flow.mjs:9:207)
      at Test.runInAsyncScope (node:async_hooks:227:14)
      at Test.run (node:internal/test_runner/test:1382:25)
      at Test.processPendingSubtests (node:internal/test_runner/test:960:18)
      at Test.postRun (node:internal/test_runner/test:1522:19)
      at Test.run (node:internal/test_runner/test:1447:12)
      at async Test.processPendingSubtests (node:internal/test_runner/test:960:7) {
    generatedMessage: false,
    code: 'ERR_ASSERTION',
    actual: undefined,
    expected: undefined,
    operator: 'throws',
    diff: 'simple'
  }
