{
  "passed": 6,
  "total": 6,
  "networkCalls": 0,
  "restart": {
    "fixture": "p158-c1-7ebb1561-2077-4928-b318-8f7ff50fbfb0",
    "pids": [
      35638,
      35642
    ],
    "oldQuestion": "q:health:available_time:fa19f59041fbb760e0ca64ce494fe788",
    "newQuestion": "q:health:available_time:fcb4e19ea0dcd118cc356785fa2a9ec1"
  },
  "results": [
    {
      "name": "expired answered information opens one new gap; history untouched",
      "pass": true
    },
    {
      "name": "valid replacement state answers gap; expired or revoked state does not",
      "pass": true
    },
    {
      "name": "source availability is usable only when current and authorized",
      "pass": true
    },
    {
      "name": "reject remains durable; deferred and ignored respect their scope",
      "pass": true
    },
    {
      "name": "prior answered domain is not an authorization or domain for a new ambiguous request",
      "pass": true
    },
    {
      "name": "expired persisted state after independent restart permits new question and retains old answered row",
      "pass": true
    }
  ]
}
