✔ valid receipt none// (0.482083ms)
✔ valid receipt clarify// (0.080875ms)
✔ valid receipt action// (0.074042ms)
✔ valid receipt condition_only/unknown/condition_unknown (0.040292ms)
✔ valid receipt condition_only/false/condition_false (0.056208ms)
✔ valid receipt condition_only/true/record_only (0.042708ms)
✔ valid receipt condition_and_action/true/ (0.039834ms)
✖ production confirm rejects wrong-turn before success (0.840292ms)
✖ production confirm rejects wrong-operation-identity before success (0.100416ms)
✖ production confirm rejects missing-event before success (0.182917ms)
✖ production confirm rejects invalid-action-version before success (0.07175ms)
✖ production confirm rejects unexpected-permission before success (0.063042ms)
✖ production confirm rejects false-action-condition before success (0.080667ms)
✖ production confirm rejects false-business-change before success (0.051166ms)
✖ production confirm rejects inconsistent-status before success (0.039916ms)
✖ production confirm rejects extra-receipt-field before success (0.045375ms)
✖ production confirm rejects oversized-reply before success (0.052709ms)
✖ none cannot disguise an action event (0.0575ms)
✖ condition-only reason must agree with truth (0.044208ms)
ℹ tests 19
ℹ suites 0
ℹ pass 7
ℹ fail 12
ℹ cancelled 0
ℹ skipped 0
ℹ todo 0
ℹ duration_ms 48.662959

✖ failing tests:

test at ../../../../../../private/tmp/lifeos-p3-158-main-chain-v1/build/D0670-mutations-d3ad3e9c-492d-4990-9019-fefcc1ee77ca/frontend-success-receipt/tests/coordination_receipt.mjs:22:38
✖ production confirm rejects wrong-turn before success (0.840292ms)
  AssertionError [ERR_ASSERTION]: Missing expected rejection.
      at async TestContext.<anonymous> (file:///private/tmp/lifeos-p3-158-main-chain-v1/build/D0670-mutations-d3ad3e9c-492d-4990-9019-fefcc1ee77ca/frontend-success-receipt/tests/coordination_receipt.mjs:22:161)
      at async Test.run (node:internal/test_runner/test:1389:7)
      at async Test.processPendingSubtests (node:internal/test_runner/test:960:7) {
    generatedMessage: false,
    code: 'ERR_ASSERTION',
    actual: undefined,
    operator: 'rejects',
    diff: 'simple'
  }

test at ../../../../../../private/tmp/lifeos-p3-158-main-chain-v1/build/D0670-mutations-d3ad3e9c-492d-4990-9019-fefcc1ee77ca/frontend-success-receipt/tests/coordination_receipt.mjs:22:38
✖ production confirm rejects wrong-operation-identity before success (0.100416ms)
  AssertionError [ERR_ASSERTION]: Missing expected rejection.
      at async TestContext.<anonymous> (file:///private/tmp/lifeos-p3-158-main-chain-v1/build/D0670-mutations-d3ad3e9c-492d-4990-9019-fefcc1ee77ca/frontend-success-receipt/tests/coordination_receipt.mjs:22:161)
      at async Test.run (node:internal/test_runner/test:1389:7)
      at async Test.processPendingSubtests (node:internal/test_runner/test:960:7) {
    generatedMessage: false,
    code: 'ERR_ASSERTION',
    actual: undefined,
    operator: 'rejects',
    diff: 'simple'
  }

test at ../../../../../../private/tmp/lifeos-p3-158-main-chain-v1/build/D0670-mutations-d3ad3e9c-492d-4990-9019-fefcc1ee77ca/frontend-success-receipt/tests/coordination_receipt.mjs:22:38
✖ production confirm rejects missing-event before success (0.182917ms)
  AssertionError [ERR_ASSERTION]: Missing expected rejection.
      at async TestContext.<anonymous> (file:///private/tmp/lifeos-p3-158-main-chain-v1/build/D0670-mutations-d3ad3e9c-492d-4990-9019-fefcc1ee77ca/frontend-success-receipt/tests/coordination_receipt.mjs:22:161)
      at async Test.run (node:internal/test_runner/test:1389:7)
      at async Test.processPendingSubtests (node:internal/test_runner/test:960:7) {
    generatedMessage: false,
    code: 'ERR_ASSERTION',
    actual: undefined,
    operator: 'rejects',
    diff: 'simple'
  }

test at ../../../../../../private/tmp/lifeos-p3-158-main-chain-v1/build/D0670-mutations-d3ad3e9c-492d-4990-9019-fefcc1ee77ca/frontend-success-receipt/tests/coordination_receipt.mjs:22:38
✖ production confirm rejects invalid-action-version before success (0.07175ms)
  AssertionError [ERR_ASSERTION]: Missing expected rejection.
      at async TestContext.<anonymous> (file:///private/tmp/lifeos-p3-158-main-chain-v1/build/D0670-mutations-d3ad3e9c-492d-4990-9019-fefcc1ee77ca/frontend-success-receipt/tests/coordination_receipt.mjs:22:161)
      at async Test.run (node:internal/test_runner/test:1389:7)
      at async Test.processPendingSubtests (node:internal/test_runner/test:960:7) {
    generatedMessage: false,
    code: 'ERR_ASSERTION',
    actual: undefined,
    operator: 'rejects',
    diff: 'simple'
  }

test at ../../../../../../private/tmp/lifeos-p3-158-main-chain-v1/build/D0670-mutations-d3ad3e9c-492d-4990-9019-fefcc1ee77ca/frontend-success-receipt/tests/coordination_receipt.mjs:22:38
✖ production confirm rejects unexpected-permission before success (0.063042ms)
  AssertionError [ERR_ASSERTION]: Missing expected rejection.
      at async TestContext.<anonymous> (file:///private/tmp/lifeos-p3-158-main-chain-v1/build/D0670-mutations-d3ad3e9c-492d-4990-9019-fefcc1ee77ca/frontend-success-receipt/tests/coordination_receipt.mjs:22:161)
      at async Test.run (node:internal/test_runner/test:1389:7)
      at async Test.processPendingSubtests (node:internal/test_runner/test:960:7) {
    generatedMessage: false,
    code: 'ERR_ASSERTION',
    actual: undefined,
    operator: 'rejects',
    diff: 'simple'
  }

test at ../../../../../../private/tmp/lifeos-p3-158-main-chain-v1/build/D0670-mutations-d3ad3e9c-492d-4990-9019-fefcc1ee77ca/frontend-success-receipt/tests/coordination_receipt.mjs:22:38
✖ production confirm rejects false-action-condition before success (0.080667ms)
  AssertionError [ERR_ASSERTION]: Missing expected rejection.
      at async TestContext.<anonymous> (file:///private/tmp/lifeos-p3-158-main-chain-v1/build/D0670-mutations-d3ad3e9c-492d-4990-9019-fefcc1ee77ca/frontend-success-receipt/tests/coordination_receipt.mjs:22:161)
      at async Test.run (node:internal/test_runner/test:1389:7)
      at async Test.processPendingSubtests (node:internal/test_runner/test:960:7) {
    generatedMessage: false,
    code: 'ERR_ASSERTION',
    actual: undefined,
    operator: 'rejects',
    diff: 'simple'
  }

test at ../../../../../../private/tmp/lifeos-p3-158-main-chain-v1/build/D0670-mutations-d3ad3e9c-492d-4990-9019-fefcc1ee77ca/frontend-success-receipt/tests/coordination_receipt.mjs:22:38
✖ production confirm rejects false-business-change before success (0.051166ms)
  AssertionError [ERR_ASSERTION]: Missing expected rejection.
      at async TestContext.<anonymous> (file:///private/tmp/lifeos-p3-158-main-chain-v1/build/D0670-mutations-d3ad3e9c-492d-4990-9019-fefcc1ee77ca/frontend-success-receipt/tests/coordination_receipt.mjs:22:161)
      at async Test.run (node:internal/test_runner/test:1389:7)
      at async Test.processPendingSubtests (node:internal/test_runner/test:960:7) {
    generatedMessage: false,
    code: 'ERR_ASSERTION',
    actual: undefined,
    operator: 'rejects',
    diff: 'simple'
  }

test at ../../../../../../private/tmp/lifeos-p3-158-main-chain-v1/build/D0670-mutations-d3ad3e9c-492d-4990-9019-fefcc1ee77ca/frontend-success-receipt/tests/coordination_receipt.mjs:22:38
✖ production confirm rejects inconsistent-status before success (0.039916ms)
  AssertionError [ERR_ASSERTION]: Missing expected rejection.
      at async TestContext.<anonymous> (file:///private/tmp/lifeos-p3-158-main-chain-v1/build/D0670-mutations-d3ad3e9c-492d-4990-9019-fefcc1ee77ca/frontend-success-receipt/tests/coordination_receipt.mjs:22:161)
      at async Test.run (node:internal/test_runner/test:1389:7)
      at async Test.processPendingSubtests (node:internal/test_runner/test:960:7) {
    generatedMessage: false,
    code: 'ERR_ASSERTION',
    actual: undefined,
    operator: 'rejects',
    diff: 'simple'
  }

test at ../../../../../../private/tmp/lifeos-p3-158-main-chain-v1/build/D0670-mutations-d3ad3e9c-492d-4990-9019-fefcc1ee77ca/frontend-success-receipt/tests/coordination_receipt.mjs:22:38
✖ production confirm rejects extra-receipt-field before success (0.045375ms)
  AssertionError [ERR_ASSERTION]: Missing expected rejection.
      at async TestContext.<anonymous> (file:///private/tmp/lifeos-p3-158-main-chain-v1/build/D0670-mutations-d3ad3e9c-492d-4990-9019-fefcc1ee77ca/frontend-success-receipt/tests/coordination_receipt.mjs:22:161)
      at async Test.run (node:internal/test_runner/test:1389:7)
      at async Test.processPendingSubtests (node:internal/test_runner/test:960:7) {
    generatedMessage: false,
    code: 'ERR_ASSERTION',
    actual: undefined,
    operator: 'rejects',
    diff: 'simple'
  }

test at ../../../../../../private/tmp/lifeos-p3-158-main-chain-v1/build/D0670-mutations-d3ad3e9c-492d-4990-9019-fefcc1ee77ca/frontend-success-receipt/tests/coordination_receipt.mjs:22:38
✖ production confirm rejects oversized-reply before success (0.052709ms)
  AssertionError [ERR_ASSERTION]: Missing expected rejection.
      at async TestContext.<anonymous> (file:///private/tmp/lifeos-p3-158-main-chain-v1/build/D0670-mutations-d3ad3e9c-492d-4990-9019-fefcc1ee77ca/frontend-success-receipt/tests/coordination_receipt.mjs:22:161)
      at async Test.run (node:internal/test_runner/test:1389:7)
      at async Test.processPendingSubtests (node:internal/test_runner/test:960:7) {
    generatedMessage: false,
    code: 'ERR_ASSERTION',
    actual: undefined,
    operator: 'rejects',
    diff: 'simple'
  }

test at ../../../../../../private/tmp/lifeos-p3-158-main-chain-v1/build/D0670-mutations-d3ad3e9c-492d-4990-9019-fefcc1ee77ca/frontend-success-receipt/tests/coordination_receipt.mjs:23:1
✖ none cannot disguise an action event (0.0575ms)
  AssertionError [ERR_ASSERTION]: Missing expected rejection.
      at async TestContext.<anonymous> (file:///private/tmp/lifeos-p3-158-main-chain-v1/build/D0670-mutations-d3ad3e9c-492d-4990-9019-fefcc1ee77ca/frontend-success-receipt/tests/coordination_receipt.mjs:23:115)
      at async Test.run (node:internal/test_runner/test:1389:7)
      at async Test.processPendingSubtests (node:internal/test_runner/test:960:7) {
    generatedMessage: false,
    code: 'ERR_ASSERTION',
    actual: undefined,
    operator: 'rejects',
    diff: 'simple'
  }

test at ../../../../../../private/tmp/lifeos-p3-158-main-chain-v1/build/D0670-mutations-d3ad3e9c-492d-4990-9019-fefcc1ee77ca/frontend-success-receipt/tests/coordination_receipt.mjs:24:1
✖ condition-only reason must agree with truth (0.044208ms)
  AssertionError [ERR_ASSERTION]: Missing expected rejection.
      at async TestContext.<anonymous> (file:///private/tmp/lifeos-p3-158-main-chain-v1/build/D0670-mutations-d3ad3e9c-492d-4990-9019-fefcc1ee77ca/frontend-success-receipt/tests/coordination_receipt.mjs:24:173)
      at async Test.run (node:internal/test_runner/test:1389:7)
      at async Test.processPendingSubtests (node:internal/test_runner/test:960:7) {
    generatedMessage: false,
    code: 'ERR_ASSERTION',
    actual: undefined,
    operator: 'rejects',
    diff: 'simple'
  }
