✔ strong-frame-unlisted-verb (0.642667ms)
✔ strong-frame-another-verb (0.195666ms)
✔ word-internal-negation (0.039333ms)
✔ withdraw-unique (0.061041ms)
✔ withdraw-no-target (0.075334ms)
✔ withdraw-multiple (0.042583ms)
✔ negative-new-intent (0.166834ms)
✔ negative-not-withdrawal (0.076416ms)
✔ cancelled-target (0.041833ms)
✔ finished-target (0.074917ms)
✔ quoted-withdrawal (0.045125ms)
✔ hypothetical (0.028208ms)
✔ question (0.029875ms)
✔ uncertain (0.020875ms)
✔ conflicting-clauses (0.025667ms)
✔ unsupported-explicit (0.033292ms)
✔ ordinary-chat (0.034958ms)
✔ cloud-affirmation (0.043ms)
✔ parse-none cannot fall into chat for explicit intent (0.100542ms)
✔ unsupported explicit input never prepares disclosure and keeps draft (1.954333ms)
✔ unsupported no matching cancellation is honest local no-change (0.066542ms)
✔ unsupported read restoration does not parse or write (0.121417ms)
✔ late cancelled parsing cannot write (0.090166ms)
✔ legacy explicit negative new intent never becomes cancellation (0.025375ms)
ℹ tests 24
ℹ suites 0
ℹ pass 24
ℹ fail 0
ℹ cancelled 0
ℹ skipped 0
ℹ todo 0
ℹ duration_ms 43.805542
