✔ valid receipt none// (0.570708ms)
✔ valid receipt clarify// (0.062375ms)
✔ valid receipt action// (0.064125ms)
✔ valid receipt condition_only/unknown/condition_unknown (0.136625ms)
✔ valid receipt condition_only/false/condition_false (0.11825ms)
✔ valid receipt condition_only/true/record_only (0.050917ms)
✔ valid receipt condition_and_action/true/ (0.046625ms)
✔ production confirm rejects wrong-turn before success (0.251834ms)
✔ production confirm rejects wrong-operation-identity before success (0.084083ms)
✔ production confirm rejects missing-event before success (0.122375ms)
✔ production confirm rejects invalid-action-version before success (0.072542ms)
✔ production confirm rejects unexpected-permission before success (0.052083ms)
✔ production confirm rejects false-action-condition before success (0.052541ms)
✔ production confirm rejects false-business-change before success (0.041584ms)
✔ production confirm rejects inconsistent-status before success (0.047917ms)
✔ production confirm rejects extra-receipt-field before success (0.045375ms)
✔ production confirm rejects oversized-reply before success (0.055708ms)
✔ none cannot disguise an action event (0.043292ms)
✔ condition-only reason must agree with truth (0.033ms)
✔ retry preparation preserves terminal provider failure without another send (0.359375ms)
ℹ tests 20
ℹ suites 0
ℹ pass 20
ℹ fail 0
ℹ cancelled 0
ℹ skipped 0
ℹ todo 0
ℹ duration_ms 40.856542
