{
  "passed": 6,
  "total": 6,
  "networkCalls": 0,
  "restart": {
    "fixture": "p158-c1-f9dc5e61-e0e4-4e56-beae-a2b8b75e26ce",
    "pids": [
      68409,
      68413
    ],
    "oldQuestion": "q:health:available_time:8b20086bfaa29ed8ef1762f051cf6bc2",
    "newQuestion": "q:health:available_time:3b60a7ee9749d2fdc25d16d7394d6aff"
  },
  "results": [
    {
      "name": "expired answered information opens one new gap; history untouched",
      "pass": true
    },
    {
      "name": "valid replacement state answers gap; expired or revoked state does not",
      "pass": true
    },
    {
      "name": "source availability is usable only when current and authorized",
      "pass": true
    },
    {
      "name": "reject remains durable; deferred and ignored respect their scope",
      "pass": true
    },
    {
      "name": "prior answered domain is not an authorization or domain for a new ambiguous request",
      "pass": true
    },
    {
      "name": "expired persisted state after independent restart permits new question and retains old answered row",
      "pass": true
    }
  ]
}
