✔ current UI file selection uses sole import IPC and refreshes terminal status (2.52675ms)
✔ failed start preserves the selected file across idle status and explicit retry (0.68425ms)
✔ starting and running cannot start another import or reopen picker (0.436625ms)
✔ current status restoration keeps original duplicate time without new samples (22.15175ms)
✔ HTML escaping applies to filename and unsupported types (0.180959ms)
✔ unknown failed counts are not fabricated totals (0.047333ms)
✔ Apple observation labels do not imply completeness, identity or revision (0.36725ms)
✔ actual frontend resolver excludes Apple batches and states under all purposes (1.499625ms)
✔ semantic partial success exposes skipped and unprojected without claiming complete coverage (0.152458ms)
✔ health excluded by actual resolver for every purpose, even active/status spoof (2.406875ms)
✔ health view shows unmerged sources, observation freshness, and no fabricated zero (24.022959ms)
✔ failed startup retry cannot overwrite typing between attempts (0.288541ms)
✔ remove uses stored turn identity even public preview has no turnId, cancels before rebuilding (0.500291ms)
✔ remove failure never leaves old send confirmation (0.101042ms)
✔ edit during removal cannot resurrect returned confirmation (0.125583ms)
✔ observation display uses envelope offset, receipt labels device time (0.127541ms)
✔ authorized health expression remains usable while imported raw observations stay excluded (0.138125ms)
✔ raw health kind cannot be promoted by status, source, or eligibility spoof (0.086708ms)
ℹ tests 18
ℹ suites 0
ℹ pass 18
ℹ fail 0
ℹ cancelled 0
ℹ skipped 0
ℹ todo 0
ℹ duration_ms 65.037583
