✔ default is lightweight and has one detail entry (9.755875ms)
✔ freshness stays per metric and does not claim coverage (0.261667ms)
✔ only one detail area and trend is secondary (2.260709ms)
✔ no fake chat or AI state (0.102042ms)
✔ initial calls are serial and keep existing contract (0.34225ms)
✔ overview error never claims imported or exposes error body (0.08625ms)
✔ null and absence remain gaps while zero stays real (0.067666ms)
✔ source escaping and empty states retained (0.136958ms)
✔ stale requests cannot replace the selected metric (0.104833ms)
✔ inactive auxiliary does not query and exit stops remaining overview requests (0.107ms)
✔ exited detail request cannot publish late values (0.0555ms)
✔ new entry has fresh instance and mode label never depends on global flag (0.142458ms)
✔ saving configuration and key does not test select or enable (2.512291ms)
✔ explicit four steps are possible without implicit transitions (0.219166ms)
✔ failed key save preserves input and hides raw failure body (0.1625ms)
✔ pending action ignores second click and retains newer input (0.088541ms)
✔ fixed mask never follows length or displays malformed tail (0.09075ms)
✔ model dropdown starts unselected and enable unavailable after successful test (0.2845ms)
✔ Local mode has no key input or cloud model options (0.074875ms)
✔ unknown errors use a fixed message and timeout is not credential TTL (0.046416ms)
✔ entry is inert and exit rejects a late status (0.424ms)
✔ search results escape originals and source asking remains separate (0.387458ms)
✔ disconnect requires distinct confirmation and supports reconnect (0.093292ms)
✔ real restored controls display fixed targets without starting an operation (0.048583ms)
✔ exit prevents late search from replacing prior results (0.083125ms)
ℹ tests 25
ℹ suites 0
ℹ pass 25
ℹ fail 0
ℹ cancelled 0
ℹ skipped 0
ℹ todo 0
ℹ duration_ms 49.922333
