test_attachments_never_parse (__main__.ParserTests) ... ok
test_bad_root (__main__.ParserTests) ... ok
test_bad_values_dates (__main__.ParserTests) ... ok
test_chinese_not_asleep (__main__.ParserTests) ... ok
test_cross_offset_record_rejected (__main__.ParserTests) ... ok
test_entity_denied (__main__.ParserTests) ... ok
test_escaping (__main__.ParserTests) ... ok
test_external_dtd_denied (__main__.ParserTests) ... ok
test_internal_entity_denied (__main__.ParserTests) ... ok
test_limits (__main__.ParserTests) ... ok
test_normal_inline_dtd_and_zip (__main__.ParserTests) ... ok
test_offset_and_crossday (__main__.ParserTests) ... ok
test_over_legacy_limits (__main__.ParserTests) ... ok
test_sleep_identifiers (__main__.ParserTests) ... ok
test_truncated (__main__.ParserTests) ... ok
test_units (__main__.ParserTests) ... ok
test_unknown_type (__main__.ParserTests) ... ok
test_zip_ambiguous (__main__.ParserTests) ... ok
test_zip_bomb_and_entries (__main__.ParserTests) ... ok
test_zip_central_allocation_bound (__main__.ParserTests) ... ok
test_zip_crc (__main__.ParserTests) ... ok
test_zip_duplicates (__main__.ParserTests) ... ok
test_zip_encrypted (__main__.ParserTests) ... ok
test_zip_multidisk_and_zip64 (__main__.ParserTests) ... ok
test_zip_paths (__main__.ParserTests) ... ok
test_zip_symlink (__main__.ParserTests) ... ok

----------------------------------------------------------------------
Ran 26 tests in 0.018s

OK
