(node:35316) ExperimentalWarning: stripTypeScriptTypes is an experimental feature and might change at any time
(Use `node --trace-warnings ...` to show where the warning was created)
✔ public address rejects SSRF representations and private/reserved space (0.936625ms)
✔ direct target body and lineage; no recursive requests (1.170458ms)
✔ fail closed not-granted (0.146375ms)
✔ fail closed query (0.04875ms)
✔ fail closed private (0.103292ms)
✔ fail closed peer (0.090208ms)
✔ fail closed revoke (0.072041ms)
✔ fail closed size (0.260333ms)
✔ fail closed 404 (0.119ms)
✔ fail closed auth (0.125125ms)
✔ fail closed timeout (0.101083ms)
✔ fail closed mime (0.070792ms)
✔ each redirect requires its own grant (0.178583ms)
✔ redirect bound and cycle (0.192625ms)
ℹ tests 14
ℹ suites 0
ℹ pass 14
ℹ fail 0
ℹ cancelled 0
ℹ skipped 0
ℹ todo 0
ℹ duration_ms 74.282834
