✔ strong-frame-unlisted-verb (0.696541ms)
✔ strong-frame-another-verb (0.227542ms)
✔ word-internal-negation (0.03925ms)
✔ withdraw-unique (0.072083ms)
✔ withdraw-no-target (0.0905ms)
✔ withdraw-multiple (0.041666ms)
✔ negative-new-intent (0.21225ms)
✔ negative-not-withdrawal (0.081542ms)
✔ cancelled-target (0.044459ms)
✔ finished-target (0.080458ms)
✔ quoted-withdrawal (0.065125ms)
✔ hypothetical (0.0275ms)
✔ question (0.028708ms)
✔ uncertain (0.021042ms)
✔ conflicting-clauses (0.026458ms)
✔ unsupported-explicit (0.042208ms)
✔ ordinary-chat (0.027792ms)
✔ cloud-affirmation (0.034875ms)
✔ parse-none cannot fall into chat for explicit intent (0.09575ms)
✔ unsupported explicit input never prepares disclosure and keeps draft (1.82575ms)
✔ unsupported no matching cancellation is honest local no-change (0.066542ms)
✔ unsupported read restoration does not parse or write (0.126375ms)
✔ late cancelled parsing cannot write (0.145834ms)
✔ legacy explicit negative new intent never becomes cancellation (0.03075ms)
ℹ tests 24
ℹ suites 0
ℹ pass 24
ℹ fail 0
ℹ cancelled 0
ℹ skipped 0
ℹ todo 0
ℹ duration_ms 47.1435
