designated => identifier "local.lifeos.p3-158.main-chain.alias-metadata" and certificate root = H"7490dc97208f45420c4dfc9c48ddf6f59113b6f4"
Executable=/private/tmp/lifeos-p3-158-main-chain-v1/build/signing-v1/D0672-second/LifeOS P3-158 Online Test.app/Contents/Resources/alias_metadata
Identifier=local.lifeos.p3-158.main-chain.alias-metadata
Format=Mach-O thin (arm64)
CodeDirectory v=20400 size=326 flags=0x0(none) hashes=4+2 location=embedded
VersionPlatform=1
VersionMin=1703936
VersionSDK=1705216
Hash type=sha256 size=32
CandidateCDHash sha256=e8c666758d932a25a19c3f788f0d742d5d90bc7f
CandidateCDHashFull sha256=e8c666758d932a25a19c3f788f0d742d5d90bc7f83b1ebd2a9d5a9ae9518a3f5
Hash choices=sha256
CMSDigest=e8c666758d932a25a19c3f788f0d742d5d90bc7f83b1ebd2a9d5a9ae9518a3f5
CMSDigestType=2
Executable Segment base=0
Executable Segment limit=16384
Executable Segment flags=0x1
Page size=16384
CDHash=e8c666758d932a25a19c3f788f0d742d5d90bc7f
Signature size=1743
Authority=LifeOS P3-158 Local Development Signing
Signed Time=Sep 10, 2026 at 18:19:04
Info.plist=not bound
TeamIdentifier=not set
Sealed Resources=none
