designated => identifier "local.lifeos.p3-158.main-chain" and certificate root = H"7490dc97208f45420c4dfc9c48ddf6f59113b6f4"
Executable=/private/tmp/lifeos-p3-158-main-chain-v1/build/signing-v1/D0672-rebuilt/LifeOS P3-158 Online Test.app/Contents/MacOS/lifeos-p3-152
Identifier=local.lifeos.p3-158.main-chain
Format=app bundle with Mach-O thin (arm64)
CodeDirectory v=20400 size=71511 flags=0x0(none) hashes=2228+3 location=embedded
VersionPlatform=1
VersionMin=720896
VersionSDK=1705216
Hash type=sha256 size=32
CandidateCDHash sha256=0a84e786cec26c298c435ebb42928f2a2720c7a0
CandidateCDHashFull sha256=0a84e786cec26c298c435ebb42928f2a2720c7a04472f824bd8650bdc83b7c95
Hash choices=sha256
CMSDigest=0a84e786cec26c298c435ebb42928f2a2720c7a04472f824bd8650bdc83b7c95
CMSDigestType=2
Executable Segment base=0
Executable Segment limit=17612800
Executable Segment flags=0x1
Page size=16384
CDHash=0a84e786cec26c298c435ebb42928f2a2720c7a0
Signature size=1743
Authority=LifeOS P3-158 Local Development Signing
Signed Time=Sep 10, 2026 at 18:28:36
Info.plist entries=7
TeamIdentifier=not set
Sealed Resources version=2 rules=13 files=1
