designated => identifier "local.lifeos.p3-158.main-chain" and certificate root = H"7490dc97208f45420c4dfc9c48ddf6f59113b6f4"
Executable=/private/tmp/lifeos-p3-158-main-chain-v1/build/signing-v1/D0672-second/LifeOS P3-158 Online Test.app/Contents/MacOS/lifeos-p3-152
Identifier=local.lifeos.p3-158.main-chain
Format=app bundle with Mach-O thin (arm64)
CodeDirectory v=20400 size=71511 flags=0x0(none) hashes=2228+3 location=embedded
VersionPlatform=1
VersionMin=720896
VersionSDK=1705216
Hash type=sha256 size=32
CandidateCDHash sha256=f080dfb0dd894d4193552f48bdaad854ad36d171
CandidateCDHashFull sha256=f080dfb0dd894d4193552f48bdaad854ad36d171c328ebc8fabde84284d42a37
Hash choices=sha256
CMSDigest=f080dfb0dd894d4193552f48bdaad854ad36d171c328ebc8fabde84284d42a37
CMSDigestType=2
Executable Segment base=0
Executable Segment limit=17612800
Executable Segment flags=0x1
Page size=16384
CDHash=f080dfb0dd894d4193552f48bdaad854ad36d171
Signature size=1743
Authority=LifeOS P3-158 Local Development Signing
Signed Time=Sep 10, 2026 at 18:19:54
Info.plist entries=7
TeamIdentifier=not set
Sealed Resources version=2 rules=13 files=1
