{
  "passed": 6,
  "total": 6,
  "networkCalls": 0,
  "restart": {
    "fixture": "p158-c1-238f5ccf-ba06-40d6-8dea-108e71256fbf",
    "pids": [
      6605,
      6609
    ],
    "oldQuestion": "q:health:available_time:90cd7261c42a93b0eda9b7de78a35d7a",
    "newQuestion": "q:health:available_time:26db2ce4ab3205cc9dc5efa4db65ba80"
  },
  "results": [
    {
      "name": "expired answered information opens one new gap; history untouched",
      "pass": true
    },
    {
      "name": "valid replacement state answers gap; expired or revoked state does not",
      "pass": true
    },
    {
      "name": "source availability is usable only when current and authorized",
      "pass": true
    },
    {
      "name": "reject remains durable; deferred and ignored respect their scope",
      "pass": true
    },
    {
      "name": "prior answered domain is not an authorization or domain for a new ambiguous request",
      "pass": true
    },
    {
      "name": "expired persisted state after independent restart permits new question and retains old answered row",
      "pass": true
    }
  ]
}
