✔ default is lightweight and has one detail entry (9.865375ms)
✔ freshness stays per metric and does not claim coverage (0.175875ms)
✔ only one detail area and trend is secondary (2.627291ms)
✔ no fake chat or AI state (0.12325ms)
✔ initial calls are serial and keep existing contract (0.352292ms)
✔ overview error never claims imported or exposes error body (0.1035ms)
✔ null and absence remain gaps while zero stays real (0.073708ms)
✔ source escaping and empty states retained (0.175792ms)
✔ stale requests cannot replace the selected metric (0.105125ms)
✔ inactive auxiliary does not query and exit stops remaining overview requests (0.117542ms)
✔ exited detail request cannot publish late values (0.058917ms)
✔ new entry has fresh instance and mode label never depends on global flag (0.1545ms)
✔ saving configuration and key does not test select or enable (2.272125ms)
✔ explicit four steps are possible without implicit transitions (0.200416ms)
✔ failed key save preserves input and hides raw failure body (0.165666ms)
✔ pending action ignores second click and retains newer input (0.088458ms)
✔ fixed mask never follows length or displays malformed tail (0.097708ms)
✔ model dropdown starts unselected and enable unavailable after successful test (0.280625ms)
✔ Local mode has no key input or cloud model options (0.07525ms)
✔ unknown errors use a fixed message and timeout is not credential TTL (0.047042ms)
✔ entry is inert and exit rejects a late status (0.404625ms)
✔ search results escape originals and source asking remains separate (0.402084ms)
✔ disconnect requires distinct confirmation and supports reconnect (0.101916ms)
✔ real restored controls display fixed targets without starting an operation (0.048583ms)
✔ exit prevents late search from replacing prior results (0.088166ms)
ℹ tests 25
ℹ suites 0
ℹ pass 25
ℹ fail 0
ℹ cancelled 0
ℹ skipped 0
ℹ todo 0
ℹ duration_ms 53.526625
