✔ no action for "他说“报告结论做完了”。" (0.543583ms)
✔ no action for "假如报告结论做完了就好了。" (0.088083ms)
✔ no action for "报告结论还没做完。" (0.291333ms)
✔ no action for "我不打算明天整理报告结论。" (0.211291ms)
✔ no action for "今天聊天挺有意思。" (0.056458ms)
✔ no action for "" (0.03975ms)
✔ no action for "我今天心情很好。" (0.08225ms)
✔ no action for "我明天可以做什么？" (0.032333ms)
✔ no action for "不要把报告标记为完成" (0.071459ms)
✔ no action for "如果我明天做这个呢？" (0.061583ms)
✔ natural conversation create adjust complete and immutable history (599.126542ms)
✔ same submission replay and different payload reject (19.023583ms)
✔ multiple targets clarify, plain natural target response resolves once (26.01975ms)
✔ single current target cancellation and terminal refusal (21.10925ms)
✔ stale expected version rejects late commit (20.025958ms)
✔ forged model intent and target rejected by real Host (22.083417ms)
✔ fault transaction rolls back all action assets and retains draft (69.931541ms)
✔ restart restores identity feedback and status, reads have no writes (75.049375ms)
✔ source expiry/revoke/correction preserves action and removes valid-basis claim (236.272334ms)
✔ conversation authorization denies writes before action append (67.699ms)
✔ Application rejects fabricated model output before repository commit (0.195291ms)
✔ read recovery after lost commit response never resends model or write (21.169333ms)
✔ OfflineA and OfflineB operate same repository identity (21.305042ms)
✔ Today single Focus escapes content and never adds action buttons (0.175708ms)
✔ actual model suggestion stays candidate until explicit pronoun acceptance (1323.654708ms)
✔ multiple targets beyond first page cannot imply one (100.451292ms)
✔ expired packet and cancelled draft reject commits (43.328167ms)
✔ snapshot is read-only and incompatible v6 fields fail closed (16.32225ms)
✔ uncertain/historical expression does not create: 我明天整理报告吗 (0.108167ms)
✔ uncertain/historical expression does not create: 我今天写报告很累 (0.031833ms)
✔ uncertain/historical expression does not create: 我今天散步了 (0.024875ms)
✔ uncertain/historical expression does not create: 我明天可能整理报告 (0.032834ms)
✔ uncertain/historical expression does not create: 我明天整理报告，只是举例 (0.012416ms)
✔ completed history does not obscure the only current planned target (25.474708ms)
✔ stale model derivation cannot be accepted via pronoun (1317.604209ms)
✔ Host refuses changing confirmed content inside an otherwise valid parsed create (18.420084ms)
✔ closure generalized creation and exact withdrawal persist across restart (25.625709ms)
✔ closure no target or multiple normalized targets cannot silently cancel (25.397292ms)
✔ closure Host rejects arbitrary negativity and unsupported fallback forgery (22.308917ms)
ℹ tests 39
ℹ suites 0
ℹ pass 39
ℹ fail 0
ℹ cancelled 0
ℹ skipped 0
ℹ todo 0
ℹ duration_ms 4161.071
