✔ strong-frame-unlisted-verb (0.686042ms)
✔ strong-frame-another-verb (0.204166ms)
✔ word-internal-negation (0.192333ms)
✔ withdraw-unique (0.192ms)
✔ withdraw-no-target (0.194334ms)
✔ withdraw-multiple (0.099084ms)
✔ negative-new-intent (0.339292ms)
✔ negative-not-withdrawal (0.120291ms)
✔ cancelled-target (0.070375ms)
✔ finished-target (0.093167ms)
✔ quoted-withdrawal (0.041458ms)
✔ hypothetical (0.051417ms)
✔ question (0.040083ms)
✔ uncertain (0.024542ms)
✔ conflicting-clauses (0.03175ms)
✔ unsupported-explicit (0.084625ms)
✔ ordinary-chat (0.050875ms)
✔ cloud-affirmation (0.024625ms)
✔ parse-none cannot fall into chat for explicit intent (0.116875ms)
✔ unsupported explicit input never prepares disclosure and keeps draft (2.038167ms)
✔ unsupported no matching cancellation is honest local no-change (0.07275ms)
✔ unsupported read restoration does not parse or write (0.127208ms)
✔ late cancelled parsing cannot write (0.090542ms)
✔ legacy explicit negative new intent never becomes cancellation (0.026209ms)
ℹ tests 24
ℹ suites 0
ℹ pass 24
ℹ fail 0
ℹ cancelled 0
ℹ skipped 0
ℹ todo 0
ℹ duration_ms 47.739125
