✔ current UI file selection uses sole import IPC and refreshes terminal status (3.045667ms)
✔ failed start preserves the selected file across idle status and explicit retry (0.677208ms)
✔ starting and running cannot start another import or reopen picker (0.350917ms)
✔ current status restoration keeps original duplicate time without new samples (20.763875ms)
✔ HTML escaping applies to filename and unsupported types (0.349417ms)
✔ unknown failed counts are not fabricated totals (0.07175ms)
✔ Apple observation labels do not imply completeness, identity or revision (0.43475ms)
✔ actual frontend resolver excludes Apple batches and states under all purposes (1.447ms)
✔ semantic partial success exposes skipped and unprojected without claiming complete coverage (0.160667ms)
✔ health excluded by actual resolver for every purpose, even active/status spoof (3.025667ms)
✔ health view shows unmerged sources, observation freshness, and no fabricated zero (22.579666ms)
✔ failed startup retry cannot overwrite typing between attempts (0.426667ms)
✔ remove uses stored turn identity even public preview has no turnId, cancels before rebuilding (0.529208ms)
✔ remove failure never leaves old send confirmation (0.175208ms)
✔ edit during removal cannot resurrect returned confirmation (0.147625ms)
✔ observation display uses envelope offset, receipt labels device time (0.186042ms)
✔ authorized health expression remains usable while imported raw observations stay excluded (0.163625ms)
✔ raw health kind cannot be promoted by status, source, or eligibility spoof (0.190042ms)
ℹ tests 18
ℹ suites 0
ℹ pass 18
ℹ fail 0
ℹ cancelled 0
ℹ skipped 0
ℹ todo 0
ℹ duration_ms 65.204625
