✔ default is lightweight and has one detail entry (10.884959ms)
✔ freshness stays per metric and does not claim coverage (0.165708ms)
✔ only one detail area and trend is secondary (2.647125ms)
✔ no fake chat or AI state (0.504375ms)
✔ initial calls are serial and keep existing contract (0.766167ms)
✔ overview error never claims imported or exposes error body (0.133834ms)
✔ null and absence remain gaps while zero stays real (0.09425ms)
✔ source escaping and empty states retained (0.242042ms)
✔ stale requests cannot replace the selected metric (0.122375ms)
✔ inactive auxiliary does not query and exit stops remaining overview requests (0.124083ms)
✔ exited detail request cannot publish late values (0.063958ms)
✔ new entry has fresh instance and mode label never depends on global flag (0.292584ms)
✔ saving configuration and key does not test select or enable (2.194625ms)
✔ explicit four steps are possible without implicit transitions (0.479916ms)
✔ failed key save preserves input and hides raw failure body (0.319958ms)
✔ pending action ignores second click and retains newer input (0.174292ms)
✔ fixed mask never follows length or displays malformed tail (0.145666ms)
✔ model dropdown starts unselected and enable unavailable after successful test (0.507125ms)
✔ Local mode has no key input or cloud model options (0.15525ms)
✔ unknown errors use a fixed message and timeout is not credential TTL (0.095833ms)
✔ entry is inert and exit rejects a late status (0.516334ms)
✔ search results escape originals and source asking remains separate (0.445167ms)
✔ disconnect requires distinct confirmation and supports reconnect (0.146834ms)
✔ real restored controls display fixed targets without starting an operation (0.134208ms)
✔ exit prevents late search from replacing prior results (0.122125ms)
ℹ tests 25
ℹ suites 0
ℹ pass 25
ℹ fail 0
ℹ cancelled 0
ℹ skipped 0
ℹ todo 0
ℹ duration_ms 86.98525
