✔ default is lightweight and has one detail entry (24.118792ms)
✔ freshness stays per metric and does not claim coverage (0.170375ms)
✔ only one detail area and trend is secondary (2.663833ms)
✔ no fake chat or AI state (0.114959ms)
✔ initial calls are serial and keep existing contract (0.398416ms)
✔ overview error never claims imported or exposes error body (0.099583ms)
✔ null and absence remain gaps while zero stays real (0.080375ms)
✔ source escaping and empty states retained (0.161166ms)
✔ stale requests cannot replace the selected metric (0.108959ms)
✔ inactive auxiliary does not query and exit stops remaining overview requests (0.119875ms)
✔ exited detail request cannot publish late values (0.062667ms)
✔ new entry has fresh instance and mode label never depends on global flag (0.168125ms)
✔ saving configuration and key does not test select or enable (4.806292ms)
✔ explicit four steps are possible without implicit transitions (0.236708ms)
✔ failed key save preserves input and hides raw failure body (0.174875ms)
✔ pending action ignores second click and retains newer input (0.103583ms)
✔ fixed mask never follows length or displays malformed tail (0.096625ms)
✔ model dropdown starts unselected and enable unavailable after successful test (0.300708ms)
✔ Local mode has no key input or cloud model options (0.078708ms)
✔ unknown errors use a fixed message and timeout is not credential TTL (0.048667ms)
✔ entry is inert and exit rejects a late status (0.375375ms)
✔ search results escape originals and source asking remains separate (1.246417ms)
✔ disconnect requires distinct confirmation and supports reconnect (0.103833ms)
✔ real restored controls display fixed targets without starting an operation (0.068459ms)
✔ exit prevents late search from replacing prior results (0.085333ms)
ℹ tests 25
ℹ suites 0
ℹ pass 25
ℹ fail 0
ℹ cancelled 0
ℹ skipped 0
ℹ todo 0
ℹ duration_ms 77.402792
