✔ no action for "他说“报告结论做完了”。" (0.547584ms)
✔ no action for "假如报告结论做完了就好了。" (0.141667ms)
✔ no action for "报告结论还没做完。" (0.322333ms)
✔ no action for "我不打算明天整理报告结论。" (0.230333ms)
✔ no action for "今天聊天挺有意思。" (0.065875ms)
✔ no action for "" (0.044958ms)
✔ no action for "我今天心情很好。" (0.040541ms)
✔ no action for "我明天可以做什么？" (0.029458ms)
✔ no action for "不要把报告标记为完成" (0.049541ms)
✔ no action for "如果我明天做这个呢？" (0.076917ms)
✔ natural conversation create adjust complete and immutable history (617.509291ms)
✔ same submission replay and different payload reject (18.344958ms)
✔ multiple targets clarify, plain natural target response resolves once (26.420459ms)
✔ single current target cancellation and terminal refusal (21.026375ms)
✔ stale expected version rejects late commit (23.728125ms)
✔ forged model intent and target rejected by real Host (19.636125ms)
✔ fault transaction rolls back all action assets and retains draft (67.084708ms)
✔ restart restores identity feedback and status, reads have no writes (72.396833ms)
✔ source expiry/revoke/correction preserves action and removes valid-basis claim (151.793709ms)
✔ conversation authorization denies writes before action append (65.572167ms)
✔ Application rejects fabricated model output before repository commit (0.226542ms)
✔ read recovery after lost commit response never resends model or write (20.255333ms)
✔ OfflineA and OfflineB operate same repository identity (20.062541ms)
✔ Today single Focus escapes content and never adds action buttons (0.18025ms)
✔ actual model suggestion stays candidate until explicit pronoun acceptance (1321.265833ms)
✔ multiple targets beyond first page cannot imply one (108.18325ms)
✔ expired packet and cancelled draft reject commits (47.235083ms)
✔ snapshot is read-only and incompatible v6 fields fail closed (18.528875ms)
✔ uncertain/historical expression does not create: 我明天整理报告吗 (0.1255ms)
✔ uncertain/historical expression does not create: 我今天写报告很累 (0.029583ms)
✔ uncertain/historical expression does not create: 我今天散步了 (0.024459ms)
✔ uncertain/historical expression does not create: 我明天可能整理报告 (0.037833ms)
✔ uncertain/historical expression does not create: 我明天整理报告，只是举例 (0.014166ms)
✔ completed history does not obscure the only current planned target (24.0455ms)
✔ stale model derivation cannot be accepted via pronoun (1331.404083ms)
✔ Host refuses changing confirmed content inside an otherwise valid parsed create (20.049ms)
✔ closure generalized creation and exact withdrawal persist across restart (27.668375ms)
✔ closure no target or multiple normalized targets cannot silently cancel (26.392125ms)
✔ closure Host rejects arbitrary negativity and unsupported fallback forgery (22.8735ms)
ℹ tests 39
ℹ suites 0
ℹ pass 39
ℹ fail 0
ℹ cancelled 0
ℹ skipped 0
ℹ todo 0
ℹ duration_ms 4110.299417
