✔ strong-frame-unlisted-verb (0.632042ms)
✔ strong-frame-another-verb (0.189666ms)
✔ word-internal-negation (0.036542ms)
✔ withdraw-unique (0.08625ms)
✔ withdraw-no-target (0.077291ms)
✔ withdraw-multiple (0.042833ms)
✔ negative-new-intent (0.163666ms)
✔ negative-not-withdrawal (0.075458ms)
✔ cancelled-target (0.042792ms)
✔ finished-target (0.074333ms)
✔ quoted-withdrawal (0.085125ms)
✔ hypothetical (0.037ms)
✔ question (0.0345ms)
✔ uncertain (0.024458ms)
✔ conflicting-clauses (0.027583ms)
✔ unsupported-explicit (0.052667ms)
✔ ordinary-chat (0.041041ms)
✔ cloud-affirmation (0.026083ms)
✔ parse-none cannot fall into chat for explicit intent (0.110667ms)
✔ unsupported explicit input never prepares disclosure and keeps draft (1.714375ms)
✔ unsupported no matching cancellation is honest local no-change (0.052958ms)
✔ unsupported read restoration does not parse or write (0.115167ms)
✔ late cancelled parsing cannot write (0.089625ms)
✔ legacy explicit negative new intent never becomes cancellation (0.024375ms)
ℹ tests 24
ℹ suites 0
ℹ pass 24
ℹ fail 0
ℹ cancelled 0
ℹ skipped 0
ℹ todo 0
ℹ duration_ms 41.715
