✔ current UI file selection uses sole import IPC and refreshes terminal status (2.782167ms)
✔ failed start preserves the selected file across idle status and explicit retry (0.546333ms)
✔ starting and running cannot start another import or reopen picker (0.265291ms)
✔ current status restoration keeps original duplicate time without new samples (19.279959ms)
✔ HTML escaping applies to filename and unsupported types (0.233875ms)
✔ unknown failed counts are not fabricated totals (0.056958ms)
✔ Apple observation labels do not imply completeness, identity or revision (0.366041ms)
✔ actual frontend resolver excludes Apple batches and states under all purposes (1.374541ms)
✔ semantic partial success exposes skipped and unprojected without claiming complete coverage (0.128166ms)
✔ health excluded by actual resolver for every purpose, even active/status spoof (2.326292ms)
✔ health view shows unmerged sources, observation freshness, and no fabricated zero (21.511208ms)
✔ failed startup retry cannot overwrite typing between attempts (0.336459ms)
✔ remove uses stored turn identity even public preview has no turnId, cancels before rebuilding (0.515375ms)
✔ remove failure never leaves old send confirmation (0.105ms)
✔ edit during removal cannot resurrect returned confirmation (0.126208ms)
✔ observation display uses envelope offset, receipt labels device time (0.134541ms)
✔ authorized health expression remains usable while imported raw observations stay excluded (0.139792ms)
✔ raw health kind cannot be promoted by status, source, or eligibility spoof (0.105917ms)
ℹ tests 18
ℹ suites 0
ℹ pass 18
ℹ fail 0
ℹ cancelled 0
ℹ skipped 0
ℹ todo 0
ℹ duration_ms 60.960375
