✔ default is lightweight and has one detail entry (10.030416ms)
✔ freshness stays per metric and does not claim coverage (0.15525ms)
✔ only one detail area and trend is secondary (2.638417ms)
✔ no fake chat or AI state (0.118166ms)
✔ initial calls are serial and keep existing contract (0.343708ms)
✔ overview error never claims imported or exposes error body (0.08375ms)
✔ null and absence remain gaps while zero stays real (0.069416ms)
✔ source escaping and empty states retained (0.138958ms)
✔ stale requests cannot replace the selected metric (0.103458ms)
✔ inactive auxiliary does not query and exit stops remaining overview requests (0.111125ms)
✔ exited detail request cannot publish late values (0.055333ms)
✔ new entry has fresh instance and mode label never depends on global flag (0.165875ms)
✔ saving configuration and key does not test select or enable (2.255125ms)
✔ explicit four steps are possible without implicit transitions (0.243709ms)
✔ failed key save preserves input and hides raw failure body (0.157667ms)
✔ pending action ignores second click and retains newer input (0.092666ms)
✔ fixed mask never follows length or displays malformed tail (0.094708ms)
✔ model dropdown starts unselected and enable unavailable after successful test (0.28575ms)
✔ Local mode has no key input or cloud model options (0.079084ms)
✔ unknown errors use a fixed message and timeout is not credential TTL (0.047209ms)
✔ entry is inert and exit rejects a late status (0.552375ms)
✔ search results escape originals and source asking remains separate (0.449083ms)
✔ disconnect requires distinct confirmation and supports reconnect (0.120167ms)
✔ real restored controls display fixed targets without starting an operation (0.055584ms)
✔ exit prevents late search from replacing prior results (0.095583ms)
ℹ tests 25
ℹ suites 0
ℹ pass 25
ℹ fail 0
ℹ cancelled 0
ℹ skipped 0
ℹ todo 0
ℹ duration_ms 49.548
