✔ no action for "他说“报告结论做完了”。" (0.529125ms)
✔ no action for "假如报告结论做完了就好了。" (0.085167ms)
✔ no action for "报告结论还没做完。" (0.305083ms)
✔ no action for "我不打算明天整理报告结论。" (0.216916ms)
✔ no action for "今天聊天挺有意思。" (0.0655ms)
✔ no action for "" (0.044ms)
✔ no action for "我今天心情很好。" (0.040833ms)
✔ no action for "我明天可以做什么？" (0.030292ms)
✔ no action for "不要把报告标记为完成" (0.048833ms)
✔ no action for "如果我明天做这个呢？" (0.078417ms)
✔ natural conversation create adjust complete and immutable history (602.6025ms)
✔ same submission replay and different payload reject (20.071ms)
✔ multiple targets clarify, plain natural target response resolves once (26.699875ms)
✔ single current target cancellation and terminal refusal (20.553333ms)
✔ stale expected version rejects late commit (20.040917ms)
✔ forged model intent and target rejected by real Host (20.028375ms)
✔ fault transaction rolls back all action assets and retains draft (67.99825ms)
✔ restart restores identity feedback and status, reads have no writes (74.357792ms)
✔ source expiry/revoke/correction preserves action and removes valid-basis claim (153.058208ms)
✔ conversation authorization denies writes before action append (64.055875ms)
✔ Application rejects fabricated model output before repository commit (0.2355ms)
✔ read recovery after lost commit response never resends model or write (21.189375ms)
✔ OfflineA and OfflineB operate same repository identity (19.202333ms)
✔ Today single Focus escapes content and never adds action buttons (0.172167ms)
✔ actual model suggestion stays candidate until explicit pronoun acceptance (1323.90175ms)
✔ multiple targets beyond first page cannot imply one (110.798125ms)
✔ expired packet and cancelled draft reject commits (56.072209ms)
✔ snapshot is read-only and incompatible v6 fields fail closed (18.5685ms)
✔ uncertain/historical expression does not create: 我明天整理报告吗 (0.130084ms)
✔ uncertain/historical expression does not create: 我今天写报告很累 (0.054333ms)
✔ uncertain/historical expression does not create: 我今天散步了 (0.039541ms)
✔ uncertain/historical expression does not create: 我明天可能整理报告 (0.04225ms)
✔ uncertain/historical expression does not create: 我明天整理报告，只是举例 (0.0165ms)
✔ completed history does not obscure the only current planned target (25.441ms)
✔ stale model derivation cannot be accepted via pronoun (1363.909166ms)
✔ Host refuses changing confirmed content inside an otherwise valid parsed create (21.457166ms)
✔ closure generalized creation and exact withdrawal persist across restart (31.231667ms)
✔ closure no target or multiple normalized targets cannot silently cancel (27.900625ms)
✔ closure Host rejects arbitrary negativity and unsupported fallback forgery (26.412083ms)
ℹ tests 39
ℹ suites 0
ℹ pass 39
ℹ fail 0
ℹ cancelled 0
ℹ skipped 0
ℹ todo 0
ℹ duration_ms 4157.324708
