✔ strong-frame-unlisted-verb (0.71925ms)
✔ strong-frame-another-verb (0.2105ms)
✔ word-internal-negation (0.042667ms)
✔ withdraw-unique (0.065292ms)
✔ withdraw-no-target (0.081625ms)
✔ withdraw-multiple (0.04425ms)
✔ negative-new-intent (0.169084ms)
✔ negative-not-withdrawal (0.073125ms)
✔ cancelled-target (0.044541ms)
✔ finished-target (0.078041ms)
✔ quoted-withdrawal (0.067875ms)
✔ hypothetical (0.029541ms)
✔ question (0.029125ms)
✔ uncertain (0.022125ms)
✔ conflicting-clauses (0.027709ms)
✔ unsupported-explicit (0.03975ms)
✔ ordinary-chat (0.0265ms)
✔ cloud-affirmation (0.039667ms)
✔ parse-none cannot fall into chat for explicit intent (0.093459ms)
✔ unsupported explicit input never prepares disclosure and keeps draft (1.8065ms)
✔ unsupported no matching cancellation is honest local no-change (0.052833ms)
✔ unsupported read restoration does not parse or write (0.117958ms)
✔ late cancelled parsing cannot write (0.086375ms)
✔ legacy explicit negative new intent never becomes cancellation (0.028458ms)
ℹ tests 24
ℹ suites 0
ℹ pass 24
ℹ fail 0
ℹ cancelled 0
ℹ skipped 0
ℹ todo 0
ℹ duration_ms 43.360292
