✔ valid receipt none// (0.55675ms)
✔ valid receipt clarify// (0.055458ms)
✔ valid receipt action// (0.059167ms)
✔ valid receipt condition_only/unknown/condition_unknown (0.052583ms)
✔ valid receipt condition_only/false/condition_false (0.056375ms)
✔ valid receipt condition_only/true/record_only (0.035625ms)
✔ valid receipt condition_and_action/true/ (0.038417ms)
✔ production confirm rejects wrong-turn before success (0.229417ms)
✔ production confirm rejects wrong-operation-identity before success (0.075958ms)
✔ production confirm rejects missing-event before success (0.118458ms)
✔ production confirm rejects invalid-action-version before success (0.065417ms)
✔ production confirm rejects unexpected-permission before success (0.053709ms)
✔ production confirm rejects false-action-condition before success (0.048375ms)
✔ production confirm rejects false-business-change before success (0.041ms)
✔ production confirm rejects inconsistent-status before success (0.037333ms)
✔ production confirm rejects extra-receipt-field before success (0.036333ms)
✔ production confirm rejects oversized-reply before success (0.050875ms)
✔ none cannot disguise an action event (0.062209ms)
✔ condition-only reason must agree with truth (0.042042ms)
✔ retry preparation preserves terminal provider failure without another send (0.34475ms)
ℹ tests 20
ℹ suites 0
ℹ pass 20
ℹ fail 0
ℹ cancelled 0
ℹ skipped 0
ℹ todo 0
ℹ duration_ms 40.800708
