✔ current UI file selection uses sole import IPC and refreshes terminal status (2.767291ms)
✔ failed start preserves the selected file across idle status and explicit retry (0.658458ms)
✔ starting and running cannot start another import or reopen picker (0.348917ms)
✔ current status restoration keeps original duplicate time without new samples (21.262917ms)
✔ HTML escaping applies to filename and unsupported types (0.162708ms)
✔ unknown failed counts are not fabricated totals (0.045917ms)
✔ Apple observation labels do not imply completeness, identity or revision (0.347291ms)
✔ actual frontend resolver excludes Apple batches and states under all purposes (2.149666ms)
✔ semantic partial success exposes skipped and unprojected without claiming complete coverage (0.160666ms)
✔ health excluded by actual resolver for every purpose, even active/status spoof (2.841708ms)
✔ health view shows unmerged sources, observation freshness, and no fabricated zero (22.708167ms)
✔ failed startup retry cannot overwrite typing between attempts (0.333833ms)
✔ remove uses stored turn identity even public preview has no turnId, cancels before rebuilding (0.648625ms)
✔ remove failure never leaves old send confirmation (0.311375ms)
✔ edit during removal cannot resurrect returned confirmation (0.198167ms)
✔ observation display uses envelope offset, receipt labels device time (0.161333ms)
✔ authorized health expression remains usable while imported raw observations stay excluded (0.306833ms)
✔ raw health kind cannot be promoted by status, source, or eligibility spoof (0.139334ms)
ℹ tests 18
ℹ suites 0
ℹ pass 18
ℹ fail 0
ℹ cancelled 0
ℹ skipped 0
ℹ todo 0
ℹ duration_ms 64.441583
