✔ default is lightweight and has one detail entry (9.744542ms)
✔ freshness stays per metric and does not claim coverage (0.167208ms)
✔ only one detail area and trend is secondary (2.142083ms)
✔ no fake chat or AI state (0.104125ms)
✔ initial calls are serial and keep existing contract (0.345875ms)
✔ overview error never claims imported or exposes error body (0.090541ms)
✔ null and absence remain gaps while zero stays real (0.072709ms)
✔ source escaping and empty states retained (0.143917ms)
✔ stale requests cannot replace the selected metric (0.10175ms)
✔ inactive auxiliary does not query and exit stops remaining overview requests (0.114ms)
✔ exited detail request cannot publish late values (0.060417ms)
✔ new entry has fresh instance and mode label never depends on global flag (0.146083ms)
✔ saving configuration and key does not test select or enable (2.0655ms)
✔ explicit four steps are possible without implicit transitions (0.331666ms)
✔ failed key save preserves input and hides raw failure body (0.209791ms)
✔ pending action ignores second click and retains newer input (0.128417ms)
✔ fixed mask never follows length or displays malformed tail (0.195292ms)
✔ model dropdown starts unselected and enable unavailable after successful test (0.404458ms)
✔ Local mode has no key input or cloud model options (0.105875ms)
✔ unknown errors use a fixed message and timeout is not credential TTL (0.057375ms)
✔ entry is inert and exit rejects a late status (0.380791ms)
✔ search results escape originals and source asking remains separate (0.43725ms)
✔ disconnect requires distinct confirmation and supports reconnect (0.1085ms)
✔ real restored controls display fixed targets without starting an operation (0.053125ms)
✔ exit prevents late search from replacing prior results (0.088291ms)
ℹ tests 25
ℹ suites 0
ℹ pass 25
ℹ fail 0
ℹ cancelled 0
ℹ skipped 0
ℹ todo 0
ℹ duration_ms 51.429917
