✔ original bytes, persisted draft, once-only save and lost acknowledgement retry (747.785625ms)
✔ same text with distinct intentional turns is not deduplicated (28.823875ms)
✔ transaction failure before receipt leaves original/state/audit unchanged and draft recoverable (48.037834ms)
✔ invalid input rejects before mutation and arbitrary roots/profile cannot be selected (9.669458ms)
✔ one valuable clarification, irrelevant or already available evidence produces no question (23.045209ms)
✔ persistent question decision ignore (16.444667ms)
✔ persistent question decision refuse (15.890875ms)
✔ persistent question decision defer (16.268458ms)
✔ silence makes no state or implicit confirmation; deferred time can reopen same gap (131.534666ms)
✔ memory confirmation is single explicit intent, inference/source is not confirmation (22.277084ms)
✔ correction is atomic, preserves provenance and invalidates only dependent projections (27.547209ms)
✔ source version deduplication, identity isolation, version conflict and rollback (15.912458ms)
✔ revocation excludes all historical packets and model switching never revives source (25.154875ms)
✔ required layers budget is prewrite atomic, exact boundary and optional pruning (13.566583ms)
✔ expired evidence and request-local removal do not become current facts (11.011542ms)
✔ two actual offline adapters across process restarts preserve all authority and feedback (28.839625ms)
✔ health parser rejects missing/invalid units, field inflation, future times and unsupported sync (9.742667ms)
✔ database symlink is rejected before opening and sentinel stays unchanged (4.347208ms)
✔ authorized Markdown answers a relevant gap without asking again (11.295334ms)
✔ a fresh state makes superseded facts and their model packets unavailable (15.653291ms)
✔ renderer cannot forge packet content or state projection while retaining valid refs (10.775917ms)
✔ correction commits its draft and restart does not resurrect that pending edit (17.915ms)
✔ production secret code stays byte-exact but unlinked; original catalog and 20 IPC plus approved five stay visible (8.920292ms)
✔ PM counterexample: nonexistent or unrelated feedback does not affect a pure packet or output (9.723042ms)
✔ feedback requires entire current target basis, removed or domain-excluded refs leave unrelated result unchanged across restart (34.063083ms)
✔ forged feedback packets are rejected by repository before packet audit or receipt writes (22.071583ms)
✔ revoked, expired and replaced target basis cannot carry feedback into fresh or stale packets (71.026ms)
✔ type-changing or unparseable corrections reject atomically and keep draft original state and unrelated output after restart (46.776ms)
✔ correction repository derives type and value from text and rejects forged missing null or out-of-range values (17.170167ms)
✔ same-type work and sleep corrections succeed, preserve unrelated projection, rollback on receipt failure and persist (19.303792ms)
✔ approved source query feeds only bounded valid context, keeps configuration out, and disconnect survives replay and restart (422.394584ms)
ℹ tests 31
ℹ suites 0
ℹ pass 31
ℹ fail 0
ℹ cancelled 0
ℹ skipped 0
ℹ todo 0
ℹ duration_ms 1997.491125
