✔ current UI file selection uses sole import IPC and refreshes terminal status (2.767583ms)
✔ failed start preserves the selected file across idle status and explicit retry (0.657542ms)
✔ starting and running cannot start another import or reopen picker (0.358166ms)
✔ current status restoration keeps original duplicate time without new samples (19.554292ms)
✔ HTML escaping applies to filename and unsupported types (0.178834ms)
✔ unknown failed counts are not fabricated totals (0.047375ms)
✔ Apple observation labels do not imply completeness, identity or revision (0.51825ms)
✔ actual frontend resolver excludes Apple batches and states under all purposes (1.254709ms)
✔ semantic partial success exposes skipped and unprojected without claiming complete coverage (0.09725ms)
✔ health excluded by actual resolver for every purpose, even active/status spoof (4.063458ms)
✔ health view shows unmerged sources, observation freshness, and no fabricated zero (19.180833ms)
✔ failed startup retry cannot overwrite typing between attempts (0.405417ms)
✔ remove uses stored turn identity even public preview has no turnId, cancels before rebuilding (0.583917ms)
✔ remove failure never leaves old send confirmation (0.114333ms)
✔ edit during removal cannot resurrect returned confirmation (0.135416ms)
✔ observation display uses envelope offset, receipt labels device time (0.132042ms)
✔ authorized health expression remains usable while imported raw observations stay excluded (0.140917ms)
✔ raw health kind cannot be promoted by status, source, or eligibility spoof (0.104875ms)
ℹ tests 18
ℹ suites 0
ℹ pass 18
ℹ fail 0
ℹ cancelled 0
ℹ skipped 0
ℹ todo 0
ℹ duration_ms 63.927083
