✔ no action for "他说“报告结论做完了”。" (0.589125ms)
✔ no action for "假如报告结论做完了就好了。" (0.09825ms)
✔ no action for "报告结论还没做完。" (0.041042ms)
✔ no action for "我不打算明天整理报告结论。" (0.033084ms)
✔ no action for "今天聊天挺有意思。" (0.046791ms)
✔ no action for "" (0.048167ms)
✔ no action for "我今天心情很好。" (0.036125ms)
✔ no action for "我明天可以做什么？" (0.222625ms)
✔ no action for "不要把报告标记为完成" (0.068042ms)
✔ no action for "如果我明天做这个呢？" (0.0755ms)
✔ natural conversation create adjust complete and immutable history (578.70625ms)
✔ same submission replay and different payload reject (17.491042ms)
✔ multiple targets clarify, plain natural target response resolves once (25.8425ms)
✔ single current target cancellation and terminal refusal (19.712791ms)
✔ stale expected version rejects late commit (20.701875ms)
✔ forged model intent and target rejected by real Host (18.445541ms)
✔ fault transaction rolls back all action assets and retains draft (65.848708ms)
✔ restart restores identity feedback and status, reads have no writes (71.865208ms)
✔ source expiry/revoke/correction preserves action and removes valid-basis claim (162.976458ms)
✔ conversation authorization denies writes before action append (63.791167ms)
✔ Application rejects fabricated model output before repository commit (0.188792ms)
✔ read recovery after lost commit response never resends model or write (18.431875ms)
✔ OfflineA and OfflineB operate same repository identity (18.720958ms)
✔ Today single Focus escapes content and never adds action buttons (0.203916ms)
✔ actual model suggestion stays candidate until explicit pronoun acceptance (1321.904834ms)
✔ multiple targets beyond first page cannot imply one (104.872ms)
✔ expired packet and cancelled draft reject commits (41.3705ms)
✔ snapshot is read-only and incompatible v6 fields fail closed (15.401833ms)
✔ uncertain/historical expression does not create: 我明天整理报告吗 (0.105875ms)
✔ uncertain/historical expression does not create: 我今天写报告很累 (0.017834ms)
✔ uncertain/historical expression does not create: 我今天散步了 (0.023417ms)
✔ uncertain/historical expression does not create: 我明天可能整理报告 (0.013ms)
✔ uncertain/historical expression does not create: 我明天整理报告，只是举例 (0.011416ms)
✔ completed history does not obscure the only current planned target (21.994708ms)
✔ stale model derivation cannot be accepted via pronoun (1362.136625ms)
✔ Host refuses changing confirmed content inside an otherwise valid parsed create (18.660833ms)
ℹ tests 36
ℹ suites 0
ℹ pass 36
ℹ fail 0
ℹ cancelled 0
ℹ skipped 0
ℹ todo 0
ℹ duration_ms 4017.180041
