{
  "passed": 6,
  "total": 6,
  "networkCalls": 0,
  "restart": {
    "fixture": "p157-c1-7c1d69b8-620f-4afc-a118-0df035e67cd5",
    "pids": [
      82977,
      82981
    ],
    "oldQuestion": "q:health:available_time:960e2dcc6834213b6440a3c9ea752d08",
    "newQuestion": "q:health:available_time:7551d19bfb5a1bc74c3dcba1d3371ab2"
  },
  "results": [
    {
      "name": "expired answered information opens one new gap; history untouched",
      "pass": true
    },
    {
      "name": "valid replacement state answers gap; expired or revoked state does not",
      "pass": true
    },
    {
      "name": "source availability is usable only when current and authorized",
      "pass": true
    },
    {
      "name": "reject remains durable; deferred and ignored respect their scope",
      "pass": true
    },
    {
      "name": "prior answered domain is not an authorization or domain for a new ambiguous request",
      "pass": true
    },
    {
      "name": "expired persisted state after independent restart permits new question and retains old answered row",
      "pass": true
    }
  ]
}
