✔ default is lightweight and has one detail entry (10.204583ms)
✔ freshness stays per metric and does not claim coverage (0.1735ms)
✔ only one detail area and trend is secondary (2.369167ms)
✔ no fake chat or AI state (0.103292ms)
✔ initial calls are serial and keep existing contract (0.356042ms)
✔ overview error never claims imported or exposes error body (0.092125ms)
✔ null and absence remain gaps while zero stays real (0.070792ms)
✔ source escaping and empty states retained (0.15475ms)
✔ stale requests cannot replace the selected metric (0.1035ms)
✔ inactive auxiliary does not query and exit stops remaining overview requests (0.108792ms)
✔ exited detail request cannot publish late values (0.05875ms)
✔ new entry has fresh instance and mode label never depends on global flag (0.142459ms)
✔ saving configuration and key does not test select or enable (2.234291ms)
✔ explicit four steps are possible without implicit transitions (0.210333ms)
✔ failed key save preserves input and hides raw failure body (0.163875ms)
✔ pending action ignores second click and retains newer input (0.08975ms)
✔ fixed mask never follows length or displays malformed tail (0.089875ms)
✔ model dropdown starts unselected and enable unavailable after successful test (0.277333ms)
✔ Local mode has no key input or cloud model options (0.074041ms)
✔ unknown errors use a fixed message and timeout is not credential TTL (0.044459ms)
✔ entry is inert and exit rejects a late status (0.436792ms)
✔ search results escape originals and source asking remains separate (0.386458ms)
✔ disconnect requires distinct confirmation and supports reconnect (0.094583ms)
✔ real restored controls display fixed targets without starting an operation (0.047542ms)
✔ exit prevents late search from replacing prior results (0.086333ms)
ℹ tests 25
ℹ suites 0
ℹ pass 25
ℹ fail 0
ℹ cancelled 0
ℹ skipped 0
ℹ todo 0
ℹ duration_ms 50.115708
