✔ valid receipt none// (0.782208ms)
✔ valid receipt clarify// (0.065792ms)
✔ valid receipt action// (0.069166ms)
✔ valid receipt condition_only/unknown/condition_unknown (0.054083ms)
✔ valid receipt condition_only/false/condition_false (0.057333ms)
✔ valid receipt condition_only/true/record_only (0.038625ms)
✔ valid receipt condition_and_action/true/ (0.041084ms)
✔ production confirm rejects wrong-turn before success (0.234625ms)
✔ production confirm rejects wrong-operation-identity before success (0.076125ms)
✔ production confirm rejects missing-event before success (0.120292ms)
✔ production confirm rejects invalid-action-version before success (0.063875ms)
✔ production confirm rejects unexpected-permission before success (0.054084ms)
✔ production confirm rejects false-action-condition before success (0.044542ms)
✔ production confirm rejects false-business-change before success (0.079042ms)
✔ production confirm rejects inconsistent-status before success (0.04975ms)
✔ production confirm rejects extra-receipt-field before success (0.131209ms)
✔ production confirm rejects oversized-reply before success (0.066542ms)
✔ none cannot disguise an action event (0.063667ms)
✔ condition-only reason must agree with truth (0.042875ms)
✔ retry preparation preserves terminal provider failure without another send (0.121042ms)
ℹ tests 20
ℹ suites 0
ℹ pass 20
ℹ fail 0
ℹ cancelled 0
ℹ skipped 0
ℹ todo 0
ℹ duration_ms 44.390375
