✔ strong-frame-unlisted-verb (0.64875ms)
✔ strong-frame-another-verb (0.251417ms)
✔ word-internal-negation (0.041ms)
✔ withdraw-unique (0.08ms)
✔ withdraw-no-target (0.094333ms)
✔ withdraw-multiple (0.040375ms)
✔ negative-new-intent (0.186375ms)
✔ negative-not-withdrawal (0.08325ms)
✔ cancelled-target (0.044459ms)
✔ finished-target (0.077417ms)
✔ quoted-withdrawal (0.066375ms)
✔ hypothetical (0.049042ms)
✔ question (0.038959ms)
✔ uncertain (0.027958ms)
✔ conflicting-clauses (0.043292ms)
✔ unsupported-explicit (0.048583ms)
✔ ordinary-chat (0.034042ms)
✔ cloud-affirmation (0.033833ms)
✔ parse-none cannot fall into chat for explicit intent (0.147ms)
✔ unsupported explicit input never prepares disclosure and keeps draft (1.660375ms)
✔ unsupported no matching cancellation is honest local no-change (0.062583ms)
✔ unsupported read restoration does not parse or write (0.123708ms)
✔ late cancelled parsing cannot write (0.088458ms)
✔ legacy explicit negative new intent never becomes cancellation (0.025292ms)
ℹ tests 24
ℹ suites 0
ℹ pass 24
ℹ fail 0
ℹ cancelled 0
ℹ skipped 0
ℹ todo 0
ℹ duration_ms 43.770334
