✔ default is lightweight and has one detail entry (9.655459ms)
✔ freshness stays per metric and does not claim coverage (0.180125ms)
✔ only one detail area and trend is secondary (2.585ms)
✔ no fake chat or AI state (0.127708ms)
✔ initial calls are serial and keep existing contract (0.450875ms)
✔ overview error never claims imported or exposes error body (0.157417ms)
✔ null and absence remain gaps while zero stays real (0.075292ms)
✔ source escaping and empty states retained (0.176959ms)
✔ stale requests cannot replace the selected metric (0.1075ms)
✔ inactive auxiliary does not query and exit stops remaining overview requests (0.118333ms)
✔ exited detail request cannot publish late values (0.062ms)
✔ new entry has fresh instance and mode label never depends on global flag (0.211459ms)
✔ saving configuration and key does not test select or enable (2.440042ms)
✔ explicit four steps are possible without implicit transitions (0.236375ms)
✔ failed key save preserves input and hides raw failure body (0.178375ms)
✔ pending action ignores second click and retains newer input (0.139541ms)
✔ fixed mask never follows length or displays malformed tail (0.101666ms)
✔ model dropdown starts unselected and enable unavailable after successful test (0.4855ms)
✔ Local mode has no key input or cloud model options (0.213792ms)
✔ unknown errors use a fixed message and timeout is not credential TTL (0.072041ms)
✔ entry is inert and exit rejects a late status (0.377334ms)
✔ search results escape originals and source asking remains separate (0.378084ms)
✔ disconnect requires distinct confirmation and supports reconnect (0.091583ms)
✔ real restored controls display fixed targets without starting an operation (0.04775ms)
✔ exit prevents late search from replacing prior results (0.082833ms)
ℹ tests 25
ℹ suites 0
ℹ pass 25
ℹ fail 0
ℹ cancelled 0
ℹ skipped 0
ℹ todo 0
ℹ duration_ms 50.884875
