✔ strong-frame-unlisted-verb (0.696334ms)
✔ strong-frame-another-verb (0.214459ms)
✔ word-internal-negation (0.042167ms)
✔ withdraw-unique (0.067083ms)
✔ withdraw-no-target (0.072333ms)
✔ withdraw-multiple (0.044042ms)
✔ negative-new-intent (0.19275ms)
✔ negative-not-withdrawal (0.073625ms)
✔ cancelled-target (0.041583ms)
✔ finished-target (0.076292ms)
✔ quoted-withdrawal (0.038917ms)
✔ hypothetical (0.028834ms)
✔ question (0.03025ms)
✔ uncertain (0.021167ms)
✔ conflicting-clauses (0.027042ms)
✔ unsupported-explicit (0.034708ms)
✔ ordinary-chat (0.027542ms)
✔ cloud-affirmation (0.036917ms)
✔ parse-none cannot fall into chat for explicit intent (0.109959ms)
✔ unsupported explicit input never prepares disclosure and keeps draft (1.740292ms)
✔ unsupported no matching cancellation is honest local no-change (0.063458ms)
✔ unsupported read restoration does not parse or write (0.129875ms)
✔ late cancelled parsing cannot write (0.08925ms)
✔ legacy explicit negative new intent never becomes cancellation (0.029459ms)
ℹ tests 24
ℹ suites 0
ℹ pass 24
ℹ fail 0
ℹ cancelled 0
ℹ skipped 0
ℹ todo 0
ℹ duration_ms 46.749958
