✔ valid receipt none// (0.614166ms)
✔ valid receipt clarify// (0.060167ms)
✔ valid receipt action// (0.1535ms)
✔ valid receipt condition_only/unknown/condition_unknown (0.05775ms)
✔ valid receipt condition_only/false/condition_false (0.068459ms)
✔ valid receipt condition_only/true/record_only (0.055458ms)
✔ valid receipt condition_and_action/true/ (0.041542ms)
✔ production confirm rejects wrong-turn before success (0.204333ms)
✔ production confirm rejects wrong-operation-identity before success (0.078125ms)
✔ production confirm rejects missing-event before success (0.114084ms)
✔ production confirm rejects invalid-action-version before success (0.064792ms)
✔ production confirm rejects unexpected-permission before success (0.054041ms)
✔ production confirm rejects false-action-condition before success (0.130167ms)
✔ production confirm rejects false-business-change before success (0.049459ms)
✔ production confirm rejects inconsistent-status before success (0.038792ms)
✔ production confirm rejects extra-receipt-field before success (0.044167ms)
✔ production confirm rejects oversized-reply before success (0.056792ms)
✔ none cannot disguise an action event (0.045709ms)
✔ condition-only reason must agree with truth (0.034167ms)
✔ retry preparation preserves terminal provider failure without another send (0.380458ms)
ℹ tests 20
ℹ suites 0
ℹ pass 20
ℹ fail 0
ℹ cancelled 0
ℹ skipped 0
ℹ todo 0
ℹ duration_ms 43.615375
