{
  "passed": 6,
  "total": 6,
  "networkCalls": 0,
  "restart": {
    "fixture": "p158-c1-b7976b74-7fa9-4007-a85e-9ae045f1c301",
    "pids": [
      50551,
      50555
    ],
    "oldQuestion": "q:health:available_time:8f9d692643c382a039d2e2bbd8e36b13",
    "newQuestion": "q:health:available_time:b1a95bf6511307e619f388694b39f572"
  },
  "results": [
    {
      "name": "expired answered information opens one new gap; history untouched",
      "pass": true
    },
    {
      "name": "valid replacement state answers gap; expired or revoked state does not",
      "pass": true
    },
    {
      "name": "source availability is usable only when current and authorized",
      "pass": true
    },
    {
      "name": "reject remains durable; deferred and ignored respect their scope",
      "pass": true
    },
    {
      "name": "prior answered domain is not an authorization or domain for a new ambiguous request",
      "pass": true
    },
    {
      "name": "expired persisted state after independent restart permits new question and retains old answered row",
      "pass": true
    }
  ]
}
