✔ current UI file selection uses sole import IPC and refreshes terminal status (2.922334ms)
✔ failed start preserves the selected file across idle status and explicit retry (1.002334ms)
✔ starting and running cannot start another import or reopen picker (0.321542ms)
✔ current status restoration keeps original duplicate time without new samples (20.458125ms)
✔ HTML escaping applies to filename and unsupported types (0.190291ms)
✔ unknown failed counts are not fabricated totals (0.052583ms)
✔ Apple observation labels do not imply completeness, identity or revision (0.370417ms)
✔ actual frontend resolver excludes Apple batches and states under all purposes (1.643167ms)
✔ semantic partial success exposes skipped and unprojected without claiming complete coverage (0.142666ms)
✔ health excluded by actual resolver for every purpose, even active/status spoof (3.062542ms)
✔ health view shows unmerged sources, observation freshness, and no fabricated zero (22.3765ms)
✔ failed startup retry cannot overwrite typing between attempts (0.281583ms)
✔ remove uses stored turn identity even public preview has no turnId, cancels before rebuilding (0.5075ms)
✔ remove failure never leaves old send confirmation (0.101708ms)
✔ edit during removal cannot resurrect returned confirmation (0.133667ms)
✔ observation display uses envelope offset, receipt labels device time (0.122291ms)
✔ authorized health expression remains usable while imported raw observations stay excluded (0.145917ms)
✔ raw health kind cannot be promoted by status, source, or eligibility spoof (0.152041ms)
ℹ tests 18
ℹ suites 0
ℹ pass 18
ℹ fail 0
ℹ cancelled 0
ℹ skipped 0
ℹ todo 0
ℹ duration_ms 64.016334
