✔ default is lightweight and has one detail entry (10.674041ms)
✔ freshness stays per metric and does not claim coverage (0.154083ms)
✔ only one detail area and trend is secondary (2.641875ms)
✔ no fake chat or AI state (0.120708ms)
✔ initial calls are serial and keep existing contract (0.359334ms)
✔ overview error never claims imported or exposes error body (0.092166ms)
✔ null and absence remain gaps while zero stays real (0.079833ms)
✔ source escaping and empty states retained (0.18525ms)
✔ stale requests cannot replace the selected metric (0.187792ms)
✔ inactive auxiliary does not query and exit stops remaining overview requests (0.15325ms)
✔ exited detail request cannot publish late values (0.125334ms)
✔ new entry has fresh instance and mode label never depends on global flag (0.189ms)
✔ saving configuration and key does not test select or enable (2.424583ms)
✔ explicit four steps are possible without implicit transitions (0.404667ms)
✔ failed key save preserves input and hides raw failure body (0.200916ms)
✔ pending action ignores second click and retains newer input (0.109083ms)
✔ fixed mask never follows length or displays malformed tail (0.108542ms)
✔ model dropdown starts unselected and enable unavailable after successful test (0.400917ms)
✔ Local mode has no key input or cloud model options (0.080459ms)
✔ unknown errors use a fixed message and timeout is not credential TTL (0.049792ms)
✔ entry is inert and exit rejects a late status (0.939125ms)
✔ search results escape originals and source asking remains separate (0.546666ms)
✔ disconnect requires distinct confirmation and supports reconnect (0.163833ms)
✔ real restored controls display fixed targets without starting an operation (0.055708ms)
✔ exit prevents late search from replacing prior results (0.094209ms)
ℹ tests 25
ℹ suites 0
ℹ pass 25
ℹ fail 0
ℹ cancelled 0
ℹ skipped 0
ℹ todo 0
ℹ duration_ms 72.041917
