✔ current UI file selection uses sole import IPC and refreshes terminal status (3.00525ms)
✔ failed start preserves the selected file across idle status and explicit retry (0.618458ms)
✔ starting and running cannot start another import or reopen picker (0.361291ms)
✔ current status restoration keeps original duplicate time without new samples (18.263167ms)
✔ HTML escaping applies to filename and unsupported types (0.199292ms)
✔ unknown failed counts are not fabricated totals (0.06725ms)
✔ Apple observation labels do not imply completeness, identity or revision (0.38225ms)
✔ actual frontend resolver excludes Apple batches and states under all purposes (1.274125ms)
✔ semantic partial success exposes skipped and unprojected without claiming complete coverage (0.103125ms)
✔ health excluded by actual resolver for every purpose, even active/status spoof (2.192833ms)
✔ health view shows unmerged sources, observation freshness, and no fabricated zero (20.655792ms)
✔ failed startup retry cannot overwrite typing between attempts (0.325375ms)
✔ remove uses stored turn identity even public preview has no turnId, cancels before rebuilding (0.509333ms)
✔ remove failure never leaves old send confirmation (0.104458ms)
✔ edit during removal cannot resurrect returned confirmation (0.124042ms)
✔ observation display uses envelope offset, receipt labels device time (0.128625ms)
✔ authorized health expression remains usable while imported raw observations stay excluded (0.138708ms)
✔ raw health kind cannot be promoted by status, source, or eligibility spoof (0.103333ms)
ℹ tests 18
ℹ suites 0
ℹ pass 18
ℹ fail 0
ℹ cancelled 0
ℹ skipped 0
ℹ todo 0
ℹ duration_ms 59.7255
