✔ valid receipt none// (0.642458ms)
✔ valid receipt clarify// (0.115958ms)
✔ valid receipt action// (0.074833ms)
✔ valid receipt condition_only/unknown/condition_unknown (0.145166ms)
✔ valid receipt condition_only/false/condition_false (0.066375ms)
✔ valid receipt condition_only/true/record_only (0.04175ms)
✔ valid receipt condition_and_action/true/ (0.042708ms)
✔ production confirm rejects wrong-turn before success (0.256166ms)
✔ production confirm rejects wrong-operation-identity before success (0.076542ms)
✔ production confirm rejects missing-event before success (0.127291ms)
✔ production confirm rejects invalid-action-version before success (0.067792ms)
✔ production confirm rejects unexpected-permission before success (0.054791ms)
✔ production confirm rejects false-action-condition before success (0.05375ms)
✔ production confirm rejects false-business-change before success (0.04ms)
✔ production confirm rejects inconsistent-status before success (0.054042ms)
✔ production confirm rejects extra-receipt-field before success (0.049708ms)
✔ production confirm rejects oversized-reply before success (0.061375ms)
✔ none cannot disguise an action event (0.048375ms)
✔ condition-only reason must agree with truth (0.034542ms)
✔ retry preparation preserves terminal provider failure without another send (0.125583ms)
ℹ tests 20
ℹ suites 0
ℹ pass 20
ℹ fail 0
ℹ cancelled 0
ℹ skipped 0
ℹ todo 0
ℹ duration_ms 55.111084
