✔ default is lightweight and has one detail entry (25.183583ms)
✔ freshness stays per metric and does not claim coverage (0.16575ms)
✔ only one detail area and trend is secondary (2.505208ms)
✔ no fake chat or AI state (0.11525ms)
✔ initial calls are serial and keep existing contract (0.340291ms)
✔ overview error never claims imported or exposes error body (0.083083ms)
✔ null and absence remain gaps while zero stays real (0.075125ms)
✔ source escaping and empty states retained (0.137125ms)
✔ stale requests cannot replace the selected metric (0.098ms)
✔ inactive auxiliary does not query and exit stops remaining overview requests (0.107458ms)
✔ exited detail request cannot publish late values (0.056709ms)
✔ new entry has fresh instance and mode label never depends on global flag (0.142583ms)
✔ saving configuration and key does not test select or enable (2.943458ms)
✔ explicit four steps are possible without implicit transitions (0.23775ms)
✔ failed key save preserves input and hides raw failure body (0.168709ms)
✔ pending action ignores second click and retains newer input (0.096417ms)
✔ fixed mask never follows length or displays malformed tail (0.137917ms)
✔ model dropdown starts unselected and enable unavailable after successful test (0.308083ms)
✔ Local mode has no key input or cloud model options (0.144917ms)
✔ unknown errors use a fixed message and timeout is not credential TTL (0.051ms)
✔ entry is inert and exit rejects a late status (0.390041ms)
✔ search results escape originals and source asking remains separate (0.893708ms)
✔ disconnect requires distinct confirmation and supports reconnect (0.098667ms)
✔ real restored controls display fixed targets without starting an operation (0.055542ms)
✔ exit prevents late search from replacing prior results (0.08225ms)
ℹ tests 25
ℹ suites 0
ℹ pass 25
ℹ fail 0
ℹ cancelled 0
ℹ skipped 0
ℹ todo 0
ℹ duration_ms 65.758333
