✔ strong-frame-unlisted-verb (0.613958ms)
✔ strong-frame-another-verb (0.239125ms)
✔ word-internal-negation (0.038625ms)
✔ withdraw-unique (0.065875ms)
✔ withdraw-no-target (0.085792ms)
✔ withdraw-multiple (0.038875ms)
✔ negative-new-intent (0.196083ms)
✔ negative-not-withdrawal (0.077375ms)
✔ cancelled-target (0.043ms)
✔ finished-target (0.072542ms)
✔ quoted-withdrawal (0.039792ms)
✔ hypothetical (0.028291ms)
✔ question (0.028667ms)
✔ uncertain (0.019459ms)
✔ conflicting-clauses (0.026083ms)
✔ unsupported-explicit (0.034333ms)
✔ ordinary-chat (0.03475ms)
✔ cloud-affirmation (0.024ms)
✔ parse-none cannot fall into chat for explicit intent (0.1015ms)
✔ unsupported explicit input never prepares disclosure and keeps draft (1.619459ms)
✔ unsupported no matching cancellation is honest local no-change (0.054459ms)
✔ unsupported read restoration does not parse or write (0.111458ms)
✔ late cancelled parsing cannot write (0.084ms)
✔ legacy explicit negative new intent never becomes cancellation (0.023584ms)
ℹ tests 24
ℹ suites 0
ℹ pass 24
ℹ fail 0
ℹ cancelled 0
ℹ skipped 0
ℹ todo 0
ℹ duration_ms 42.031042
