✔ current UI file selection uses sole import IPC and refreshes terminal status (2.776375ms)
✔ failed start preserves the selected file across idle status and explicit retry (0.602542ms)
✔ starting and running cannot start another import or reopen picker (0.325375ms)
✔ current status restoration keeps original duplicate time without new samples (9.763625ms)
✔ HTML escaping applies to filename and unsupported types (0.151708ms)
✔ unknown failed counts are not fabricated totals (0.045708ms)
✔ Apple observation labels do not imply completeness, identity or revision (0.362792ms)
✔ actual frontend resolver excludes Apple batches and states under all purposes (1.350375ms)
✔ semantic partial success exposes skipped and unprojected without claiming complete coverage (0.10575ms)
✔ health excluded by actual resolver for every purpose, even active/status spoof (2.205666ms)
✔ health view shows unmerged sources, observation freshness, and no fabricated zero (8.756208ms)
✔ failed startup retry cannot overwrite typing between attempts (0.261417ms)
✔ remove uses stored turn identity even public preview has no turnId, cancels before rebuilding (0.547625ms)
✔ remove failure never leaves old send confirmation (0.233875ms)
✔ edit during removal cannot resurrect returned confirmation (0.192542ms)
✔ observation display uses envelope offset, receipt labels device time (0.163041ms)
✔ authorized health expression remains usable while imported raw observations stay excluded (0.166333ms)
✔ raw health kind cannot be promoted by status, source, or eligibility spoof (0.122125ms)
ℹ tests 18
ℹ suites 0
ℹ pass 18
ℹ fail 0
ℹ cancelled 0
ℹ skipped 0
ℹ todo 0
ℹ duration_ms 51.797208
