✔ default is lightweight and has one detail entry (10.187375ms)
✔ freshness stays per metric and does not claim coverage (0.18825ms)
✔ only one detail area and trend is secondary (3.676458ms)
✔ no fake chat or AI state (0.136833ms)
✔ initial calls are serial and keep existing contract (0.356459ms)
✔ overview error never claims imported or exposes error body (0.090542ms)
✔ null and absence remain gaps while zero stays real (0.073ms)
✔ source escaping and empty states retained (0.153709ms)
✔ stale requests cannot replace the selected metric (0.105083ms)
✔ inactive auxiliary does not query and exit stops remaining overview requests (0.111708ms)
✔ exited detail request cannot publish late values (0.056416ms)
✔ new entry has fresh instance and mode label never depends on global flag (0.148459ms)
✔ saving configuration and key does not test select or enable (2.159084ms)
✔ explicit four steps are possible without implicit transitions (0.668208ms)
✔ failed key save preserves input and hides raw failure body (0.275209ms)
✔ pending action ignores second click and retains newer input (0.116542ms)
✔ fixed mask never follows length or displays malformed tail (0.094625ms)
✔ model dropdown starts unselected and enable unavailable after successful test (0.289084ms)
✔ Local mode has no key input or cloud model options (0.078833ms)
✔ unknown errors use a fixed message and timeout is not credential TTL (0.047875ms)
✔ entry is inert and exit rejects a late status (0.701208ms)
✔ search results escape originals and source asking remains separate (0.464209ms)
✔ disconnect requires distinct confirmation and supports reconnect (0.117333ms)
✔ real restored controls display fixed targets without starting an operation (0.051958ms)
✔ exit prevents late search from replacing prior results (0.080791ms)
ℹ tests 25
ℹ suites 0
ℹ pass 25
ℹ fail 0
ℹ cancelled 0
ℹ skipped 0
ℹ todo 0
ℹ duration_ms 51.637666
