PASS ABF-M-001 P3-096-M001-transient-staging-unlink m001-transient-staging-unlink
PASS ABF-M-002 P3-096-M002-persistent-staging-existing m002-persistent-staging-existing
PASS ABF-M-003 P3-096-M003-persistent-staging-new m003-persistent-staging-new
PASS ABF-M-004 P3-096-M004-existing-commit-failure m004-existing-commit-failure
PASS ABF-M-005 P3-096-M005-init-failure m005-init-failure
PASS ABF-M-005 P3-096-M005-new-commit-failure m005-new-commit-failure
PASS ABF-M-005 P3-096-M005-publish-failure m005-publish-failure
PASS ABF-M-006 P3-096-M006-existing-success m006-existing-success
PASS ABF-M-006 P3-096-R1-M006-existing-post-commit-close r1-m006-existing-post-commit-close
PASS ABF-M-006 P3-096-R1-M006-repeat-post-commit-close r1-m006-repeat-post-commit-close
PASS ABF-M-007 P3-096-M007-new-success m007-new-success
PASS ABF-M-008 P3-096-M008-future-capture m008-future-capture
PASS ABF-M-009 P3-096-M009-future-saved m009-future-saved
PASS ABF-M-010 P3-096-M010-saved-time-mismatch m010-saved-time-mismatch
PASS ABF-M-011 P3-096-M011-repeat-before-saved m011-repeat-before-saved
PASS ABF-M-012 P3-096-M012-repeat-unknown m012-repeat-unknown
PASS ABF-M-012 P3-096-M012-repeat-cleared m012-repeat-cleared
PASS ABF-M-013 P3-096-M013-audit-time-regression m013-audit-time-regression
PASS ABF-M-014 P3-096-M014-clear-count-large m014-clear-count-large
PASS ABF-M-014 P3-096-M014-clear-count-small m014-clear-count-small
PASS ABF-M-015 P3-096-M015-normal-clear m015-normal-clear
PASS ABF-M-016 P3-096-M016-source-case m016-source-case
PASS ABF-M-016 P3-096-M016-source-empty m016-source-empty
PASS ABF-M-016 P3-096-M016-source-null m016-source-null
PASS ABF-M-016 P3-096-M016-source-blob m016-source-blob
PASS ABF-M-017 P3-096-M017-duplicate-id m017-duplicate-id
PASS ABF-M-017 P3-096-M017-duplicate-idem m017-duplicate-idem
PASS ABF-M-018 P3-096-M018-runner-missing-fields m018-runner-missing-fields
PASS ABF-M-019 P3-096-M019-suite-pass-missing-row m019-suite-pass-missing-row
PASS ABF-M-020 P3-096-M020-complete-execution m020-complete-execution
