✔ valid receipt none// (0.569083ms)
✔ valid receipt clarify// (0.06875ms)
✔ valid receipt action// (0.068459ms)
✔ valid receipt condition_only/unknown/condition_unknown (0.048ms)
✔ valid receipt condition_only/false/condition_false (0.061417ms)
✔ valid receipt condition_only/true/record_only (0.058042ms)
✔ valid receipt condition_and_action/true/ (0.039708ms)
✔ production confirm rejects wrong-turn before success (0.520875ms)
✔ production confirm rejects wrong-operation-identity before success (0.08375ms)
✔ production confirm rejects missing-event before success (0.137334ms)
✔ production confirm rejects invalid-action-version before success (0.069292ms)
✔ production confirm rejects unexpected-permission before success (0.052ms)
✔ production confirm rejects false-action-condition before success (0.0465ms)
✔ production confirm rejects false-business-change before success (0.049167ms)
✔ production confirm rejects inconsistent-status before success (0.035917ms)
✔ production confirm rejects extra-receipt-field before success (0.04175ms)
✔ production confirm rejects oversized-reply before success (0.046583ms)
✔ none cannot disguise an action event (0.046958ms)
✔ condition-only reason must agree with truth (0.040791ms)
ℹ tests 19
ℹ suites 0
ℹ pass 19
ℹ fail 0
ℹ cancelled 0
ℹ skipped 0
ℹ todo 0
ℹ duration_ms 38.128125
