✔ no action for "他说“报告结论做完了”。" (0.552417ms)
✔ no action for "假如报告结论做完了就好了。" (0.123416ms)
✔ no action for "报告结论还没做完。" (0.517042ms)
✔ no action for "我不打算明天整理报告结论。" (0.212459ms)
✔ no action for "今天聊天挺有意思。" (0.064ms)
✔ no action for "" (0.044333ms)
✔ no action for "我今天心情很好。" (0.172542ms)
✔ no action for "我明天可以做什么？" (0.029334ms)
✔ no action for "不要把报告标记为完成" (0.052333ms)
✔ no action for "如果我明天做这个呢？" (0.073334ms)
✔ natural conversation create adjust complete and immutable history (613.975292ms)
✔ same submission replay and different payload reject (19.0325ms)
✔ multiple targets clarify, plain natural target response resolves once (23.884ms)
✔ single current target cancellation and terminal refusal (20.318417ms)
✔ stale expected version rejects late commit (23.584209ms)
✔ forged model intent and target rejected by real Host (19.724291ms)
✔ fault transaction rolls back all action assets and retains draft (65.418ms)
✔ restart restores identity feedback and status, reads have no writes (72.174375ms)
✔ source expiry/revoke/correction preserves action and removes valid-basis claim (164.897625ms)
✔ conversation authorization denies writes before action append (64.090417ms)
✔ Application rejects fabricated model output before repository commit (0.265833ms)
✔ read recovery after lost commit response never resends model or write (18.722125ms)
✔ OfflineA and OfflineB operate same repository identity (19.084875ms)
✔ Today single Focus escapes content and never adds action buttons (0.153166ms)
✔ actual model suggestion stays candidate until explicit pronoun acceptance (1322.503708ms)
✔ multiple targets beyond first page cannot imply one (105.337333ms)
✔ expired packet and cancelled draft reject commits (43.393792ms)
✔ snapshot is read-only and incompatible v6 fields fail closed (16.559834ms)
✔ uncertain/historical expression does not create: 我明天整理报告吗 (0.119125ms)
✔ uncertain/historical expression does not create: 我今天写报告很累 (0.028583ms)
✔ uncertain/historical expression does not create: 我今天散步了 (0.022541ms)
✔ uncertain/historical expression does not create: 我明天可能整理报告 (0.03125ms)
✔ uncertain/historical expression does not create: 我明天整理报告，只是举例 (0.01375ms)
✔ completed history does not obscure the only current planned target (24.29875ms)
✔ stale model derivation cannot be accepted via pronoun (1356.67375ms)
✔ Host refuses changing confirmed content inside an otherwise valid parsed create (20.03325ms)
✔ closure generalized creation and exact withdrawal persist across restart (27.193583ms)
✔ closure no target or multiple normalized targets cannot silently cancel (25.930917ms)
✔ closure Host rejects arbitrary negativity and unsupported fallback forgery (23.73375ms)
ℹ tests 39
ℹ suites 0
ℹ pass 39
ℹ fail 0
ℹ cancelled 0
ℹ skipped 0
ℹ todo 0
ℹ duration_ms 4139.299917
