✔ strong-frame-unlisted-verb (0.64825ms)
✔ strong-frame-another-verb (0.200584ms)
✔ word-internal-negation (0.036209ms)
✔ withdraw-unique (0.062834ms)
✔ withdraw-no-target (0.076083ms)
✔ withdraw-multiple (0.037875ms)
✔ negative-new-intent (0.168333ms)
✔ negative-not-withdrawal (0.076375ms)
✔ cancelled-target (0.040042ms)
✔ finished-target (0.073375ms)
✔ quoted-withdrawal (0.03975ms)
✔ hypothetical (0.150333ms)
✔ question (0.097625ms)
✔ uncertain (0.038875ms)
✔ conflicting-clauses (0.025875ms)
✔ unsupported-explicit (0.034916ms)
✔ ordinary-chat (0.02725ms)
✔ cloud-affirmation (0.022542ms)
✔ parse-none cannot fall into chat for explicit intent (0.104167ms)
✔ unsupported explicit input never prepares disclosure and keeps draft (2.050834ms)
✔ unsupported no matching cancellation is honest local no-change (0.077042ms)
✔ unsupported read restoration does not parse or write (0.188291ms)
✔ late cancelled parsing cannot write (0.173417ms)
✔ legacy explicit negative new intent never becomes cancellation (0.039417ms)
ℹ tests 24
ℹ suites 0
ℹ pass 24
ℹ fail 0
ℹ cancelled 0
ℹ skipped 0
ℹ todo 0
ℹ duration_ms 44.86675
