✔ valid receipt none// (0.592458ms)
✔ valid receipt clarify// (0.057875ms)
✔ valid receipt action// (0.064292ms)
✔ valid receipt condition_only/unknown/condition_unknown (0.058458ms)
✔ valid receipt condition_only/false/condition_false (0.051208ms)
✔ valid receipt condition_only/true/record_only (0.04075ms)
✔ valid receipt condition_and_action/true/ (0.051166ms)
✔ production confirm rejects wrong-turn before success (0.211625ms)
✔ production confirm rejects wrong-operation-identity before success (0.079125ms)
✔ production confirm rejects missing-event before success (0.110959ms)
✔ production confirm rejects invalid-action-version before success (0.075ms)
✔ production confirm rejects unexpected-permission before success (0.052709ms)
✔ production confirm rejects false-action-condition before success (0.052125ms)
✔ production confirm rejects false-business-change before success (0.040209ms)
✔ production confirm rejects inconsistent-status before success (0.040708ms)
✔ production confirm rejects extra-receipt-field before success (0.036792ms)
✔ production confirm rejects oversized-reply before success (0.051208ms)
✔ none cannot disguise an action event (0.063333ms)
✔ condition-only reason must agree with truth (0.040333ms)
✔ retry preparation preserves terminal provider failure without another send (0.358375ms)
ℹ tests 20
ℹ suites 0
ℹ pass 20
ℹ fail 0
ℹ cancelled 0
ℹ skipped 0
ℹ todo 0
ℹ duration_ms 39.946833
