✔ no action for "他说“报告结论做完了”。" (0.641458ms)
✔ no action for "假如报告结论做完了就好了。" (0.0855ms)
✔ no action for "报告结论还没做完。" (0.312625ms)
✔ no action for "我不打算明天整理报告结论。" (0.236416ms)
✔ no action for "今天聊天挺有意思。" (0.075917ms)
✔ no action for "" (0.084375ms)
✔ no action for "我今天心情很好。" (0.072708ms)
✔ no action for "我明天可以做什么？" (0.042708ms)
✔ no action for "不要把报告标记为完成" (0.055042ms)
✔ no action for "如果我明天做这个呢？" (0.069333ms)
✔ natural conversation create adjust complete and immutable history (382.646791ms)
✔ same submission replay and different payload reject (19.07425ms)
✔ multiple targets clarify, plain natural target response resolves once (24.736708ms)
✔ single current target cancellation and terminal refusal (19.536042ms)
✔ stale expected version rejects late commit (20.393042ms)
✔ forged model intent and target rejected by real Host (19.230458ms)
✔ fault transaction rolls back all action assets and retains draft (66.231708ms)
✔ restart restores identity feedback and status, reads have no writes (72.790458ms)
✔ source expiry/revoke/correction preserves action and removes valid-basis claim (152.406542ms)
✔ conversation authorization denies writes before action append (64.725083ms)
✔ Application rejects fabricated model output before repository commit (0.198334ms)
✔ read recovery after lost commit response never resends model or write (18.829417ms)
✔ OfflineA and OfflineB operate same repository identity (18.73775ms)
✔ Today single Focus escapes content and never adds action buttons (0.158459ms)
✔ actual model suggestion stays candidate until explicit pronoun acceptance (1330.134916ms)
✔ multiple targets beyond first page cannot imply one (105.623667ms)
✔ expired packet and cancelled draft reject commits (46.418959ms)
✔ snapshot is read-only and incompatible v6 fields fail closed (17.637458ms)
✔ uncertain/historical expression does not create: 我明天整理报告吗 (0.143583ms)
✔ uncertain/historical expression does not create: 我今天写报告很累 (0.031834ms)
✔ uncertain/historical expression does not create: 我今天散步了 (0.026875ms)
✔ uncertain/historical expression does not create: 我明天可能整理报告 (0.038333ms)
✔ uncertain/historical expression does not create: 我明天整理报告，只是举例 (0.01425ms)
✔ completed history does not obscure the only current planned target (24.464542ms)
✔ stale model derivation cannot be accepted via pronoun (1359.188666ms)
✔ Host refuses changing confirmed content inside an otherwise valid parsed create (20.29475ms)
✔ closure generalized creation and exact withdrawal persist across restart (27.466209ms)
✔ closure no target or multiple normalized targets cannot silently cancel (26.587583ms)
✔ closure Host rejects arbitrary negativity and unsupported fallback forgery (23.564ms)
ℹ tests 39
ℹ suites 0
ℹ pass 39
ℹ fail 0
ℹ cancelled 0
ℹ skipped 0
ℹ todo 0
ℹ duration_ms 3901.019666
