✔ strong-frame-unlisted-verb (0.630875ms)
✔ strong-frame-another-verb (0.2345ms)
✔ word-internal-negation (0.038792ms)
✔ withdraw-unique (0.066833ms)
✔ withdraw-no-target (0.084ms)
✔ withdraw-multiple (0.046834ms)
✔ negative-new-intent (0.165792ms)
✔ negative-not-withdrawal (0.079167ms)
✔ cancelled-target (0.041125ms)
✔ finished-target (0.0705ms)
✔ quoted-withdrawal (0.055542ms)
✔ hypothetical (0.033042ms)
✔ question (0.030083ms)
✔ uncertain (0.021791ms)
✔ conflicting-clauses (0.036458ms)
✔ unsupported-explicit (0.037625ms)
✔ ordinary-chat (0.03125ms)
✔ cloud-affirmation (0.039625ms)
✔ parse-none cannot fall into chat for explicit intent (0.101917ms)
✔ unsupported explicit input never prepares disclosure and keeps draft (1.762ms)
✔ unsupported no matching cancellation is honest local no-change (0.101292ms)
✔ unsupported read restoration does not parse or write (0.140584ms)
✔ late cancelled parsing cannot write (0.093375ms)
✔ legacy explicit negative new intent never becomes cancellation (0.024709ms)
ℹ tests 24
ℹ suites 0
ℹ pass 24
ℹ fail 0
ℹ cancelled 0
ℹ skipped 0
ℹ todo 0
ℹ duration_ms 41.674916
