{
  "passed": 8,
  "total": 8,
  "networkCalls": 0,
  "restartEvidence": {
    "pids": [
      59458,
      59459,
      59460
    ],
    "fixture": "p158-8dd3df44-b748-4aab-92cd-37d4f61a519d"
  },
  "results": [
    {
      "name": "independent process reopen preserves answered state, raw refs and adapter continuity",
      "pass": true
    },
    {
      "name": "failure preserves raw draft and retry once commits once under concurrency",
      "pass": true
    },
    {
      "name": "hypothetical time and observation duration never become user state",
      "pass": true
    },
    {
      "name": "authorized selected source availability answers gap; denied, conflicting and irrelevant excluded",
      "pass": true
    },
    {
      "name": "reject survives more than eight new question instances and process restart, explicit reopen answers once",
      "pass": true
    },
    {
      "name": "defer survives independent restart without a prompt or state write",
      "pass": true
    },
    {
      "name": "ignore is only this occurrence; next request has a distinct question and preserves old turn",
      "pass": true
    },
    {
      "name": "already answered, rejected, deferred and silence cannot be confused",
      "pass": true
    }
  ]
}
