✔ valid receipt none// (0.615375ms)
✔ valid receipt clarify// (0.059625ms)
✔ valid receipt action// (0.067542ms)
✔ valid receipt condition_only/unknown/condition_unknown (0.05975ms)
✔ valid receipt condition_only/false/condition_false (0.046292ms)
✔ valid receipt condition_only/true/record_only (0.137917ms)
✔ valid receipt condition_and_action/true/ (0.068583ms)
✔ production confirm rejects wrong-turn before success (0.263459ms)
✔ production confirm rejects wrong-operation-identity before success (0.084541ms)
✔ production confirm rejects missing-event before success (0.106375ms)
✔ production confirm rejects invalid-action-version before success (0.060833ms)
✔ production confirm rejects unexpected-permission before success (0.051917ms)
✔ production confirm rejects false-action-condition before success (0.139083ms)
✔ production confirm rejects false-business-change before success (0.049084ms)
✔ production confirm rejects inconsistent-status before success (0.03775ms)
✔ production confirm rejects extra-receipt-field before success (0.040917ms)
✔ production confirm rejects oversized-reply before success (0.048667ms)
✔ none cannot disguise an action event (0.043791ms)
✔ condition-only reason must agree with truth (0.033291ms)
✔ retry preparation preserves terminal provider failure without another send (0.348875ms)
ℹ tests 20
ℹ suites 0
ℹ pass 20
ℹ fail 0
ℹ cancelled 0
ℹ skipped 0
ℹ todo 0
ℹ duration_ms 41.987083
