{
  "passed": 6,
  "total": 6,
  "networkCalls": 0,
  "restart": {
    "fixture": "p158-c1-25b615c3-e0b3-4c77-87c6-6397a37d1e51",
    "pids": [
      59529,
      59533
    ],
    "oldQuestion": "q:health:available_time:a60b4701c5fae3bb5250133ac29b9b4b",
    "newQuestion": "q:health:available_time:0e975231b0f95261939aa8fb5b91e6f7"
  },
  "results": [
    {
      "name": "expired answered information opens one new gap; history untouched",
      "pass": true
    },
    {
      "name": "valid replacement state answers gap; expired or revoked state does not",
      "pass": true
    },
    {
      "name": "source availability is usable only when current and authorized",
      "pass": true
    },
    {
      "name": "reject remains durable; deferred and ignored respect their scope",
      "pass": true
    },
    {
      "name": "prior answered domain is not an authorization or domain for a new ambiguous request",
      "pass": true
    },
    {
      "name": "expired persisted state after independent restart permits new question and retains old answered row",
      "pass": true
    }
  ]
}
