✔ current UI file selection uses sole import IPC and refreshes terminal status (3.156458ms)
✔ failed start preserves the selected file across idle status and explicit retry (0.87125ms)
✔ starting and running cannot start another import or reopen picker (0.353666ms)
✔ current status restoration keeps original duplicate time without new samples (21.525708ms)
✔ HTML escaping applies to filename and unsupported types (0.198583ms)
✔ unknown failed counts are not fabricated totals (0.076041ms)
✔ Apple observation labels do not imply completeness, identity or revision (0.418625ms)
✔ actual frontend resolver excludes Apple batches and states under all purposes (1.310291ms)
✔ semantic partial success exposes skipped and unprojected without claiming complete coverage (0.092333ms)
✔ health excluded by actual resolver for every purpose, even active/status spoof (3.170458ms)
✔ health view shows unmerged sources, observation freshness, and no fabricated zero (23.402208ms)
✔ failed startup retry cannot overwrite typing between attempts (0.354875ms)
✔ remove uses stored turn identity even public preview has no turnId, cancels before rebuilding (0.581333ms)
✔ remove failure never leaves old send confirmation (0.121042ms)
✔ edit during removal cannot resurrect returned confirmation (0.137125ms)
✔ observation display uses envelope offset, receipt labels device time (0.128167ms)
✔ authorized health expression remains usable while imported raw observations stay excluded (0.1385ms)
✔ raw health kind cannot be promoted by status, source, or eligibility spoof (0.104333ms)
ℹ tests 18
ℹ suites 0
ℹ pass 18
ℹ fail 0
ℹ cancelled 0
ℹ skipped 0
ℹ todo 0
ℹ duration_ms 65.4945
