✔ closing purpose is available during in-flight response and preserves input (3.739083ms)
✔ a late old refresh cannot restore enabled UI after generation changes (0.963375ms)
✔ projection acknowledgements update revision before response preparation (0.143084ms)
✔ source/model text is escaped and never interpreted as markup (0.109291ms)
✔ reload restores persisted pending response without resubmitting it (0.129125ms)
✔ unchanged polling preserves the mounted page and unsaved selections (0.130792ms)
✔ completed response does not erase a newer typed follow-up (0.256625ms)
✔ unrelated response keeps original draft during completion and restart (0.124583ms)
✔ topic switch uses existing ordinary preview without auto-confirming or changing suggestion (0.150209ms)
✔ credential recovery never starts from polling or a forged click (0.141792ms)
✔ credential recovery opens only native menu and cannot issue start, save or POST (0.077ms)
✔ credential check cancelled during menu open cannot restore late state (0.05425ms)
✔ compact settings keeps scope and technical details out of default region (0.16075ms)
✔ first enable opens disclosure without grant write; one-click disable preserves selected sources (0.073583ms)
✔ credential entry errors retain only safe fixed code (0.0615ms)
✔ turning off while scope is being edited retains the last saved permission set (0.0495ms)
ℹ tests 16
ℹ suites 0
ℹ pass 16
ℹ fail 0
ℹ cancelled 0
ℹ skipped 0
ℹ todo 0
ℹ duration_ms 46.536959
