✔ default is lightweight and has one detail entry (9.41025ms)
✔ freshness stays per metric and does not claim coverage (0.16275ms)
✔ only one detail area and trend is secondary (2.882458ms)
✔ no fake chat or AI state (0.115084ms)
✔ initial calls are serial and keep existing contract (0.35875ms)
✔ overview error never claims imported or exposes error body (0.090542ms)
✔ null and absence remain gaps while zero stays real (0.070542ms)
✔ source escaping and empty states retained (0.153667ms)
✔ stale requests cannot replace the selected metric (0.150958ms)
✔ inactive auxiliary does not query and exit stops remaining overview requests (0.148333ms)
✔ exited detail request cannot publish late values (0.067875ms)
✔ new entry has fresh instance and mode label never depends on global flag (0.197417ms)
✔ saving configuration and key does not test select or enable (2.174458ms)
✔ explicit four steps are possible without implicit transitions (0.205209ms)
✔ failed key save preserves input and hides raw failure body (0.165042ms)
✔ pending action ignores second click and retains newer input (0.093916ms)
✔ fixed mask never follows length or displays malformed tail (0.092459ms)
✔ model dropdown starts unselected and enable unavailable after successful test (0.295042ms)
✔ Local mode has no key input or cloud model options (0.153333ms)
✔ unknown errors use a fixed message and timeout is not credential TTL (0.065667ms)
✔ entry is inert and exit rejects a late status (0.3975ms)
✔ search results escape originals and source asking remains separate (0.388916ms)
✔ disconnect requires distinct confirmation and supports reconnect (0.090459ms)
✔ real restored controls display fixed targets without starting an operation (0.048083ms)
✔ exit prevents late search from replacing prior results (0.081083ms)
ℹ tests 25
ℹ suites 0
ℹ pass 25
ℹ fail 0
ℹ cancelled 0
ℹ skipped 0
ℹ todo 0
ℹ duration_ms 49.762125
