✔ strong-frame-unlisted-verb (0.658958ms)
✔ strong-frame-another-verb (0.221459ms)
✔ word-internal-negation (0.04175ms)
✔ withdraw-unique (0.278541ms)
✔ withdraw-no-target (0.194417ms)
✔ withdraw-multiple (0.089459ms)
✔ negative-new-intent (0.329083ms)
✔ negative-not-withdrawal (0.086625ms)
✔ cancelled-target (0.03825ms)
✔ finished-target (0.078917ms)
✔ quoted-withdrawal (0.036875ms)
✔ hypothetical (0.028042ms)
✔ question (0.028125ms)
✔ uncertain (0.021709ms)
✔ conflicting-clauses (0.024292ms)
✔ unsupported-explicit (0.031333ms)
✔ ordinary-chat (0.028125ms)
✔ cloud-affirmation (0.024ms)
✔ parse-none cannot fall into chat for explicit intent (0.093334ms)
✔ unsupported explicit input never prepares disclosure and keeps draft (3.371875ms)
✔ unsupported no matching cancellation is honest local no-change (0.175708ms)
✔ unsupported read restoration does not parse or write (0.330167ms)
✔ late cancelled parsing cannot write (0.1975ms)
✔ legacy explicit negative new intent never becomes cancellation (0.05975ms)
ℹ tests 24
ℹ suites 0
ℹ pass 24
ℹ fail 0
ℹ cancelled 0
ℹ skipped 0
ℹ todo 0
ℹ duration_ms 73.884
