✔ valid receipt none// (0.621292ms)
✔ valid receipt clarify// (0.058583ms)
✔ valid receipt action// (0.067083ms)
✔ valid receipt condition_only/unknown/condition_unknown (0.055375ms)
✔ valid receipt condition_only/false/condition_false (0.04575ms)
✔ valid receipt condition_only/true/record_only (0.036834ms)
✔ valid receipt condition_and_action/true/ (0.040542ms)
✔ production confirm rejects wrong-turn before success (0.254166ms)
✔ production confirm rejects wrong-operation-identity before success (0.095458ms)
✔ production confirm rejects missing-event before success (0.113708ms)
✔ production confirm rejects invalid-action-version before success (0.06325ms)
✔ production confirm rejects unexpected-permission before success (0.050334ms)
✔ production confirm rejects false-action-condition before success (0.051959ms)
✔ production confirm rejects false-business-change before success (0.039709ms)
✔ production confirm rejects inconsistent-status before success (0.041792ms)
✔ production confirm rejects extra-receipt-field before success (0.051ms)
✔ production confirm rejects oversized-reply before success (0.056292ms)
✔ none cannot disguise an action event (0.043667ms)
✔ condition-only reason must agree with truth (0.033708ms)
✔ retry preparation preserves terminal provider failure without another send (0.35925ms)
ℹ tests 20
ℹ suites 0
ℹ pass 20
ℹ fail 0
ℹ cancelled 0
ℹ skipped 0
ℹ todo 0
ℹ duration_ms 42.908125
