{
  "passed": 6,
  "total": 6,
  "networkCalls": 0,
  "restart": {
    "fixture": "p158-c1-8bebe8d2-fed1-4c29-bdad-fc5eaead4d40",
    "pids": [
      56730,
      56736
    ],
    "oldQuestion": "q:health:available_time:e3590d217b4ad6d4ac82c4d9b0d3a6ce",
    "newQuestion": "q:health:available_time:68897430fd84169e41657f801ed871dd"
  },
  "results": [
    {
      "name": "expired answered information opens one new gap; history untouched",
      "pass": true
    },
    {
      "name": "valid replacement state answers gap; expired or revoked state does not",
      "pass": true
    },
    {
      "name": "source availability is usable only when current and authorized",
      "pass": true
    },
    {
      "name": "reject remains durable; deferred and ignored respect their scope",
      "pass": true
    },
    {
      "name": "prior answered domain is not an authorization or domain for a new ambiguous request",
      "pass": true
    },
    {
      "name": "expired persisted state after independent restart permits new question and retains old answered row",
      "pass": true
    }
  ]
}
