✔ current UI file selection uses sole import IPC and refreshes terminal status (2.861125ms)
✔ failed start preserves the selected file across idle status and explicit retry (0.883167ms)
✔ starting and running cannot start another import or reopen picker (0.305917ms)
✔ current status restoration keeps original duplicate time without new samples (18.882792ms)
✔ HTML escaping applies to filename and unsupported types (0.179209ms)
✔ unknown failed counts are not fabricated totals (0.049291ms)
✔ Apple observation labels do not imply completeness, identity or revision (0.364417ms)
✔ actual frontend resolver excludes Apple batches and states under all purposes (1.339ms)
✔ semantic partial success exposes skipped and unprojected without claiming complete coverage (0.143625ms)
✔ health excluded by actual resolver for every purpose, even active/status spoof (2.578875ms)
✔ health view shows unmerged sources, observation freshness, and no fabricated zero (20.199542ms)
✔ failed startup retry cannot overwrite typing between attempts (0.294875ms)
✔ remove uses stored turn identity even public preview has no turnId, cancels before rebuilding (0.500125ms)
✔ remove failure never leaves old send confirmation (0.107166ms)
✔ edit during removal cannot resurrect returned confirmation (0.127791ms)
✔ observation display uses envelope offset, receipt labels device time (0.130583ms)
✔ authorized health expression remains usable while imported raw observations stay excluded (0.136166ms)
✔ raw health kind cannot be promoted by status, source, or eligibility spoof (0.097916ms)
ℹ tests 18
ℹ suites 0
ℹ pass 18
ℹ fail 0
ℹ cancelled 0
ℹ skipped 0
ℹ todo 0
ℹ duration_ms 62.438667
