✔ default is lightweight and has one detail entry (10.291834ms)
✔ freshness stays per metric and does not claim coverage (0.158667ms)
✔ only one detail area and trend is secondary (4.226666ms)
✔ no fake chat or AI state (0.12475ms)
✔ initial calls are serial and keep existing contract (0.404167ms)
✔ overview error never claims imported or exposes error body (0.221667ms)
✔ null and absence remain gaps while zero stays real (0.170333ms)
✔ source escaping and empty states retained (0.227166ms)
✔ stale requests cannot replace the selected metric (0.134958ms)
✔ inactive auxiliary does not query and exit stops remaining overview requests (0.12225ms)
✔ exited detail request cannot publish late values (0.07625ms)
✔ new entry has fresh instance and mode label never depends on global flag (0.240584ms)
✔ saving configuration and key does not test select or enable (2.309459ms)
✔ explicit four steps are possible without implicit transitions (0.235291ms)
✔ failed key save preserves input and hides raw failure body (0.232083ms)
✔ pending action ignores second click and retains newer input (0.190917ms)
✔ fixed mask never follows length or displays malformed tail (0.113458ms)
✔ model dropdown starts unselected and enable unavailable after successful test (0.337084ms)
✔ Local mode has no key input or cloud model options (0.08975ms)
✔ unknown errors use a fixed message and timeout is not credential TTL (0.053583ms)
✔ entry is inert and exit rejects a late status (0.568708ms)
✔ search results escape originals and source asking remains separate (0.591042ms)
✔ disconnect requires distinct confirmation and supports reconnect (0.114584ms)
✔ real restored controls display fixed targets without starting an operation (0.054291ms)
✔ exit prevents late search from replacing prior results (0.093125ms)
ℹ tests 25
ℹ suites 0
ℹ pass 25
ℹ fail 0
ℹ cancelled 0
ℹ skipped 0
ℹ todo 0
ℹ duration_ms 55.910459
