✔ default is lightweight and has one detail entry (19.328667ms)
✔ freshness stays per metric and does not claim coverage (0.215208ms)
✔ only one detail area and trend is secondary (2.29125ms)
✔ no fake chat or AI state (0.301459ms)
✔ initial calls are serial and keep existing contract (0.394625ms)
✔ overview error never claims imported or exposes error body (0.100333ms)
✔ null and absence remain gaps while zero stays real (0.084375ms)
✔ source escaping and empty states retained (0.178333ms)
✔ stale requests cannot replace the selected metric (0.106917ms)
✔ inactive auxiliary does not query and exit stops remaining overview requests (0.113ms)
✔ exited detail request cannot publish late values (0.059166ms)
✔ new entry has fresh instance and mode label never depends on global flag (0.138708ms)
✔ entry is inert and exit rejects a late status (0.747959ms)
✔ search results escape originals and source asking remains separate (0.408125ms)
✔ disconnect requires distinct confirmation and supports reconnect (0.082167ms)
✔ real restored controls display fixed targets without starting an operation (0.050542ms)
✔ exit prevents late search from replacing prior results (0.078458ms)
ℹ tests 17
ℹ suites 0
ℹ pass 17
ℹ fail 0
ℹ cancelled 0
ℹ skipped 0
ℹ todo 0
ℹ duration_ms 64.542292
