        Info Looking up installed tauri packages to check mismatched versions...
   Compiling objc2-exception-helper v0.1.1
   Compiling libsqlite3-sys v0.38.2
   Compiling objc2 v0.6.4
   Compiling block2 v0.6.2
   Compiling objc2-core-foundation v0.3.2
   Compiling dispatch2 v0.3.1
   Compiling objc2-foundation v0.3.2
   Compiling objc2-app-kit v0.3.2
   Compiling objc2-web-kit v0.3.2
   Compiling tao v0.35.3
   Compiling window-vibrancy v0.6.0
   Compiling muda v0.19.3
   Compiling tauri-runtime v2.11.3
   Compiling wry v0.55.1
   Compiling tauri-runtime-wry v2.11.4
   Compiling tauri v2.11.5
   Compiling rusqlite v0.40.2
   Compiling lifeos-p3-120 v0.1.0 (/Users/xxe/Documents/No.2/lifeos/engineering/LIFEOS-P3-120/candidate)
    Finished `release` profile [optimized] target(s) in 29.38s
       Built application at: /private/tmp/lifeos-p3-120-runtime-mvp-v1/cargo-target/release/lifeos-p3-120
    Bundling LifeOS P3-120 Synthetic Runtime MVP.app (/private/tmp/lifeos-p3-120-runtime-mvp-v1/cargo-target/release/bundle/macos/LifeOS P3-120 Synthetic Runtime MVP.app)
    Finished 1 bundle at:
        /private/tmp/lifeos-p3-120-runtime-mvp-v1/cargo-target/release/bundle/macos/LifeOS P3-120 Synthetic Runtime MVP.app

