✔ strong-frame-unlisted-verb (1.295208ms)
✔ strong-frame-another-verb (0.890542ms)
✔ word-internal-negation (0.156959ms)
✔ withdraw-unique (0.303792ms)
✔ withdraw-no-target (0.235792ms)
✔ withdraw-multiple (0.097959ms)
✔ negative-new-intent (0.521958ms)
✔ negative-not-withdrawal (0.321833ms)
✔ cancelled-target (0.183417ms)
✔ finished-target (0.195542ms)
✔ quoted-withdrawal (0.276291ms)
✔ hypothetical (0.269334ms)
✔ question (0.106459ms)
✔ uncertain (0.11775ms)
✔ conflicting-clauses (0.042625ms)
✔ unsupported-explicit (0.326042ms)
✔ ordinary-chat (0.050792ms)
✔ cloud-affirmation (0.029417ms)
✔ parse-none cannot fall into chat for explicit intent (0.173834ms)
✔ unsupported explicit input never prepares disclosure and keeps draft (3.741709ms)
✔ unsupported no matching cancellation is honest local no-change (0.128542ms)
✔ unsupported read restoration does not parse or write (0.378167ms)
✔ late cancelled parsing cannot write (0.322083ms)
✔ legacy explicit negative new intent never becomes cancellation (0.08675ms)
ℹ tests 24
ℹ suites 0
ℹ pass 24
ℹ fail 0
ℹ cancelled 0
ℹ skipped 0
ℹ todo 0
ℹ duration_ms 138.719208
