{
  "passed": 6,
  "total": 6,
  "networkCalls": 0,
  "restart": {
    "fixture": "p158-c1-9d296b5f-e0f0-4c31-8fa0-999a17a346e7",
    "pids": [
      11612,
      11617
    ],
    "oldQuestion": "q:health:available_time:eaf42af82f3c082f21ab1e0ab84feafe",
    "newQuestion": "q:health:available_time:3b2775ba0581a9ca15a53ad13b2a934d"
  },
  "results": [
    {
      "name": "expired answered information opens one new gap; history untouched",
      "pass": true
    },
    {
      "name": "valid replacement state answers gap; expired or revoked state does not",
      "pass": true
    },
    {
      "name": "source availability is usable only when current and authorized",
      "pass": true
    },
    {
      "name": "reject remains durable; deferred and ignored respect their scope",
      "pass": true
    },
    {
      "name": "prior answered domain is not an authorization or domain for a new ambiguous request",
      "pass": true
    },
    {
      "name": "expired persisted state after independent restart permits new question and retains old answered row",
      "pass": true
    }
  ]
}
