✔ default is lightweight and has one detail entry (10.183833ms)
✔ freshness stays per metric and does not claim coverage (0.178459ms)
✔ only one detail area and trend is secondary (2.204ms)
✔ no fake chat or AI state (0.107125ms)
✔ initial calls are serial and keep existing contract (0.348917ms)
✔ overview error never claims imported or exposes error body (0.093791ms)
✔ null and absence remain gaps while zero stays real (0.070333ms)
✔ source escaping and empty states retained (0.151459ms)
✔ stale requests cannot replace the selected metric (0.100459ms)
✔ inactive auxiliary does not query and exit stops remaining overview requests (0.11ms)
✔ exited detail request cannot publish late values (0.057958ms)
✔ new entry has fresh instance and mode label never depends on global flag (0.147042ms)
✔ saving configuration and key does not test select or enable (1.856167ms)
✔ explicit four steps are possible without implicit transitions (0.202833ms)
✔ failed key save preserves input and hides raw failure body (0.159875ms)
✔ pending action ignores second click and retains newer input (0.094291ms)
✔ fixed mask never follows length or displays malformed tail (0.103ms)
✔ model dropdown starts unselected and enable unavailable after successful test (0.288ms)
✔ Local mode has no key input or cloud model options (0.185667ms)
✔ unknown errors use a fixed message and timeout is not credential TTL (0.054708ms)
✔ entry is inert and exit rejects a late status (0.395ms)
✔ search results escape originals and source asking remains separate (0.649ms)
✔ disconnect requires distinct confirmation and supports reconnect (0.218208ms)
✔ real restored controls display fixed targets without starting an operation (0.094583ms)
✔ exit prevents late search from replacing prior results (0.167667ms)
ℹ tests 25
ℹ suites 0
ℹ pass 25
ℹ fail 0
ℹ cancelled 0
ℹ skipped 0
ℹ todo 0
ℹ duration_ms 51.125917
