   Compiling objc2-exception-helper v0.1.1
   Compiling libsqlite3-sys v0.38.2
   Compiling objc2 v0.6.4
   Compiling block2 v0.6.2
   Compiling objc2-core-foundation v0.3.2
   Compiling dispatch2 v0.3.1
   Compiling objc2-foundation v0.3.2
   Compiling rusqlite v0.40.2
   Compiling objc2-app-kit v0.3.2
   Compiling objc2-web-kit v0.3.2
   Compiling tao v0.35.3
   Compiling window-vibrancy v0.6.0
   Compiling muda v0.19.3
   Compiling tauri-runtime v2.11.3
   Compiling wry v0.55.1
   Compiling tauri-runtime-wry v2.11.4
   Compiling tauri v2.11.5
   Compiling lifeos-p3-104 v0.1.0 (/Users/xxe/Documents/No.2/lifeos/engineering/LIFEOS-P3-106)
    Finished `test` profile [unoptimized + debuginfo] target(s) in 9.42s
     Running unittests src/main.rs (target/debug/deps/lifeos_p3_104-490d4ffef2a7b142)

running 1 test
ipc_result command=capture_record status=saved record_count=1 repeated=false
ipc_result command=capture_record status=idempotent_repeat record_count=1 repeated=true
ipc_result status=blocked code=idempotency_conflict
ipc_result command=get_today status=loaded record_count=1 audit_event_count=2
test runtime::tests::lifecycle_saved_repeat_conflict_restart ... ok

test result: ok. 1 passed; 0 failed; 0 ignored; 0 measured; 6 filtered out; finished in 0.01s

