✔ valid receipt none// (0.598042ms)
✔ valid receipt clarify// (0.15775ms)
✔ valid receipt action// (0.102ms)
✔ valid receipt condition_only/unknown/condition_unknown (0.076666ms)
✔ valid receipt condition_only/false/condition_false (0.07525ms)
✔ valid receipt condition_only/true/record_only (0.048792ms)
✔ valid receipt condition_and_action/true/ (0.04025ms)
✔ production confirm rejects wrong-turn before success (0.352417ms)
✔ production confirm rejects wrong-operation-identity before success (0.104959ms)
✔ production confirm rejects missing-event before success (0.245458ms)
✔ production confirm rejects invalid-action-version before success (0.097584ms)
✔ production confirm rejects unexpected-permission before success (0.065625ms)
✔ production confirm rejects false-action-condition before success (0.053375ms)
✔ production confirm rejects false-business-change before success (0.045584ms)
✔ production confirm rejects inconsistent-status before success (0.042375ms)
✔ production confirm rejects extra-receipt-field before success (0.0385ms)
✔ production confirm rejects oversized-reply before success (0.055625ms)
✔ none cannot disguise an action event (0.06775ms)
✔ condition-only reason must agree with truth (0.046708ms)
ℹ tests 19
ℹ suites 0
ℹ pass 19
ℹ fail 0
ℹ cancelled 0
ℹ skipped 0
ℹ todo 0
ℹ duration_ms 76.340375
