warning: method `new_child` is never used
   --> src/artifact_io.rs:170:12
    |
 40 | impl Dir {
    | -------- method in this implementation
...
170 |     pub fn new_child(&self, s: &str) -> R<Self> {
    |            ^^^^^^^^^
    |
    = note: `#[warn(dead_code)]` (part of `#[warn(unused)]`) on by default

warning: static `ACTIVATING` is never used
  --> src/runtime_root.rs:23:8
   |
23 | static ACTIVATING: std::sync::Mutex<()> = std::sync::Mutex::new(());
   |        ^^^^^^^^^^

warning: function `activate_from_user_click` is never used
  --> src/runtime_root.rs:54:8
   |
54 | pub fn activate_from_user_click() -> Result<(), Error> {
   |        ^^^^^^^^^^^^^^^^^^^^^^^^

warning: constant `P3_144_REFERENCE_PREFIX` is never used
  --> src/secure_credentials.rs:16:7
   |
16 | const P3_144_REFERENCE_PREFIX: &str = "p3-144-key-";
   |       ^^^^^^^^^^^^^^^^^^^^^^^

warning: function `encrypt_with_port` is never used
   --> src/secure_credentials.rs:248:8
    |
248 | pub fn encrypt_with_port<P: CredentialPort>(
    |        ^^^^^^^^^^^^^^^^^

warning: function `encrypt` is never used
   --> src/secure_credentials.rs:283:8
    |
283 | pub fn encrypt(api_key: &str, aad: &[u8]) -> Result<EncryptedCredential, CredentialFailure> {
    |        ^^^^^^^

warning: function `resume` is never used
   --> src/source_api.rs:478:8
    |
478 | pub fn resume(fixture: &str) -> R<()> {
    |        ^^^^^^

warning: `lifeos-p3-148` (bin "lifeos-p3-148" test) generated 7 warnings
    Finished `test` profile [unoptimized + debuginfo] target(s) in 0.16s
     Running unittests src/main.rs (/private/tmp/lifeos-p3-148-source-ai-v1/target/debug/deps/lifeos_p3_148-f2229d6dbfc74cbf)

running 1 test
test secure_credentials::p148_memory_port_checks::p148_memory_os_port_crypto_failures_do_not_fallback ... ok

test result: ok. 1 passed; 0 failed; 0 ignored; 0 measured; 42 filtered out; finished in 0.00s

