✔ no action for "他说“报告结论做完了”。" (0.531625ms)
✔ no action for "假如报告结论做完了就好了。" (0.073292ms)
✔ no action for "报告结论还没做完。" (0.280291ms)
✔ no action for "我不打算明天整理报告结论。" (0.290709ms)
✔ no action for "今天聊天挺有意思。" (0.08275ms)
✔ no action for "" (0.047666ms)
✔ no action for "我今天心情很好。" (0.111584ms)
✔ no action for "我明天可以做什么？" (0.04725ms)
✔ no action for "不要把报告标记为完成" (0.05375ms)
✔ no action for "如果我明天做这个呢？" (0.073958ms)
✔ natural conversation create adjust complete and immutable history (600.838875ms)
✔ same submission replay and different payload reject (18.729792ms)
✔ multiple targets clarify, plain natural target response resolves once (27.689333ms)
✔ single current target cancellation and terminal refusal (22.671208ms)
✔ stale expected version rejects late commit (19.118458ms)
✔ forged model intent and target rejected by real Host (21.949458ms)
✔ fault transaction rolls back all action assets and retains draft (67.096375ms)
✔ restart restores identity feedback and status, reads have no writes (73.40425ms)
✔ source expiry/revoke/correction preserves action and removes valid-basis claim (149.319667ms)
✔ conversation authorization denies writes before action append (64.193042ms)
✔ Application rejects fabricated model output before repository commit (0.204208ms)
✔ read recovery after lost commit response never resends model or write (19.892ms)
✔ OfflineA and OfflineB operate same repository identity (20.054208ms)
✔ Today single Focus escapes content and never adds action buttons (0.166958ms)
✔ actual model suggestion stays candidate until explicit pronoun acceptance (1340.972458ms)
✔ multiple targets beyond first page cannot imply one (106.003292ms)
✔ expired packet and cancelled draft reject commits (43.877208ms)
✔ snapshot is read-only and incompatible v6 fields fail closed (16.682375ms)
✔ uncertain/historical expression does not create: 我明天整理报告吗 (0.104208ms)
✔ uncertain/historical expression does not create: 我今天写报告很累 (0.026292ms)
✔ uncertain/historical expression does not create: 我今天散步了 (0.02275ms)
✔ uncertain/historical expression does not create: 我明天可能整理报告 (0.029833ms)
✔ uncertain/historical expression does not create: 我明天整理报告，只是举例 (0.0135ms)
✔ completed history does not obscure the only current planned target (23.09025ms)
✔ stale model derivation cannot be accepted via pronoun (1358.1545ms)
✔ Host refuses changing confirmed content inside an otherwise valid parsed create (20.386583ms)
✔ closure generalized creation and exact withdrawal persist across restart (26.937ms)
✔ closure no target or multiple normalized targets cannot silently cancel (23.600417ms)
✔ closure Host rejects arbitrary negativity and unsupported fallback forgery (23.157625ms)
ℹ tests 39
ℹ suites 0
ℹ pass 39
ℹ fail 0
ℹ cancelled 0
ℹ skipped 0
ℹ todo 0
ℹ duration_ms 4127.898
