✔ strong-frame-unlisted-verb (0.63725ms)
✔ strong-frame-another-verb (0.194167ms)
✔ word-internal-negation (0.035833ms)
✔ withdraw-unique (0.065875ms)
✔ withdraw-no-target (0.081584ms)
✔ withdraw-multiple (0.045292ms)
✔ negative-new-intent (0.169125ms)
✔ negative-not-withdrawal (0.076875ms)
✔ cancelled-target (0.04125ms)
✔ finished-target (0.075ms)
✔ quoted-withdrawal (0.040083ms)
✔ hypothetical (0.029834ms)
✔ question (0.0285ms)
✔ uncertain (0.021542ms)
✔ conflicting-clauses (0.029375ms)
✔ unsupported-explicit (0.036ms)
✔ ordinary-chat (0.138542ms)
✔ cloud-affirmation (0.076458ms)
✔ parse-none cannot fall into chat for explicit intent (0.133125ms)
✔ unsupported explicit input never prepares disclosure and keeps draft (1.772708ms)
✔ unsupported no matching cancellation is honest local no-change (0.087417ms)
✔ unsupported read restoration does not parse or write (0.170375ms)
✔ late cancelled parsing cannot write (0.104375ms)
✔ legacy explicit negative new intent never becomes cancellation (0.0285ms)
ℹ tests 24
ℹ suites 0
ℹ pass 24
ℹ fail 0
ℹ cancelled 0
ℹ skipped 0
ℹ todo 0
ℹ duration_ms 42.171167
