✔ valid receipt none// (0.645458ms)
✔ valid receipt clarify// (0.062208ms)
✔ valid receipt action// (0.061584ms)
✔ valid receipt condition_only/unknown/condition_unknown (0.062625ms)
✔ valid receipt condition_only/false/condition_false (0.048583ms)
✔ valid receipt condition_only/true/record_only (0.037625ms)
✔ valid receipt condition_and_action/true/ (0.04375ms)
✔ production confirm rejects wrong-turn before success (0.213292ms)
✔ production confirm rejects wrong-operation-identity before success (0.084125ms)
✔ production confirm rejects missing-event before success (0.215042ms)
✔ production confirm rejects invalid-action-version before success (0.180917ms)
✔ production confirm rejects unexpected-permission before success (0.082542ms)
✔ production confirm rejects false-action-condition before success (0.07725ms)
✔ production confirm rejects false-business-change before success (0.122208ms)
✔ production confirm rejects inconsistent-status before success (0.060709ms)
✔ production confirm rejects extra-receipt-field before success (0.060916ms)
✔ production confirm rejects oversized-reply before success (0.0615ms)
✔ none cannot disguise an action event (0.051625ms)
✔ condition-only reason must agree with truth (0.041125ms)
✔ retry preparation preserves terminal provider failure without another send (0.385584ms)
ℹ tests 20
ℹ suites 0
ℹ pass 20
ℹ fail 0
ℹ cancelled 0
ℹ skipped 0
ℹ todo 0
ℹ duration_ms 40.069875
