✔ current UI file selection uses sole import IPC and refreshes terminal status (2.46725ms)
✔ failed start preserves the selected file across idle status and explicit retry (0.733084ms)
✔ starting and running cannot start another import or reopen picker (0.41225ms)
✔ current status restoration keeps original duplicate time without new samples (21.239583ms)
✔ HTML escaping applies to filename and unsupported types (0.162625ms)
✔ unknown failed counts are not fabricated totals (0.042709ms)
✔ Apple observation labels do not imply completeness, identity or revision (0.390916ms)
✔ actual frontend resolver excludes Apple batches and states under all purposes (1.377666ms)
✔ semantic partial success exposes skipped and unprojected without claiming complete coverage (0.12625ms)
✔ health excluded by actual resolver for every purpose, even active/status spoof (2.422417ms)
✔ health view shows unmerged sources, observation freshness, and no fabricated zero (21.783833ms)
✔ failed startup retry cannot overwrite typing between attempts (0.278833ms)
✔ remove uses stored turn identity even public preview has no turnId, cancels before rebuilding (0.496709ms)
✔ remove failure never leaves old send confirmation (0.104541ms)
✔ edit during removal cannot resurrect returned confirmation (0.12975ms)
✔ observation display uses envelope offset, receipt labels device time (0.143416ms)
✔ authorized health expression remains usable while imported raw observations stay excluded (0.209ms)
✔ raw health kind cannot be promoted by status, source, or eligibility spoof (0.132459ms)
ℹ tests 18
ℹ suites 0
ℹ pass 18
ℹ fail 0
ℹ cancelled 0
ℹ skipped 0
ℹ todo 0
ℹ duration_ms 64.41925
