UNIT:
test_all_prohibited_channels_are_closed (__main__.RuntimeTests) ... ok
test_committed_record_survives_reopen (__main__.RuntimeTests) ... ok
test_confirmed_next_step_has_no_external_action (__main__.RuntimeTests) ... ok
test_conflicting_idempotency_key_is_rejected_without_overwrite (__main__.RuntimeTests) ... ok
test_empty_text_is_visible_failure_without_record (__main__.RuntimeTests) ... ok
test_first_save_only_after_explicit_confirmation (__main__.RuntimeTests) ... ok
test_identity_receipt_and_view_are_visible (__main__.RuntimeTests) ... ok
test_missing_save_confirmation_is_blocked_without_record (__main__.RuntimeTests) ... ok
test_next_step_requires_explicit_confirmation (__main__.RuntimeTests) ... ok
test_precommit_failure_rolls_back_and_never_reports_saved (__main__.RuntimeTests) ... ok
test_same_request_is_idempotent (__main__.RuntimeTests) ... ok
test_unknown_project_restore_is_rejected (__main__.RuntimeTests) ... ok

----------------------------------------------------------------------
Ran 12 tests in 0.026s

OK

FIRST:
已保存：事务已提交；原文、来源与内容身份可见；下一步已由操作者确认

REPEAT:
已保存：事务已提交；原文、来源与内容身份可见；下一步已由操作者确认

CONFLICT:
保存已拒绝：幂等键已用于不同测试文本

FAILURE:
保存失败：本地事务未提交

MISSING_CONFIRM:
保存已阻断：需要操作者明确确认
