✔ no action for "他说“报告结论做完了”。" (0.56725ms)
✔ no action for "假如报告结论做完了就好了。" (0.078666ms)
✔ no action for "报告结论还没做完。" (0.525666ms)
✔ no action for "我不打算明天整理报告结论。" (0.198417ms)
✔ no action for "今天聊天挺有意思。" (0.06025ms)
✔ no action for "" (0.043ms)
✔ no action for "我今天心情很好。" (0.054583ms)
✔ no action for "我明天可以做什么？" (0.02975ms)
✔ no action for "不要把报告标记为完成" (0.05325ms)
✔ no action for "如果我明天做这个呢？" (0.068667ms)
✔ natural conversation create adjust complete and immutable history (589.192541ms)
✔ same submission replay and different payload reject (21.827125ms)
✔ multiple targets clarify, plain natural target response resolves once (26.0705ms)
✔ single current target cancellation and terminal refusal (20.083833ms)
✔ stale expected version rejects late commit (23.090625ms)
✔ forged model intent and target rejected by real Host (19.722166ms)
✔ fault transaction rolls back all action assets and retains draft (66.3435ms)
✔ restart restores identity feedback and status, reads have no writes (72.0745ms)
✔ source expiry/revoke/correction preserves action and removes valid-basis claim (167.043458ms)
✔ conversation authorization denies writes before action append (65.661917ms)
✔ Application rejects fabricated model output before repository commit (0.207333ms)
✔ read recovery after lost commit response never resends model or write (19.406459ms)
✔ OfflineA and OfflineB operate same repository identity (18.903958ms)
✔ Today single Focus escapes content and never adds action buttons (0.197958ms)
✔ actual model suggestion stays candidate until explicit pronoun acceptance (1318.316166ms)
✔ multiple targets beyond first page cannot imply one (108.767042ms)
✔ expired packet and cancelled draft reject commits (46.172833ms)
✔ snapshot is read-only and incompatible v6 fields fail closed (17.149916ms)
✔ uncertain/historical expression does not create: 我明天整理报告吗 (0.111583ms)
✔ uncertain/historical expression does not create: 我今天写报告很累 (0.027083ms)
✔ uncertain/historical expression does not create: 我今天散步了 (0.022875ms)
✔ uncertain/historical expression does not create: 我明天可能整理报告 (0.02975ms)
✔ uncertain/historical expression does not create: 我明天整理报告，只是举例 (0.011292ms)
✔ completed history does not obscure the only current planned target (24.693875ms)
✔ stale model derivation cannot be accepted via pronoun (1339.267083ms)
✔ Host refuses changing confirmed content inside an otherwise valid parsed create (19.267292ms)
✔ closure generalized creation and exact withdrawal persist across restart (27.34525ms)
✔ closure no target or multiple normalized targets cannot silently cancel (26.757333ms)
✔ closure Host rejects arbitrary negativity and unsupported fallback forgery (24.604458ms)
ℹ tests 39
ℹ suites 0
ℹ pass 39
ℹ fail 0
ℹ cancelled 0
ℹ skipped 0
ℹ todo 0
ℹ duration_ms 4103.065166
