✔ strong-frame-unlisted-verb (0.643291ms)
✔ strong-frame-another-verb (0.194583ms)
✔ word-internal-negation (0.037916ms)
✔ withdraw-unique (0.115125ms)
✔ withdraw-no-target (0.085459ms)
✔ withdraw-multiple (0.039834ms)
✔ negative-new-intent (0.1775ms)
✔ negative-not-withdrawal (0.124ms)
✔ cancelled-target (0.051917ms)
✔ finished-target (0.077042ms)
✔ quoted-withdrawal (0.059375ms)
✔ hypothetical (0.034ms)
✔ question (0.030041ms)
✔ uncertain (0.021125ms)
✔ conflicting-clauses (0.026709ms)
✔ unsupported-explicit (0.037292ms)
✔ ordinary-chat (0.040292ms)
✔ cloud-affirmation (0.025375ms)
✔ parse-none cannot fall into chat for explicit intent (0.109833ms)
✔ unsupported explicit input never prepares disclosure and keeps draft (1.66475ms)
✔ unsupported no matching cancellation is honest local no-change (0.054209ms)
✔ unsupported read restoration does not parse or write (0.170459ms)
✔ late cancelled parsing cannot write (0.112875ms)
✔ legacy explicit negative new intent never becomes cancellation (0.025625ms)
ℹ tests 24
ℹ suites 0
ℹ pass 24
ℹ fail 0
ℹ cancelled 0
ℹ skipped 0
ℹ todo 0
ℹ duration_ms 42.515958
