{
  "passed": 11,
  "total": 11,
  "results": [
    {
      "name": "connection parsing statuses, search and original evidence",
      "pass": true
    },
    {
      "name": "pause resume cancel refresh disconnect and reconnect generations",
      "pass": true
    },
    {
      "name": "original detail pagination and stale cursor rejection",
      "pass": true
    },
    {
      "name": "source preview is inert and confirmation has bound typed references",
      "pass": true
    },
    {
      "name": "refresh invalidates previous source confirmation",
      "pass": true
    },
    {
      "name": "disconnect invalidates previous source confirmation",
      "pass": true
    },
    {
      "name": "pause invalidates previous source confirmation",
      "pass": true
    },
    {
      "name": "cancel invalidates previous source confirmation",
      "pass": true
    },
    {
      "name": "offline target grant and revocation",
      "pass": true
    },
    {
      "name": "XML ZIP duplicate and failure preserve Reader observations",
      "pass": true
    },
    {
      "name": "source and import reject injected paths and incorrect schemas",
      "pass": true
    }
  ]
}
