✔ valid receipt none// (0.669042ms)
✔ valid receipt clarify// (0.059375ms)
✔ valid receipt action// (0.061083ms)
✔ valid receipt condition_only/unknown/condition_unknown (0.054042ms)
✔ valid receipt condition_only/false/condition_false (0.0465ms)
✔ valid receipt condition_only/true/record_only (0.036833ms)
✔ valid receipt condition_and_action/true/ (0.040125ms)
✔ production confirm rejects wrong-turn before success (0.199625ms)
✔ production confirm rejects wrong-operation-identity before success (0.181542ms)
✔ production confirm rejects missing-event before success (0.154458ms)
✔ production confirm rejects invalid-action-version before success (0.083625ms)
✔ production confirm rejects unexpected-permission before success (0.05875ms)
✔ production confirm rejects false-action-condition before success (0.05375ms)
✔ production confirm rejects false-business-change before success (0.031958ms)
✔ production confirm rejects inconsistent-status before success (0.027583ms)
✔ production confirm rejects extra-receipt-field before success (0.038875ms)
✔ production confirm rejects oversized-reply before success (0.051333ms)
✔ none cannot disguise an action event (0.047875ms)
✔ condition-only reason must agree with truth (0.035042ms)
✔ retry preparation preserves terminal provider failure without another send (0.381834ms)
ℹ tests 20
ℹ suites 0
ℹ pass 20
ℹ fail 0
ℹ cancelled 0
ℹ skipped 0
ℹ todo 0
ℹ duration_ms 39.842167
