✔ default is lightweight and has one detail entry (11.054625ms)
✔ freshness stays per metric and does not claim coverage (0.152334ms)
✔ only one detail area and trend is secondary (2.293709ms)
✔ no fake chat or AI state (0.124458ms)
✔ initial calls are serial and keep existing contract (0.371125ms)
✔ overview error never claims imported or exposes error body (0.091833ms)
✔ null and absence remain gaps while zero stays real (0.073542ms)
✔ source escaping and empty states retained (0.240708ms)
✔ stale requests cannot replace the selected metric (0.155958ms)
✔ inactive auxiliary does not query and exit stops remaining overview requests (0.127667ms)
✔ exited detail request cannot publish late values (0.062ms)
✔ new entry has fresh instance and mode label never depends on global flag (0.16725ms)
✔ saving configuration and key does not test select or enable (2.054291ms)
✔ explicit four steps are possible without implicit transitions (0.20075ms)
✔ failed key save preserves input and hides raw failure body (0.160666ms)
✔ pending action ignores second click and retains newer input (0.092ms)
✔ fixed mask never follows length or displays malformed tail (0.102875ms)
✔ model dropdown starts unselected and enable unavailable after successful test (0.4255ms)
✔ Local mode has no key input or cloud model options (0.136875ms)
✔ unknown errors use a fixed message and timeout is not credential TTL (0.124083ms)
✔ entry is inert and exit rejects a late status (0.73925ms)
✔ search results escape originals and source asking remains separate (0.54675ms)
✔ disconnect requires distinct confirmation and supports reconnect (0.119166ms)
✔ real restored controls display fixed targets without starting an operation (0.056375ms)
✔ exit prevents late search from replacing prior results (0.093708ms)
ℹ tests 25
ℹ suites 0
ℹ pass 25
ℹ fail 0
ℹ cancelled 0
ℹ skipped 0
ℹ todo 0
ℹ duration_ms 51.340041
