TAP version 13
# Subtest: successful restoration clears earlier restore error
ok 1 - successful restoration clears earlier restore error
  ---
  duration_ms: 1.859041
  type: 'test'
  ...
# Subtest: queued draft failure cannot survive successful prepare
ok 2 - queued draft failure cannot survive successful prepare
  ---
  duration_ms: 0.186292
  type: 'test'
  ...
# Subtest: late old draft failure cannot attach to new draft
ok 3 - late old draft failure cannot attach to new draft
  ---
  duration_ms: 0.101333
  type: 'test'
  ...
# Subtest: saved result refresh failure retries only read and never prepares or sends again
not ok 4 - saved result refresh failure retries only read and never prepares or sends again
  ---
  duration_ms: 0.469584
  type: 'test'
  location: '/private/tmp/lifeos-p3-154-real-continuity-v1/mutations/27a2ff77-b32f-4fec-9b92-63715b89cbdc/tests/flow_races.mjs:10:1'
  failureType: 'testCodeFailure'
  error: |-
    Expected values to be strictly equal:
    + actual - expected
    
    + 'failed'
    - 'refresh-failed'
    
  code: 'ERR_ASSERTION'
  name: 'AssertionError'
  expected: 'refresh-failed'
  actual: 'failed'
  operator: 'strictEqual'
  stack: |-
    TestContext.<anonymous> (file:///private/tmp/lifeos-p3-154-real-continuity-v1/mutations/27a2ff77-b32f-4fec-9b92-63715b89cbdc/tests/flow_races.mjs:10:293)
    async Test.run (node:internal/test_runner/test:1389:7)
    async Test.processPendingSubtests (node:internal/test_runner/test:960:7)
  ...
# Subtest: new prepare failure belongs to new turn and revision, prior answer is unchanged
ok 5 - new prepare failure belongs to new turn and revision, prior answer is unchanged
  ---
  duration_ms: 0.176167
  type: 'test'
  ...
# Subtest: late completed cancel cannot erase newly edited draft
ok 6 - late completed cancel cannot erase newly edited draft
  ---
  duration_ms: 0.129416
  type: 'test'
  ...
# Subtest: superseded snapshot rejection is ignored
ok 7 - superseded snapshot rejection is ignored
  ---
  duration_ms: 0.1
  type: 'test'
  ...
# Subtest: actual status renderer offers read-only recovery after saved result
ok 8 - actual status renderer offers read-only recovery after saved result
  ---
  duration_ms: 0.892333
  type: 'test'
  ...
1..8
# tests 8
# suites 0
# pass 7
# fail 1
# cancelled 0
# skipped 0
# todo 0
# duration_ms 42.255416
