✔ default is lightweight and has one detail entry (25.198083ms)
✔ freshness stays per metric and does not claim coverage (0.182291ms)
✔ only one detail area and trend is secondary (2.143166ms)
✔ no fake chat or AI state (0.1085ms)
✔ initial calls are serial and keep existing contract (0.339916ms)
✔ overview error never claims imported or exposes error body (0.094375ms)
✔ null and absence remain gaps while zero stays real (0.065792ms)
✔ source escaping and empty states retained (0.138792ms)
✔ stale requests cannot replace the selected metric (0.09575ms)
✔ inactive auxiliary does not query and exit stops remaining overview requests (0.218958ms)
✔ exited detail request cannot publish late values (0.096584ms)
✔ new entry has fresh instance and mode label never depends on global flag (0.299125ms)
✔ saving configuration and key does not test select or enable (4.971541ms)
✔ explicit four steps are possible without implicit transitions (0.236542ms)
✔ failed key save preserves input and hides raw failure body (0.175083ms)
✔ pending action ignores second click and retains newer input (0.098125ms)
✔ fixed mask never follows length or displays malformed tail (0.102042ms)
✔ model dropdown starts unselected and enable unavailable after successful test (0.291833ms)
✔ Local mode has no key input or cloud model options (0.077459ms)
✔ unknown errors use a fixed message and timeout is not credential TTL (0.045ms)
✔ entry is inert and exit rejects a late status (0.39175ms)
✔ search results escape originals and source asking remains separate (0.532958ms)
✔ disconnect requires distinct confirmation and supports reconnect (0.120458ms)
✔ real restored controls display fixed targets without starting an operation (0.06275ms)
✔ exit prevents late search from replacing prior results (0.125208ms)
ℹ tests 25
ℹ suites 0
ℹ pass 25
ℹ fail 0
ℹ cancelled 0
ℹ skipped 0
ℹ todo 0
ℹ duration_ms 70.053125
