✔ valid receipt none// (0.596083ms)
✔ valid receipt clarify// (0.054542ms)
✔ valid receipt action// (0.05925ms)
✔ valid receipt condition_only/unknown/condition_unknown (0.045291ms)
✔ valid receipt condition_only/false/condition_false (0.057125ms)
✔ valid receipt condition_only/true/record_only (0.040667ms)
✔ valid receipt condition_and_action/true/ (0.039917ms)
✔ production confirm rejects wrong-turn before success (0.431166ms)
✔ production confirm rejects wrong-operation-identity before success (0.072417ms)
✔ production confirm rejects missing-event before success (0.158958ms)
✔ production confirm rejects invalid-action-version before success (0.064875ms)
✔ production confirm rejects unexpected-permission before success (0.050833ms)
✔ production confirm rejects false-action-condition before success (0.049209ms)
✔ production confirm rejects false-business-change before success (0.049791ms)
✔ production confirm rejects inconsistent-status before success (0.0515ms)
✔ production confirm rejects extra-receipt-field before success (0.043708ms)
✔ production confirm rejects oversized-reply before success (0.0535ms)
✔ none cannot disguise an action event (0.042708ms)
✔ condition-only reason must agree with truth (0.033583ms)
ℹ tests 19
ℹ suites 0
ℹ pass 19
ℹ fail 0
ℹ cancelled 0
ℹ skipped 0
ℹ todo 0
ℹ duration_ms 42.554416
