✔ no action for "他说“报告结论做完了”。" (0.572583ms)
✔ no action for "假如报告结论做完了就好了。" (0.083417ms)
✔ no action for "报告结论还没做完。" (0.296667ms)
✔ no action for "我不打算明天整理报告结论。" (0.264084ms)
✔ no action for "今天聊天挺有意思。" (0.0775ms)
✔ no action for "" (0.049083ms)
✔ no action for "我今天心情很好。" (0.055667ms)
✔ no action for "我明天可以做什么？" (0.034041ms)
✔ no action for "不要把报告标记为完成" (0.055958ms)
✔ no action for "如果我明天做这个呢？" (0.083625ms)
✔ natural conversation create adjust complete and immutable history (603.06ms)
✔ same submission replay and different payload reject (19.908208ms)
✔ multiple targets clarify, plain natural target response resolves once (24.799458ms)
✔ single current target cancellation and terminal refusal (21.785959ms)
✔ stale expected version rejects late commit (21.191583ms)
✔ forged model intent and target rejected by real Host (21.423959ms)
✔ fault transaction rolls back all action assets and retains draft (79.142625ms)
✔ restart restores identity feedback and status, reads have no writes (83.175958ms)
✔ source expiry/revoke/correction preserves action and removes valid-basis claim (185.968875ms)
✔ conversation authorization denies writes before action append (75.501083ms)
✔ Application rejects fabricated model output before repository commit (0.286ms)
✔ read recovery after lost commit response never resends model or write (22.982084ms)
✔ OfflineA and OfflineB operate same repository identity (23.169375ms)
✔ Today single Focus escapes content and never adds action buttons (0.208875ms)
✔ actual model suggestion stays candidate until explicit pronoun acceptance (1331.266666ms)
✔ multiple targets beyond first page cannot imply one (103.711167ms)
✔ expired packet and cancelled draft reject commits (51.486167ms)
✔ snapshot is read-only and incompatible v6 fields fail closed (18.866875ms)
✔ uncertain/historical expression does not create: 我明天整理报告吗 (0.165167ms)
✔ uncertain/historical expression does not create: 我今天写报告很累 (0.032417ms)
✔ uncertain/historical expression does not create: 我今天散步了 (0.026083ms)
✔ uncertain/historical expression does not create: 我明天可能整理报告 (0.036958ms)
✔ uncertain/historical expression does not create: 我明天整理报告，只是举例 (0.016542ms)
✔ completed history does not obscure the only current planned target (25.985166ms)
✔ stale model derivation cannot be accepted via pronoun (1331.667459ms)
✔ Host refuses changing confirmed content inside an otherwise valid parsed create (19.910458ms)
✔ closure generalized creation and exact withdrawal persist across restart (27.380833ms)
✔ closure no target or multiple normalized targets cannot silently cancel (26.523958ms)
✔ closure Host rejects arbitrary negativity and unsupported fallback forgery (23.635958ms)
ℹ tests 39
ℹ suites 0
ℹ pass 39
ℹ fail 0
ℹ cancelled 0
ℹ skipped 0
ℹ todo 0
ℹ duration_ms 4190.349708
