✔ strong-frame-unlisted-verb (0.666333ms)
✔ strong-frame-another-verb (0.203708ms)
✔ word-internal-negation (0.038541ms)
✔ withdraw-unique (0.063417ms)
✔ withdraw-no-target (0.084875ms)
✔ withdraw-multiple (0.045292ms)
✔ negative-new-intent (0.217ms)
✔ negative-not-withdrawal (0.112125ms)
✔ cancelled-target (0.049833ms)
✔ finished-target (0.093459ms)
✔ quoted-withdrawal (0.133709ms)
✔ hypothetical (0.077458ms)
✔ question (0.051542ms)
✔ uncertain (0.041083ms)
✔ conflicting-clauses (0.027833ms)
✔ unsupported-explicit (0.044916ms)
✔ ordinary-chat (0.02975ms)
✔ cloud-affirmation (0.025792ms)
✔ parse-none cannot fall into chat for explicit intent (0.122541ms)
✔ unsupported explicit input never prepares disclosure and keeps draft (1.883625ms)
✔ unsupported no matching cancellation is honest local no-change (0.058334ms)
✔ unsupported read restoration does not parse or write (0.123166ms)
✔ late cancelled parsing cannot write (0.09175ms)
✔ legacy explicit negative new intent never becomes cancellation (0.025541ms)
ℹ tests 24
ℹ suites 0
ℹ pass 24
ℹ fail 0
ℹ cancelled 0
ℹ skipped 0
ℹ todo 0
ℹ duration_ms 49.028916
