✔ valid receipt none// (0.8765ms)
✔ valid receipt clarify// (0.084958ms)
✔ valid receipt action// (0.078166ms)
✔ valid receipt condition_only/unknown/condition_unknown (0.07825ms)
✔ valid receipt condition_only/false/condition_false (0.056291ms)
✔ valid receipt condition_only/true/record_only (0.063709ms)
✔ valid receipt condition_and_action/true/ (0.04275ms)
✔ production confirm rejects wrong-turn before success (0.233042ms)
✔ production confirm rejects wrong-operation-identity before success (0.090208ms)
✔ production confirm rejects missing-event before success (0.135375ms)
✔ production confirm rejects invalid-action-version before success (0.078375ms)
✔ production confirm rejects unexpected-permission before success (0.116666ms)
✔ production confirm rejects false-action-condition before success (0.104209ms)
✔ production confirm rejects false-business-change before success (0.078208ms)
✔ production confirm rejects inconsistent-status before success (0.048875ms)
✔ production confirm rejects extra-receipt-field before success (0.072667ms)
✔ production confirm rejects oversized-reply before success (0.064958ms)
✔ none cannot disguise an action event (0.058042ms)
✔ condition-only reason must agree with truth (0.043125ms)
✔ retry preparation preserves terminal provider failure without another send (0.458708ms)
ℹ tests 20
ℹ suites 0
ℹ pass 20
ℹ fail 0
ℹ cancelled 0
ℹ skipped 0
ℹ todo 0
ℹ duration_ms 49.534958
