{
  "passed": 6,
  "total": 6,
  "networkCalls": 0,
  "restart": {
    "fixture": "p158-c1-662590ab-6566-4513-a853-45845941aad2",
    "pids": [
      70252,
      70256
    ],
    "oldQuestion": "q:health:available_time:2dfddbdc16c9041c8c5b04353ca8b9cc",
    "newQuestion": "q:health:available_time:4f8f6c6a422cbbae0707afe4fa17de12"
  },
  "results": [
    {
      "name": "expired answered information opens one new gap; history untouched",
      "pass": true
    },
    {
      "name": "valid replacement state answers gap; expired or revoked state does not",
      "pass": true
    },
    {
      "name": "source availability is usable only when current and authorized",
      "pass": true
    },
    {
      "name": "reject remains durable; deferred and ignored respect their scope",
      "pass": true
    },
    {
      "name": "prior answered domain is not an authorization or domain for a new ambiguous request",
      "pass": true
    },
    {
      "name": "expired persisted state after independent restart permits new question and retains old answered row",
      "pass": true
    }
  ]
}
