✔ current UI file selection uses sole import IPC and refreshes terminal status (3.086417ms)
✔ failed start preserves the selected file across idle status and explicit retry (0.870666ms)
✔ starting and running cannot start another import or reopen picker (0.394959ms)
✔ current status restoration keeps original duplicate time without new samples (22.980541ms)
✔ HTML escaping applies to filename and unsupported types (0.300083ms)
✔ unknown failed counts are not fabricated totals (0.063416ms)
✔ Apple observation labels do not imply completeness, identity or revision (0.471292ms)
✔ actual frontend resolver excludes Apple batches and states under all purposes (1.623166ms)
✔ semantic partial success exposes skipped and unprojected without claiming complete coverage (0.17175ms)
✔ health excluded by actual resolver for every purpose, even active/status spoof (2.841459ms)
✔ health view shows unmerged sources, observation freshness, and no fabricated zero (24.207333ms)
✔ failed startup retry cannot overwrite typing between attempts (0.379833ms)
✔ remove uses stored turn identity even public preview has no turnId, cancels before rebuilding (0.627042ms)
✔ remove failure never leaves old send confirmation (0.130958ms)
✔ edit during removal cannot resurrect returned confirmation (0.146791ms)
✔ observation display uses envelope offset, receipt labels device time (0.1685ms)
✔ authorized health expression remains usable while imported raw observations stay excluded (0.166208ms)
✔ raw health kind cannot be promoted by status, source, or eligibility spoof (0.115958ms)
ℹ tests 18
ℹ suites 0
ℹ pass 18
ℹ fail 0
ℹ cancelled 0
ℹ skipped 0
ℹ todo 0
ℹ duration_ms 75.215083
