✔ default is lightweight and has one detail entry (12.642083ms)
✔ freshness stays per metric and does not claim coverage (0.184ms)
✔ only one detail area and trend is secondary (2.637792ms)
✔ no fake chat or AI state (0.170834ms)
✔ initial calls are serial and keep existing contract (0.467209ms)
✔ overview error never claims imported or exposes error body (0.135041ms)
✔ null and absence remain gaps while zero stays real (0.098125ms)
✔ source escaping and empty states retained (0.196791ms)
✔ stale requests cannot replace the selected metric (0.130667ms)
✔ inactive auxiliary does not query and exit stops remaining overview requests (0.1545ms)
✔ exited detail request cannot publish late values (0.070708ms)
✔ new entry has fresh instance and mode label never depends on global flag (0.167625ms)
✔ saving configuration and key does not test select or enable (2.982333ms)
✔ explicit four steps are possible without implicit transitions (0.255ms)
✔ failed key save preserves input and hides raw failure body (0.187917ms)
✔ pending action ignores second click and retains newer input (0.102875ms)
✔ fixed mask never follows length or displays malformed tail (0.117084ms)
✔ model dropdown starts unselected and enable unavailable after successful test (0.6825ms)
✔ Local mode has no key input or cloud model options (0.138667ms)
✔ unknown errors use a fixed message and timeout is not credential TTL (0.079417ms)
✔ entry is inert and exit rejects a late status (0.728792ms)
✔ search results escape originals and source asking remains separate (0.475792ms)
✔ disconnect requires distinct confirmation and supports reconnect (0.112875ms)
✔ real restored controls display fixed targets without starting an operation (0.080291ms)
✔ exit prevents late search from replacing prior results (0.0945ms)
ℹ tests 25
ℹ suites 0
ℹ pass 25
ℹ fail 0
ℹ cancelled 0
ℹ skipped 0
ℹ todo 0
ℹ duration_ms 62.020167
