✔ no action for "他说“报告结论做完了”。" (0.522042ms)
✔ no action for "假如报告结论做完了就好了。" (0.07075ms)
✔ no action for "报告结论还没做完。" (0.527ms)
✔ no action for "我不打算明天整理报告结论。" (0.21225ms)
✔ no action for "今天聊天挺有意思。" (0.061917ms)
✔ no action for "" (0.039458ms)
✔ no action for "我今天心情很好。" (0.037917ms)
✔ no action for "我明天可以做什么？" (0.032375ms)
✔ no action for "不要把报告标记为完成" (0.052625ms)
✔ no action for "如果我明天做这个呢？" (0.07525ms)
✔ natural conversation create adjust complete and immutable history (375.605292ms)
✔ same submission replay and different payload reject (19.725666ms)
✔ multiple targets clarify, plain natural target response resolves once (27.255208ms)
✔ single current target cancellation and terminal refusal (21.387667ms)
✔ stale expected version rejects late commit (19.708084ms)
✔ forged model intent and target rejected by real Host (19.629291ms)
✔ fault transaction rolls back all action assets and retains draft (68.535125ms)
✔ restart restores identity feedback and status, reads have no writes (74.640292ms)
✔ source expiry/revoke/correction preserves action and removes valid-basis claim (168.974792ms)
✔ conversation authorization denies writes before action append (64.720458ms)
✔ Application rejects fabricated model output before repository commit (0.310167ms)
✔ read recovery after lost commit response never resends model or write (20.336292ms)
✔ OfflineA and OfflineB operate same repository identity (19.469167ms)
✔ Today single Focus escapes content and never adds action buttons (0.208375ms)
✔ actual model suggestion stays candidate until explicit pronoun acceptance (1314.038542ms)
✔ multiple targets beyond first page cannot imply one (116.198083ms)
✔ expired packet and cancelled draft reject commits (47.706458ms)
✔ snapshot is read-only and incompatible v6 fields fail closed (17.03875ms)
✔ uncertain/historical expression does not create: 我明天整理报告吗 (0.121875ms)
✔ uncertain/historical expression does not create: 我今天写报告很累 (0.02875ms)
✔ uncertain/historical expression does not create: 我今天散步了 (0.025417ms)
✔ uncertain/historical expression does not create: 我明天可能整理报告 (0.037125ms)
✔ uncertain/historical expression does not create: 我明天整理报告，只是举例 (0.013208ms)
✔ completed history does not obscure the only current planned target (26.226083ms)
✔ stale model derivation cannot be accepted via pronoun (1346.549416ms)
✔ Host refuses changing confirmed content inside an otherwise valid parsed create (19.749584ms)
✔ closure generalized creation and exact withdrawal persist across restart (27.232083ms)
✔ closure no target or multiple normalized targets cannot silently cancel (27.6565ms)
✔ closure Host rejects arbitrary negativity and unsupported fallback forgery (24.964125ms)
ℹ tests 39
ℹ suites 0
ℹ pass 39
ℹ fail 0
ℹ cancelled 0
ℹ skipped 0
ℹ todo 0
ℹ duration_ms 3911.301208
