✔ strong-frame-unlisted-verb (0.694416ms)
✔ strong-frame-another-verb (0.208125ms)
✔ word-internal-negation (0.040167ms)
✔ withdraw-unique (0.074416ms)
✔ withdraw-no-target (0.086209ms)
✔ withdraw-multiple (0.040667ms)
✔ negative-new-intent (0.189541ms)
✔ negative-not-withdrawal (0.084708ms)
✔ cancelled-target (0.0445ms)
✔ finished-target (0.076541ms)
✔ quoted-withdrawal (0.064ms)
✔ hypothetical (0.030458ms)
✔ question (0.02975ms)
✔ uncertain (0.020834ms)
✔ conflicting-clauses (0.025625ms)
✔ unsupported-explicit (0.04ms)
✔ ordinary-chat (0.026917ms)
✔ cloud-affirmation (0.034417ms)
✔ parse-none cannot fall into chat for explicit intent (0.109083ms)
✔ unsupported explicit input never prepares disclosure and keeps draft (1.680875ms)
✔ unsupported no matching cancellation is honest local no-change (0.05375ms)
✔ unsupported read restoration does not parse or write (0.112917ms)
✔ late cancelled parsing cannot write (0.089417ms)
✔ legacy explicit negative new intent never becomes cancellation (0.023416ms)
ℹ tests 24
ℹ suites 0
ℹ pass 24
ℹ fail 0
ℹ cancelled 0
ℹ skipped 0
ℹ todo 0
ℹ duration_ms 44.4095
