✔ valid receipt none// (0.612625ms)
✔ valid receipt clarify// (0.057666ms)
✔ valid receipt action// (0.063458ms)
✔ valid receipt condition_only/unknown/condition_unknown (0.05125ms)
✔ valid receipt condition_only/false/condition_false (0.047ms)
✔ valid receipt condition_only/true/record_only (0.040584ms)
✔ valid receipt condition_and_action/true/ (0.039625ms)
✔ production confirm rejects wrong-turn before success (0.195041ms)
✔ production confirm rejects wrong-operation-identity before success (0.073375ms)
✔ production confirm rejects missing-event before success (0.109833ms)
✔ production confirm rejects invalid-action-version before success (0.061875ms)
✔ production confirm rejects unexpected-permission before success (0.054875ms)
✔ production confirm rejects false-action-condition before success (0.05425ms)
✔ production confirm rejects false-business-change before success (0.039042ms)
✔ production confirm rejects inconsistent-status before success (0.038041ms)
✔ production confirm rejects extra-receipt-field before success (0.039ms)
✔ production confirm rejects oversized-reply before success (0.051666ms)
✔ none cannot disguise an action event (0.063625ms)
✔ condition-only reason must agree with truth (0.040583ms)
✔ retry preparation preserves terminal provider failure without another send (0.36275ms)
ℹ tests 20
ℹ suites 0
ℹ pass 20
ℹ fail 0
ℹ cancelled 0
ℹ skipped 0
ℹ todo 0
ℹ duration_ms 40.844875
