✔ default is lightweight and has one detail entry (9.717125ms)
✔ freshness stays per metric and does not claim coverage (0.204125ms)
✔ only one detail area and trend is secondary (3.534458ms)
✔ no fake chat or AI state (0.142792ms)
✔ initial calls are serial and keep existing contract (0.381666ms)
✔ overview error never claims imported or exposes error body (0.104375ms)
✔ null and absence remain gaps while zero stays real (0.069708ms)
✔ source escaping and empty states retained (0.176584ms)
✔ stale requests cannot replace the selected metric (0.125875ms)
✔ inactive auxiliary does not query and exit stops remaining overview requests (0.121084ms)
✔ exited detail request cannot publish late values (0.059333ms)
✔ new entry has fresh instance and mode label never depends on global flag (0.148125ms)
✔ saving configuration and key does not test select or enable (2.439375ms)
✔ explicit four steps are possible without implicit transitions (0.229125ms)
✔ failed key save preserves input and hides raw failure body (0.162542ms)
✔ pending action ignores second click and retains newer input (0.092583ms)
✔ fixed mask never follows length or displays malformed tail (0.099334ms)
✔ model dropdown starts unselected and enable unavailable after successful test (0.307417ms)
✔ Local mode has no key input or cloud model options (0.078958ms)
✔ unknown errors use a fixed message and timeout is not credential TTL (0.050792ms)
✔ entry is inert and exit rejects a late status (0.390958ms)
✔ search results escape originals and source asking remains separate (0.457292ms)
✔ disconnect requires distinct confirmation and supports reconnect (0.118167ms)
✔ real restored controls display fixed targets without starting an operation (0.054042ms)
✔ exit prevents late search from replacing prior results (0.087792ms)
ℹ tests 25
ℹ suites 0
ℹ pass 25
ℹ fail 0
ℹ cancelled 0
ℹ skipped 0
ℹ todo 0
ℹ duration_ms 51.791708
