✔ valid receipt none// (0.764583ms)
✔ valid receipt clarify// (0.064583ms)
✔ valid receipt action// (0.061708ms)
✔ valid receipt condition_only/unknown/condition_unknown (0.045375ms)
✔ valid receipt condition_only/false/condition_false (0.0655ms)
✔ valid receipt condition_only/true/record_only (0.043333ms)
✔ valid receipt condition_and_action/true/ (0.040667ms)
✔ production confirm rejects wrong-turn before success (0.235833ms)
✔ production confirm rejects wrong-operation-identity before success (0.069ms)
✔ production confirm rejects missing-event before success (0.128708ms)
✔ production confirm rejects invalid-action-version before success (0.065208ms)
✔ production confirm rejects unexpected-permission before success (0.05475ms)
✔ production confirm rejects false-action-condition before success (0.047041ms)
✔ production confirm rejects false-business-change before success (0.04375ms)
✔ production confirm rejects inconsistent-status before success (0.045583ms)
✔ production confirm rejects extra-receipt-field before success (0.050667ms)
✔ production confirm rejects oversized-reply before success (0.063083ms)
✔ none cannot disguise an action event (0.044625ms)
✔ condition-only reason must agree with truth (0.033209ms)
ℹ tests 19
ℹ suites 0
ℹ pass 19
ℹ fail 0
ℹ cancelled 0
ℹ skipped 0
ℹ todo 0
ℹ duration_ms 42.9675
