   Compiling lifeos-p3-144 v0.1.0 (/private/tmp/lifeos-p3-144-phase-c-profile-delta-review-v1/snapshot/lifeos/engineering/LIFEOS-P3-144/candidate)
    Finished `test` profile [unoptimized + debuginfo] target(s) in 1.09s
     Running unittests src/main.rs (/private/tmp/lifeos-p3-144-phase-c-profile-delta-review-v1/cargo-target/engineering/debug/deps/lifeos_p3_144-788e4f7093568520)

running 22 tests
test runtime::tests::absent_review_root_creates_the_exact_marker_before_runtime_or_database ... ok
test runtime::tests::capabilities_come_from_adapter_metadata_not_provider_name ... ok
test runtime::tests::cloud_and_local_fields_fail_closed ... ok
test runtime::tests::compiled_root_authority_is_closed_and_non_runtime_configurable ... ok
test runtime::tests::credential_keychain_material_and_aead_are_separate_and_fail_closed ... ok
test runtime::tests::credential_replacement_invalidates_the_previous_ciphertext_and_reference ... ok
test runtime::tests::database_symlink_is_rejected_before_open_and_sentinel_is_unchanged ... ok
test runtime::tests::deepseek_requires_the_exact_https_authority ... ok
test runtime::tests::exactly_twenty_ipc_are_registered ... ok
test runtime::tests::existing_review_root_missing_or_mutated_marker_fails_before_runtime_or_database ... ok
test runtime::tests::illegal_provider_capability_and_priority_fail_closed ... ok
test runtime::tests::p3_144_phase_a_context_limits_disclosure_and_confirmation_are_fail_closed ... ok
test runtime::tests::persistence_payload_contains_only_non_secret_reference ... ok
test runtime::tests::pilot_7_authority_is_exact_without_accessing_the_pilot_root ... ok
test runtime::tests::provider_save_resets_test_and_enablement ... ok
test runtime::tests::registry_has_eight_cloud_and_four_local_entries ... ok
test runtime::tests::review_root_authority_rejects_root_symlink_before_writes ... ok
test runtime::tests::review_root_authority_rejects_wrong_profile_root_run_id_and_traversal_before_writes ... ok
test runtime::tests::router_requires_authorization_and_defaults_to_no_cloud_supplement ... ok
test runtime::tests::sqlite_ciphertext_requires_its_exact_keychain_material_and_leaks_no_canary ... ok
test runtime::tests::strict_dto_rejects_unknown_field_before_validation ... ok
test runtime::tests::test_models_clears_prior_selection_and_keeps_provider_disabled ... ok

test result: ok. 22 passed; 0 failed; 0 ignored; 0 measured; 0 filtered out; finished in 0.20s

