   Compiling unicode-ident v1.0.24
   Compiling proc-macro2 v1.0.107
   Compiling quote v1.0.47
   Compiling libc v0.2.189
   Compiling serde_core v1.0.229
   Compiling cfg-if v1.0.4
   Compiling memchr v2.8.3
   Compiling stable_deref_trait v1.2.1
   Compiling smallvec v1.15.2
   Compiling itoa v1.0.18
   Compiling shlex v2.0.1
   Compiling find-msvc-tools v0.1.11
   Compiling siphasher v1.0.3
   Compiling fastrand v2.5.0
   Compiling version_check v0.9.5
   Compiling cc v1.4.4
   Compiling phf_shared v0.13.1
   Compiling zmij v1.0.23
   Compiling serde v1.0.229
   Compiling writeable v0.6.4
   Compiling phf_generator v0.13.1
   Compiling litemap v0.8.3
   Compiling icu_normalizer_data v2.3.0
   Compiling utf8_iter v1.0.4
   Compiling icu_properties_data v2.3.0
   Compiling phf_codegen v0.13.1
   Compiling winnow v1.0.4
   Compiling toml_parser v1.1.3+spec-1.1.0
   Compiling syn v2.0.119
   Compiling syn v3.0.3
   Compiling generic-array v0.14.7
   Compiling toml_writer v1.1.2+spec-1.1.0
   Compiling serde_json v1.0.151
   Compiling synstructure v0.13.2
   Compiling bitflags v2.13.1
   Compiling typenum v1.20.1
   Compiling new_debug_unreachable v1.0.6
   Compiling byteorder v1.5.0
   Compiling parking_lot_core v0.9.12
   Compiling precomputed-hash v0.1.1
   Compiling scopeguard v1.2.0
   Compiling lock_api v0.4.14
   Compiling string_cache_codegen v0.6.1
   Compiling zerofrom-derive v0.1.7
   Compiling yoke-derive v0.8.2
   Compiling phf_macros v0.13.1
   Compiling serde_derive v1.0.229
   Compiling zerovec-derive v0.11.6
   Compiling displaydoc v0.2.7
   Compiling phf v0.13.1
   Compiling time-core v0.1.9
   Compiling zerofrom v0.1.8
   Compiling log v0.4.34
   Compiling num-conv v0.2.2
   Compiling foldhash v0.2.0
   Compiling web_atoms v0.2.6
   Compiling dtoa v1.0.11
   Compiling thiserror v2.0.20
   Compiling ident_case v1.0.1
   Compiling typeid v1.0.3
   Compiling strsim v0.11.1
   Compiling autocfg v1.5.1
   Compiling powerfmt v0.2.0
   Compiling deranged v0.5.8
   Compiling indexmap v1.9.3
   Compiling darling_core v0.23.0
   Compiling dtoa-short v0.3.5
   Compiling thiserror-impl v2.0.20
   Compiling parking_lot v0.12.5
   Compiling string_cache v0.9.0
   Compiling cssparser-macros v0.6.1
   Compiling derive_more-impl v2.1.1
   Compiling selectors v0.36.1
   Compiling erased-serde v0.4.10
   Compiling camino v1.2.5
   Compiling darling_macro v0.23.0
   Compiling derive_more v2.1.1
   Compiling yoke v0.8.3
   Compiling cssparser v0.36.0
   Compiling tendril v0.5.1
   Compiling objc2-exception-helper v0.1.1
   Compiling aho-corasick v1.1.5
   Compiling servo_arc v0.4.3
   Compiling thiserror v1.0.69
   Compiling hashbrown v0.12.3
   Compiling unic-common v0.9.0
   Compiling fnv v1.0.7
   Compiling equivalent v1.0.2
   Compiling regex-syntax v0.8.11
   Compiling rustc-hash v2.1.3
   Compiling unic-char-range v0.9.0
   Compiling unic-char-property v0.9.0
   Compiling unic-ucd-version v0.9.0
   Compiling markup5ever v0.38.0
   Compiling swift-rs v1.0.8
   Compiling darling v0.23.0
   Compiling regex-automata v0.4.18
   Compiling thiserror-impl v1.0.69
   Compiling serde_derive_internals v0.29.1
   Compiling zerovec v0.11.8
   Compiling zerotrie v0.2.5
   Compiling bit-vec v0.8.0
   Compiling schemars v0.8.22
   Compiling bytes v1.12.1
   Compiling alloc-no-stdlib v2.0.4
   Compiling alloc-stdlib v0.2.4
   Compiling bit-set v0.8.0
   Compiling schemars_derive v0.8.22
   Compiling regex v1.13.1
   Compiling html5ever v0.38.0
   Compiling unic-ucd-ident v0.9.0
   Compiling quick-xml v0.41.0
   Compiling dunce v1.0.5
   Compiling anyhow v1.0.104
   Compiling dyn-clone v1.0.20
   Compiling base64 v0.21.7
   Compiling getrandom v0.4.3
   Compiling base64 v0.22.1
   Compiling objc2 v0.6.4
   Compiling http v1.5.0
   Compiling brotli-decompressor v5.0.3
   Compiling serde_with_macros v3.22.0
   Compiling serde_spanned v1.1.1
   Compiling getrandom v0.2.17
   Compiling objc2-encode v4.1.0
   Compiling ctor-proc-macro v0.0.7
   Compiling same-file v1.0.6
   Compiling ctor v0.8.0
   Compiling walkdir v2.5.0
   Compiling tinystr v0.8.4
   Compiling potential_utf v0.1.6
   Compiling icu_collections v2.3.0
   Compiling icu_locale_core v2.3.0
   Compiling rand_core v0.6.4
   Compiling brotli v8.0.4
   Compiling semver v1.0.28
   Compiling glob v0.3.4
   Compiling percent-encoding v2.3.2
   Compiling icu_provider v2.3.1
   Compiling form_urlencoded v1.2.2
   Compiling icu_normalizer v2.3.0
   Compiling icu_properties v2.3.0
   Compiling toml_datetime v1.1.1+spec-1.1.0
   Compiling toml v1.1.4+spec-1.1.0
   Compiling cpufeatures v0.2.17
   Compiling hashbrown v0.17.1
   Compiling idna_adapter v1.2.2
   Compiling idna v1.1.0
   Compiling option-ext v0.2.0
   Compiling winnow v0.7.15
   Compiling url v2.5.8
   Compiling uuid v1.25.0
   Compiling dirs-sys v0.5.0
   Compiling indexmap v2.14.0
   Compiling cfb v0.7.3
   Compiling crypto-common v0.1.7
   Compiling jsonptr v0.6.3
   Compiling cargo-platform v0.1.9
   Compiling time v0.3.55
   Compiling crc32fast v1.5.1
   Compiling simd-adler32 v0.3.10
   Compiling json-patch v3.0.1
   Compiling cargo_metadata v0.19.2
   Compiling serde-untagged v0.1.9
   Compiling dom_query v0.27.0
   Compiling infer v0.19.0
   Compiling dirs v6.0.0
   Compiling urlpattern v0.3.0
   Compiling objc2-core-foundation v0.3.2
   Compiling block2 v0.6.2
   Compiling serde_with v3.22.0
   Compiling block-buffer v0.10.4
   Compiling time-macros v0.2.32
   Compiling adler2 v2.0.1
   Compiling plist v1.10.0
   Compiling miniz_oxide v0.8.9
   Compiling rustc_version v0.4.1
   Compiling objc2-foundation v0.3.2
   Compiling toml_datetime v0.7.5+spec-1.1.0
   Compiling core-foundation-sys v0.8.7
   Compiling heck v0.5.0
   Compiling flate2 v1.1.9
   Compiling toml v0.9.12+spec-1.1.0
   Compiling embed-resource v3.0.11
   Compiling fdeflate v0.3.7
   Compiling crossbeam-utils v0.8.22
   Compiling digest v0.10.7
   Compiling tauri-winres v0.3.6
   Compiling cargo_toml v0.22.3
   Compiling core-foundation v0.10.1
   Compiling tauri-utils v2.9.3
   Compiling dpi v0.1.2
   Compiling cookie v0.18.2
   Compiling raw-window-handle v0.6.2
   Compiling sha2 v0.10.9
   Compiling objc2-app-kit v0.3.2
   Compiling foreign-types-macros v0.2.4
   Compiling bitflags v1.3.2
   Compiling once_cell v1.21.4
   Compiling foreign-types-shared v0.3.1
   Compiling png v0.17.16
   Compiling crossbeam-channel v0.5.16
   Compiling core-graphics-types v0.2.0
   Compiling inout v0.1.3
   Compiling foreign-types v0.5.0
   Compiling zerocopy-derive v0.7.35
   Compiling pkg-config v0.3.34
   Compiling wry v0.55.1
   Compiling subtle v2.6.1
   Compiling vcpkg v0.2.15
   Compiling tauri-runtime v2.11.3
   Compiling core-graphics v0.25.0
   Compiling universal-hash v0.5.1
   Compiling zerocopy v0.7.35
   Compiling ico v0.5.0
   Compiling cipher v0.4.4
   Compiling libsqlite3-sys v0.38.2
   Compiling dispatch2 v0.3.1
   Compiling unicode-segmentation v1.13.3
   Compiling tauri-runtime-wry v2.11.4
   Compiling opaque-debug v0.3.1
   Compiling getrandom v0.3.4
   Compiling polyval v0.6.2
   Compiling keyboard-types v0.7.0
   Compiling png v0.18.1
   Compiling ppv-lite86 v0.2.20
   Compiling serialize-to-javascript-impl v0.1.2
   Compiling pin-project-lite v0.2.17
   Compiling tokio v1.53.1
   Compiling rand_chacha v0.3.1
   Compiling serialize-to-javascript v0.1.2
   Compiling ghash v0.5.1
   Compiling aes v0.8.4
   Compiling ctr v0.9.2
   Compiling security-framework-sys v2.15.0
   Compiling hashlink v0.12.1
   Compiling aead v0.5.2
   Compiling tauri-build v2.6.3
   Compiling objc2-web-kit v0.3.2
   Compiling tauri-codegen v2.6.3
   Compiling tao v0.35.3
   Compiling window-vibrancy v0.6.0
   Compiling muda v0.19.3
   Compiling serde_repr v0.1.21
   Compiling fallible-iterator v0.3.0
   Compiling fallible-streaming-iterator v0.1.9
   Compiling mime v0.3.17
   Compiling embed_plist v1.2.2
   Compiling aes-gcm v0.10.3
   Compiling security-framework v3.5.1
   Compiling rand v0.8.6
   Compiling zeroize v1.8.1
   Compiling rusqlite v0.40.2
   Compiling tauri v2.11.5
   Compiling lifeos-p3-144 v0.1.0 (/private/tmp/lifeos-p3-144-phase-c-profile-delta-review-v1/snapshot/lifeos/engineering/LIFEOS-P3-144/candidate)
   Compiling tauri-macros v2.6.3
    Finished `test` profile [unoptimized + debuginfo] target(s) in 37.42s
     Running unittests src/main.rs (/private/tmp/lifeos-p3-144-phase-c-profile-delta-review-v1/cargo-target/engineering/debug/deps/lifeos_p3_144-788e4f7093568520)

running 22 tests
test runtime::tests::absent_review_root_creates_the_exact_marker_before_runtime_or_database ... FAILED
test runtime::tests::capabilities_come_from_adapter_metadata_not_provider_name ... ok
test runtime::tests::cloud_and_local_fields_fail_closed ... ok
test runtime::tests::compiled_root_authority_is_closed_and_non_runtime_configurable ... ok
test runtime::tests::credential_keychain_material_and_aead_are_separate_and_fail_closed ... ok
test runtime::tests::credential_replacement_invalidates_the_previous_ciphertext_and_reference ... FAILED
test runtime::tests::database_symlink_is_rejected_before_open_and_sentinel_is_unchanged ... FAILED
test runtime::tests::deepseek_requires_the_exact_https_authority ... ok
test runtime::tests::exactly_twenty_ipc_are_registered ... ok
test runtime::tests::existing_review_root_missing_or_mutated_marker_fails_before_runtime_or_database ... FAILED
test runtime::tests::illegal_provider_capability_and_priority_fail_closed ... ok
test runtime::tests::p3_144_phase_a_context_limits_disclosure_and_confirmation_are_fail_closed ... ok
test runtime::tests::persistence_payload_contains_only_non_secret_reference ... ok
test runtime::tests::pilot_7_authority_is_exact_without_accessing_the_pilot_root ... ok
test runtime::tests::provider_save_resets_test_and_enablement ... ok
test runtime::tests::registry_has_eight_cloud_and_four_local_entries ... ok
test runtime::tests::review_root_authority_rejects_root_symlink_before_writes ... FAILED
test runtime::tests::review_root_authority_rejects_wrong_profile_root_run_id_and_traversal_before_writes ... FAILED
test runtime::tests::router_requires_authorization_and_defaults_to_no_cloud_supplement ... ok
test runtime::tests::sqlite_ciphertext_requires_its_exact_keychain_material_and_leaks_no_canary ... FAILED
test runtime::tests::strict_dto_rejects_unknown_field_before_validation ... ok
test runtime::tests::test_models_clears_prior_selection_and_keeps_provider_disabled ... ok

failures:

---- runtime::tests::absent_review_root_creates_the_exact_marker_before_runtime_or_database stdout ----

thread 'runtime::tests::absent_review_root_creates_the_exact_marker_before_runtime_or_database' (17548919) panicked at src/runtime.rs:2212:13:
assertion failed: matches!(fs::symlink_metadata(&root), Err(error) if error.kind() ==
    std::io::ErrorKind::NotFound)
note: run with `RUST_BACKTRACE=1` environment variable to display a backtrace

---- runtime::tests::credential_replacement_invalidates_the_previous_ciphertext_and_reference stdout ----

thread 'runtime::tests::credential_replacement_invalidates_the_previous_ciphertext_and_reference' (17549066) panicked at src/runtime.rs:2212:13:
assertion failed: matches!(fs::symlink_metadata(&root), Err(error) if error.kind() ==
    std::io::ErrorKind::NotFound)

---- runtime::tests::database_symlink_is_rejected_before_open_and_sentinel_is_unchanged stdout ----

thread 'runtime::tests::database_symlink_is_rejected_before_open_and_sentinel_is_unchanged' (17549067) panicked at src/runtime.rs:2212:13:
assertion failed: matches!(fs::symlink_metadata(&root), Err(error) if error.kind() ==
    std::io::ErrorKind::NotFound)

---- runtime::tests::existing_review_root_missing_or_mutated_marker_fails_before_runtime_or_database stdout ----

thread 'runtime::tests::existing_review_root_missing_or_mutated_marker_fails_before_runtime_or_database' (17549070) panicked at src/runtime.rs:2240:13:
assertion failed: matches!(fs::symlink_metadata(&root), Err(error) if error.kind() ==
    std::io::ErrorKind::NotFound)

---- runtime::tests::review_root_authority_rejects_root_symlink_before_writes stdout ----

thread 'runtime::tests::review_root_authority_rejects_root_symlink_before_writes' (17549079) panicked at src/runtime.rs:2663:9:
assertion failed: matches!(fs::symlink_metadata(&link), Err(error) if error.kind() ==
    std::io::ErrorKind::NotFound)

---- runtime::tests::review_root_authority_rejects_wrong_profile_root_run_id_and_traversal_before_writes stdout ----

thread 'runtime::tests::review_root_authority_rejects_wrong_profile_root_run_id_and_traversal_before_writes' (17549080) panicked at src/runtime.rs:2240:13:
assertion failed: matches!(fs::symlink_metadata(&root), Err(error) if error.kind() ==
    std::io::ErrorKind::NotFound)

---- runtime::tests::sqlite_ciphertext_requires_its_exact_keychain_material_and_leaks_no_canary stdout ----

thread 'runtime::tests::sqlite_ciphertext_requires_its_exact_keychain_material_and_leaks_no_canary' (17549082) panicked at src/runtime.rs:2212:13:
assertion failed: matches!(fs::symlink_metadata(&root), Err(error) if error.kind() ==
    std::io::ErrorKind::NotFound)


failures:
    runtime::tests::absent_review_root_creates_the_exact_marker_before_runtime_or_database
    runtime::tests::credential_replacement_invalidates_the_previous_ciphertext_and_reference
    runtime::tests::database_symlink_is_rejected_before_open_and_sentinel_is_unchanged
    runtime::tests::existing_review_root_missing_or_mutated_marker_fails_before_runtime_or_database
    runtime::tests::review_root_authority_rejects_root_symlink_before_writes
    runtime::tests::review_root_authority_rejects_wrong_profile_root_run_id_and_traversal_before_writes
    runtime::tests::sqlite_ciphertext_requires_its_exact_keychain_material_and_leaks_no_canary

test result: FAILED. 15 passed; 7 failed; 0 ignored; 0 measured; 0 filtered out; finished in 0.06s

error: test failed, to rerun pass `--bin lifeos-p3-144`
