        Info Looking up installed tauri packages to check mismatched versions...
   Compiling unicode-ident v1.0.24
   Compiling serde_core v1.0.229
   Compiling quote v1.0.47
   Compiling shlex v2.0.1
   Compiling find-msvc-tools v0.1.11
   Compiling phf_shared v0.13.1
   Compiling stable_deref_trait v1.2.1
   Compiling parking_lot_core v0.9.12
   Compiling new_debug_unreachable v1.0.6
   Compiling proc-macro2 v1.0.107
   Compiling scopeguard v1.2.0
   Compiling precomputed-hash v0.1.1
   Compiling semver v1.0.28
   Compiling cc v1.4.4
   Compiling lock_api v0.4.14
   Compiling dtoa v1.0.11
   Compiling phf_generator v0.13.1
   Compiling tendril v0.5.1
   Compiling dtoa-short v0.3.5
   Compiling phf_codegen v0.13.1
   Compiling camino v1.2.5
   Compiling indexmap v1.9.3
   Compiling servo_arc v0.4.3
   Compiling selectors v0.36.1
   Compiling bit-vec v0.8.0
   Compiling rustc-hash v2.1.3
   Compiling hashbrown v0.12.3
   Compiling syn v2.0.119
   Compiling syn v3.0.3
   Compiling string_cache_codegen v0.6.1
   Compiling parking_lot v0.12.5
   Compiling bit-set v0.8.0
   Compiling web_atoms v0.2.6
   Compiling string_cache v0.9.0
   Compiling schemars v0.8.22
   Compiling dyn-clone v1.0.20
   Compiling foldhash v0.2.0
   Compiling base64 v0.21.7
   Compiling objc2-exception-helper v0.1.1
   Compiling serde_json v1.0.151
   Compiling hashbrown v0.17.1
   Compiling crypto-common v0.1.7
   Compiling rustc_version v0.4.1
   Compiling toml_datetime v0.7.5+spec-1.1.0
   Compiling winnow v0.7.15
   Compiling embed-resource v3.0.11
   Compiling block-buffer v0.10.4
   Compiling digest v0.10.7
   Compiling tauri-winres v0.3.6
   Compiling indexmap v2.14.0
   Compiling sha2 v0.10.9
   Compiling bitflags v2.13.1
   Compiling uuid v1.25.0
   Compiling serde_spanned v1.1.1
   Compiling toml_datetime v1.1.1+spec-1.1.0
   Compiling erased-serde v0.4.10
   Compiling core-graphics-types v0.2.0
   Compiling synstructure v0.13.2
   Compiling darling_core v0.23.0
   Compiling serde_derive_internals v0.29.1
   Compiling cfb v0.7.3
   Compiling serde-untagged v0.1.9
   Compiling toml v0.9.12+spec-1.1.0
   Compiling toml v1.1.4+spec-1.1.0
   Compiling universal-hash v0.5.1
   Compiling libsqlite3-sys v0.38.2
   Compiling objc2 v0.6.4
   Compiling infer v0.19.0
   Compiling cipher v0.4.4
   Compiling polyval v0.6.2
   Compiling png v0.18.1
   Compiling zerovec-derive v0.11.6
   Compiling serde_derive v1.0.229
   Compiling displaydoc v0.2.7
   Compiling zerofrom-derive v0.1.7
   Compiling yoke-derive v0.8.2
   Compiling phf_macros v0.13.1
   Compiling thiserror-impl v2.0.20
   Compiling thiserror-impl v1.0.69
   Compiling cssparser-macros v0.6.1
   Compiling darling_macro v0.23.0
   Compiling derive_more-impl v2.1.1
   Compiling phf v0.13.1
   Compiling schemars_derive v0.8.22
   Compiling darling v0.23.0
   Compiling zerofrom v0.1.8
   Compiling thiserror v1.0.69
   Compiling thiserror v2.0.20
   Compiling derive_more v2.1.1
   Compiling cssparser v0.36.0
   Compiling objc2-core-foundation v0.3.2
   Compiling markup5ever v0.38.0
   Compiling serde v1.0.229
   Compiling yoke v0.8.3
   Compiling serde_with_macros v3.22.0
   Compiling html5ever v0.38.0
   Compiling block2 v0.6.2
   Compiling serde_with v3.22.0
   Compiling objc2-foundation v0.3.2
   Compiling foreign-types-macros v0.2.4
   Compiling foreign-types v0.5.0
   Compiling dispatch2 v0.3.1
   Compiling serialize-to-javascript-impl v0.1.2
   Compiling serde_repr v0.1.21
   Compiling ctr v0.9.2
   Compiling aes v0.8.4
   Compiling objc2-app-kit v0.3.2
   Compiling cargo-platform v0.1.9
   Compiling swift-rs v1.0.8
   Compiling jsonptr v0.6.3
   Compiling zerovec v0.11.8
   Compiling zerotrie v0.2.5
   Compiling json-patch v3.0.1
   Compiling cargo_metadata v0.19.2
   Compiling dom_query v0.27.0
   Compiling plist v1.10.0
   Compiling cargo_toml v0.22.3
   Compiling dpi v0.1.2
   Compiling core-graphics v0.25.0
   Compiling keyboard-types v0.7.0
   Compiling serialize-to-javascript v0.1.2
   Compiling ghash v0.5.1
   Compiling hashlink v0.12.1
   Compiling objc2-web-kit v0.3.2
   Compiling window-vibrancy v0.6.0
   Compiling tinystr v0.8.4
   Compiling potential_utf v0.1.6
   Compiling icu_locale_core v2.3.0
   Compiling icu_collections v2.3.0
   Compiling muda v0.19.3
   Compiling aead v0.5.2
   Compiling rusqlite v0.40.2
   Compiling aes-gcm v0.10.3
   Compiling icu_provider v2.3.1
   Compiling icu_properties v2.3.0
   Compiling icu_normalizer v2.3.0
   Compiling idna_adapter v1.2.2
   Compiling idna v1.1.0
   Compiling url v2.5.8
   Compiling urlpattern v0.3.0
   Compiling wry v0.55.1
   Compiling tao v0.35.3
   Compiling tauri-utils v2.9.3
   Compiling tauri-runtime v2.11.3
   Compiling tauri-runtime-wry v2.11.4
   Compiling tauri-build v2.6.3
   Compiling tauri-codegen v2.6.3
   Compiling tauri v2.11.5
   Compiling lifeos-p3-141 v0.1.0 (/private/tmp/lifeos-p3-141-revision-3-independent-review-mode-delete-v1/candidate)
   Compiling tauri-macros v2.6.3
warning: function `default_provider_settings` is never used
   --> src/runtime.rs:327:4
    |
327 | fn default_provider_settings() -> ProviderSettings { default_provider_settings_for(ProviderMode::Cloud) }
    |    ^^^^^^^^^^^^^^^^^^^^^^^^^
    |
    = note: `#[warn(dead_code)]` (part of `#[warn(unused)]`) on by default

warning: function `valid_env_name` is never used
   --> src/runtime.rs:336:4
    |
336 | fn valid_env_name(value: &str) -> bool { let mut chars = value.chars(); matches!(chars.next(), Some('A'..='Z')) && chars.all(|c| c....
    |    ^^^^^^^^^^^^^^

warning: struct `LmStudioAdapter` is never constructed
   --> src/runtime.rs:948:8
    |
948 | struct LmStudioAdapter;
    |        ^^^^^^^^^^^^^^^

warning: `lifeos-p3-141` (bin "lifeos-p3-141") generated 3 warnings
    Finished `dev` profile [unoptimized + debuginfo] target(s) in 21.99s
       Built application at: /private/tmp/lifeos-p3-141-revision-3-independent-review-mode-delete-v1/target/debug/lifeos-p3-141
    Bundling LifeOS P3-141 Controlled Pilot Candidate.app (/private/tmp/lifeos-p3-141-revision-3-independent-review-mode-delete-v1/target/debug/bundle/macos/LifeOS P3-141 Controlled Pilot Candidate.app)
    Finished 1 bundle at:
        /private/tmp/lifeos-p3-141-revision-3-independent-review-mode-delete-v1/target/debug/bundle/macos/LifeOS P3-141 Controlled Pilot Candidate.app

