✔ no action for "他说“报告结论做完了”。" (0.547916ms)
✔ no action for "假如报告结论做完了就好了。" (0.076209ms)
✔ no action for "报告结论还没做完。" (0.279292ms)
✔ no action for "我不打算明天整理报告结论。" (0.212375ms)
✔ no action for "今天聊天挺有意思。" (0.054208ms)
✔ no action for "" (0.106834ms)
✔ no action for "我今天心情很好。" (0.080791ms)
✔ no action for "我明天可以做什么？" (0.031666ms)
✔ no action for "不要把报告标记为完成" (0.04975ms)
✔ no action for "如果我明天做这个呢？" (0.076292ms)
✔ natural conversation create adjust complete and immutable history (589.935375ms)
✔ same submission replay and different payload reject (19.311375ms)
✔ multiple targets clarify, plain natural target response resolves once (27.369667ms)
✔ single current target cancellation and terminal refusal (21.008125ms)
✔ stale expected version rejects late commit (20.430583ms)
✔ forged model intent and target rejected by real Host (29.994916ms)
✔ fault transaction rolls back all action assets and retains draft (68.717458ms)
✔ restart restores identity feedback and status, reads have no writes (81.199583ms)
✔ source expiry/revoke/correction preserves action and removes valid-basis claim (178.484041ms)
✔ conversation authorization denies writes before action append (65.413ms)
✔ Application rejects fabricated model output before repository commit (0.221458ms)
✔ read recovery after lost commit response never resends model or write (19.384958ms)
✔ OfflineA and OfflineB operate same repository identity (20.281584ms)
✔ Today single Focus escapes content and never adds action buttons (0.168125ms)
✔ actual model suggestion stays candidate until explicit pronoun acceptance (1333.67425ms)
✔ multiple targets beyond first page cannot imply one (109.094084ms)
✔ expired packet and cancelled draft reject commits (47.133375ms)
✔ snapshot is read-only and incompatible v6 fields fail closed (18.253417ms)
✔ uncertain/historical expression does not create: 我明天整理报告吗 (0.141ms)
✔ uncertain/historical expression does not create: 我今天写报告很累 (0.025916ms)
✔ uncertain/historical expression does not create: 我今天散步了 (0.023833ms)
✔ uncertain/historical expression does not create: 我明天可能整理报告 (0.034458ms)
✔ uncertain/historical expression does not create: 我明天整理报告，只是举例 (0.013625ms)
✔ completed history does not obscure the only current planned target (23.800292ms)
✔ stale model derivation cannot be accepted via pronoun (1361.337584ms)
✔ Host refuses changing confirmed content inside an otherwise valid parsed create (19.837708ms)
✔ closure generalized creation and exact withdrawal persist across restart (27.414333ms)
✔ closure no target or multiple normalized targets cannot silently cancel (26.477541ms)
✔ closure Host rejects arbitrary negativity and unsupported fallback forgery (24.054125ms)
ℹ tests 39
ℹ suites 0
ℹ pass 39
ℹ fail 0
ℹ cancelled 0
ℹ skipped 0
ℹ todo 0
ℹ duration_ms 4172.310125
