✔ strong-frame-unlisted-verb (0.606541ms)
✔ strong-frame-another-verb (0.189708ms)
✔ word-internal-negation (0.08875ms)
✔ withdraw-unique (0.066ms)
✔ withdraw-no-target (0.070708ms)
✔ withdraw-multiple (0.214042ms)
✔ negative-new-intent (0.241708ms)
✔ negative-not-withdrawal (0.0995ms)
✔ cancelled-target (0.047333ms)
✔ finished-target (0.080083ms)
✔ quoted-withdrawal (0.036583ms)
✔ hypothetical (0.029708ms)
✔ question (0.031125ms)
✔ uncertain (0.023167ms)
✔ conflicting-clauses (0.028833ms)
✔ unsupported-explicit (0.047167ms)
✔ ordinary-chat (0.031667ms)
✔ cloud-affirmation (0.035875ms)
✔ parse-none cannot fall into chat for explicit intent (0.1025ms)
✔ unsupported explicit input never prepares disclosure and keeps draft (1.644208ms)
✔ unsupported no matching cancellation is honest local no-change (0.053583ms)
✔ unsupported read restoration does not parse or write (0.112833ms)
✔ late cancelled parsing cannot write (0.089917ms)
✔ legacy explicit negative new intent never becomes cancellation (0.024875ms)
ℹ tests 24
ℹ suites 0
ℹ pass 24
ℹ fail 0
ℹ cancelled 0
ℹ skipped 0
ℹ todo 0
ℹ duration_ms 41.197083
