✔ valid receipt none// (0.629375ms)
✔ valid receipt clarify// (0.064959ms)
✔ valid receipt action// (0.062917ms)
✔ valid receipt condition_only/unknown/condition_unknown (0.056916ms)
✔ valid receipt condition_only/false/condition_false (0.0525ms)
✔ valid receipt condition_only/true/record_only (0.038958ms)
✔ valid receipt condition_and_action/true/ (0.041083ms)
✔ production confirm rejects wrong-turn before success (0.261792ms)
✔ production confirm rejects wrong-operation-identity before success (0.074958ms)
✔ production confirm rejects missing-event before success (0.121917ms)
✔ production confirm rejects invalid-action-version before success (0.078292ms)
✔ production confirm rejects unexpected-permission before success (0.059625ms)
✔ production confirm rejects false-action-condition before success (0.060791ms)
✔ production confirm rejects false-business-change before success (0.045834ms)
✔ production confirm rejects inconsistent-status before success (0.038208ms)
✔ production confirm rejects extra-receipt-field before success (0.041875ms)
✔ production confirm rejects oversized-reply before success (0.052708ms)
✔ none cannot disguise an action event (0.0465ms)
✔ condition-only reason must agree with truth (0.032959ms)
✔ retry preparation preserves terminal provider failure without another send (0.36175ms)
ℹ tests 20
ℹ suites 0
ℹ pass 20
ℹ fail 0
ℹ cancelled 0
ℹ skipped 0
ℹ todo 0
ℹ duration_ms 39.63125
