✔ default is lightweight and has one detail entry (9.507875ms)
✔ freshness stays per metric and does not claim coverage (0.151666ms)
✔ only one detail area and trend is secondary (2.650041ms)
✔ no fake chat or AI state (0.15325ms)
✔ initial calls are serial and keep existing contract (0.362542ms)
✔ overview error never claims imported or exposes error body (0.095458ms)
✔ null and absence remain gaps while zero stays real (0.072125ms)
✔ source escaping and empty states retained (0.152042ms)
✔ stale requests cannot replace the selected metric (0.10125ms)
✔ inactive auxiliary does not query and exit stops remaining overview requests (0.11225ms)
✔ exited detail request cannot publish late values (0.057458ms)
✔ new entry has fresh instance and mode label never depends on global flag (0.155416ms)
✔ saving configuration and key does not test select or enable (1.71675ms)
✔ explicit four steps are possible without implicit transitions (0.506708ms)
✔ failed key save preserves input and hides raw failure body (0.288291ms)
✔ pending action ignores second click and retains newer input (0.131041ms)
✔ fixed mask never follows length or displays malformed tail (0.131792ms)
✔ model dropdown starts unselected and enable unavailable after successful test (0.326708ms)
✔ Local mode has no key input or cloud model options (0.088542ms)
✔ unknown errors use a fixed message and timeout is not credential TTL (0.052917ms)
✔ entry is inert and exit rejects a late status (0.431875ms)
✔ search results escape originals and source asking remains separate (0.376208ms)
✔ disconnect requires distinct confirmation and supports reconnect (0.091209ms)
✔ real restored controls display fixed targets without starting an operation (0.049375ms)
✔ exit prevents late search from replacing prior results (0.081041ms)
ℹ tests 25
ℹ suites 0
ℹ pass 25
ℹ fail 0
ℹ cancelled 0
ℹ skipped 0
ℹ todo 0
ℹ duration_ms 49.277458
