DB-P0-01   P0 PASS     4.49 ms 
DB-P0-02   P0 PASS     2.89 ms 
DB-P0-03   P0 PASS     3.32 ms 
DB-P0-04   P0 PASS     2.86 ms 
DB-P0-05   P0 PASS     2.65 ms 
DB-P0-06   P0 PASS     2.64 ms 
DB-P0-07   P0 PASS     0.00 ms 
DB-P0-08   P0 PASS     0.01 ms 
DB-P0-09   P0 PASS     2.67 ms 
DB-P0-10   P0 PASS     2.73 ms 
DB-P0-11   P0 PASS     2.80 ms 
DB-P0-12   P0 PASS     0.00 ms 
DB-P0-13   P0 PASS     2.90 ms 
DB-P0-14   P0 PASS     2.60 ms 
DB-P0-15   P0 PASS     2.60 ms 
IPC-P0-01  P0 PASS     0.00 ms 
IPC-P0-02  P0 PASS     0.00 ms 
IPC-P0-03  P0 PASS     0.00 ms 
CT-P1-01   P1 PASS     2.56 ms 
CT-P1-02   P1 PASS     2.87 ms 
CT-P1-03   P1 PASS     2.95 ms 
CT-P1-04   P1 PASS     2.83 ms 
CT-P1-05   P1 PASS     0.00 ms 
CT-P1-06   P1 PASS     2.77 ms 
CT-P1-07   P1 PASS     3.46 ms 
CT-P1-08   P1 PASS     2.59 ms 
CT-P1-09   P1 PASS     2.69 ms 
CT-P1-10   P1 PASS     2.58 ms 
CT-P1-11   P1 PASS     2.63 ms 
CT-P1-12   P1 PASS    11.19 ms 
CT-P1-13   P1 PASS    65.05 ms 
CT-P1-14   P1 PASS    24.22 ms 
CT-P1-15   P1 PASS    20.04 ms 
CT-P1-16   P1 PASS    18.52 ms 
CT-P1-17   P1 PASS    22.18 ms 
CT-P1-18   P1 PASS    19.45 ms 
CT-P1-19   P1 PASS    10.86 ms 
CT-P1-20   P1 PASS     5.36 ms 
CT-P2-01   P2 PASS     2.49 ms 
CT-P2-02   P2 PASS     0.02 ms 
CT-P2-03   P2 PASS     0.00 ms 
CT-P2-04   P2 PASS     0.01 ms 
CT-P2-05   P2 PASS     0.00 ms 
CT-P2-06   P2 PASS     2.98 ms 
CT-P2-07   P2 PASS     2.64 ms 
CT-P2-08   P2 PASS     0.00 ms 
AC-01      P2 PASS     3.04 ms 
AC-02      P2 PASS     2.54 ms 
AC-03      P2 PASS     2.80 ms 
AC-04      P2 PASS     3.14 ms 
AC-05      P2 PASS     3.06 ms 
AC-06      P1 PASS     3.15 ms 
AC-07      P1 PASS     2.98 ms 
AC-08      P2 PASS     3.12 ms 
AC-09      P2 PASS     2.77 ms 
AC-10      P2 PASS     2.78 ms 
AC-11      P2 PASS     9.28 ms 
AC-12      P2 PASS     3.09 ms 
AC-13      P2 PASS     3.11 ms 
AC-14      P1 PASS     9.29 ms 
AC-15      P1 PASS     3.03 ms 
AC-16      P1 PASS     5.98 ms 
AC-17      P2 PASS     3.23 ms 
AC-18      P2 PASS     3.49 ms 
P3-052-P1-01 P1 PASS     3.13 ms 
P3-052-P1-02 P1 PASS     3.42 ms 
P3-052-P2-01 P2 PASS     2.85 ms 
P3-052-P2-02 P2 PASS    11.74 ms 
PM-CE-01   P2 PASS     3.18 ms 
PM-CE-02   P1 PASS     2.90 ms 
PM-CE-03   P1 PASS     3.25 ms 
PM-CE-04   P2 PASS     3.13 ms 
PM-CE-05   P2 PASS     6.80 ms 
PM-CE-06   P2 PASS     3.29 ms 
SUMMARY {"P0": {"FAIL": 0, "NOT_IMPLEMENTED": 0, "PASS": 18}, "P1": {"FAIL": 0, "NOT_IMPLEMENTED": 0, "PASS": 29}, "P2": {"FAIL": 0, "NOT_IMPLEMENTED": 0, "PASS": 27}, "total": {"FAIL": 0, "NOT_IMPLEMENTED": 0, "PASS": 74}}
MATRIX {"FAIL": 0, "PASS": 88}
