✔ no action for "他说“报告结论做完了”。" (0.5425ms)
✔ no action for "假如报告结论做完了就好了。" (0.097167ms)
✔ no action for "报告结论还没做完。" (0.505458ms)
✔ no action for "我不打算明天整理报告结论。" (0.203375ms)
✔ no action for "今天聊天挺有意思。" (0.061333ms)
✔ no action for "" (0.255875ms)
✔ no action for "我今天心情很好。" (0.0645ms)
✔ no action for "我明天可以做什么？" (0.038625ms)
✔ no action for "不要把报告标记为完成" (0.052583ms)
✔ no action for "如果我明天做这个呢？" (0.078625ms)
✔ natural conversation create adjust complete and immutable history (566.9765ms)
✔ same submission replay and different payload reject (18.300375ms)
✔ multiple targets clarify, plain natural target response resolves once (26.126667ms)
✔ single current target cancellation and terminal refusal (19.84975ms)
✔ stale expected version rejects late commit (19.701833ms)
✔ forged model intent and target rejected by real Host (19.450041ms)
✔ fault transaction rolls back all action assets and retains draft (68.662916ms)
✔ restart restores identity feedback and status, reads have no writes (72.959042ms)
✔ source expiry/revoke/correction preserves action and removes valid-basis claim (164.214ms)
✔ conversation authorization denies writes before action append (64.366667ms)
✔ Application rejects fabricated model output before repository commit (0.184541ms)
✔ read recovery after lost commit response never resends model or write (19.078541ms)
✔ OfflineA and OfflineB operate same repository identity (21.928583ms)
✔ Today single Focus escapes content and never adds action buttons (0.169333ms)
✔ actual model suggestion stays candidate until explicit pronoun acceptance (1363.80525ms)
✔ multiple targets beyond first page cannot imply one (110.984083ms)
✔ expired packet and cancelled draft reject commits (48.549459ms)
✔ snapshot is read-only and incompatible v6 fields fail closed (16.890708ms)
✔ uncertain/historical expression does not create: 我明天整理报告吗 (0.143ms)
✔ uncertain/historical expression does not create: 我今天写报告很累 (0.029084ms)
✔ uncertain/historical expression does not create: 我今天散步了 (0.02575ms)
✔ uncertain/historical expression does not create: 我明天可能整理报告 (0.032667ms)
✔ uncertain/historical expression does not create: 我明天整理报告，只是举例 (0.013292ms)
✔ completed history does not obscure the only current planned target (24.641917ms)
✔ stale model derivation cannot be accepted via pronoun (1356.3615ms)
✔ Host refuses changing confirmed content inside an otherwise valid parsed create (19.899208ms)
✔ closure generalized creation and exact withdrawal persist across restart (27.016084ms)
✔ closure no target or multiple normalized targets cannot silently cancel (26.673541ms)
✔ closure Host rejects arbitrary negativity and unsupported fallback forgery (23.421375ms)
ℹ tests 39
ℹ suites 0
ℹ pass 39
ℹ fail 0
ℹ cancelled 0
ℹ skipped 0
ℹ todo 0
ℹ duration_ms 4149.420375
