✔ strong-frame-unlisted-verb (0.61025ms)
✔ strong-frame-another-verb (0.198666ms)
✔ word-internal-negation (0.053666ms)
✔ withdraw-unique (0.121041ms)
✔ withdraw-no-target (0.283041ms)
✔ withdraw-multiple (0.066541ms)
✔ negative-new-intent (0.210542ms)
✔ negative-not-withdrawal (0.087375ms)
✔ cancelled-target (0.044333ms)
✔ finished-target (0.078125ms)
✔ quoted-withdrawal (0.036875ms)
✔ hypothetical (0.029875ms)
✔ question (0.032042ms)
✔ uncertain (0.022583ms)
✔ conflicting-clauses (0.030292ms)
✔ unsupported-explicit (0.0405ms)
✔ ordinary-chat (0.024958ms)
✔ cloud-affirmation (0.03025ms)
✔ parse-none cannot fall into chat for explicit intent (0.113125ms)
✔ unsupported explicit input never prepares disclosure and keeps draft (1.58875ms)
✔ unsupported no matching cancellation is honest local no-change (0.053875ms)
✔ unsupported read restoration does not parse or write (0.109667ms)
✔ late cancelled parsing cannot write (0.085208ms)
✔ legacy explicit negative new intent never becomes cancellation (0.023541ms)
ℹ tests 24
ℹ suites 0
ℹ pass 24
ℹ fail 0
ℹ cancelled 0
ℹ skipped 0
ℹ todo 0
ℹ duration_ms 41.204667
