{
  "passed": 6,
  "total": 6,
  "networkCalls": 0,
  "restart": {
    "fixture": "p158-c1-8fa3446b-9489-4278-b4ed-ea5cb52b43c3",
    "pids": [
      12442,
      12448
    ],
    "oldQuestion": "q:health:available_time:e6f0aa003e7f1af2aeff446dd29748e0",
    "newQuestion": "q:health:available_time:d199be676ec76cc11d271bcd9832a01a"
  },
  "results": [
    {
      "name": "expired answered information opens one new gap; history untouched",
      "pass": true
    },
    {
      "name": "valid replacement state answers gap; expired or revoked state does not",
      "pass": true
    },
    {
      "name": "source availability is usable only when current and authorized",
      "pass": true
    },
    {
      "name": "reject remains durable; deferred and ignored respect their scope",
      "pass": true
    },
    {
      "name": "prior answered domain is not an authorization or domain for a new ambiguous request",
      "pass": true
    },
    {
      "name": "expired persisted state after independent restart permits new question and retains old answered row",
      "pass": true
    }
  ]
}
