✔ no action for "他说“报告结论做完了”。" (0.645792ms)
✔ no action for "假如报告结论做完了就好了。" (0.097042ms)
✔ no action for "报告结论还没做完。" (0.295375ms)
✔ no action for "我不打算明天整理报告结论。" (0.188917ms)
✔ no action for "今天聊天挺有意思。" (0.066417ms)
✔ no action for "" (0.043ms)
✔ no action for "我今天心情很好。" (0.401125ms)
✔ no action for "我明天可以做什么？" (0.029333ms)
✔ no action for "不要把报告标记为完成" (0.050625ms)
✔ no action for "如果我明天做这个呢？" (0.080292ms)
✔ natural conversation create adjust complete and immutable history (382.169542ms)
✔ same submission replay and different payload reject (21.795375ms)
✔ multiple targets clarify, plain natural target response resolves once (31.46175ms)
✔ single current target cancellation and terminal refusal (20.238791ms)
✔ stale expected version rejects late commit (23.667375ms)
✔ forged model intent and target rejected by real Host (24.757542ms)
✔ fault transaction rolls back all action assets and retains draft (67.049209ms)
✔ restart restores identity feedback and status, reads have no writes (70.096958ms)
✔ source expiry/revoke/correction preserves action and removes valid-basis claim (143.000583ms)
✔ conversation authorization denies writes before action append (63.364625ms)
✔ Application rejects fabricated model output before repository commit (0.176041ms)
✔ read recovery after lost commit response never resends model or write (17.674417ms)
✔ OfflineA and OfflineB operate same repository identity (23.248375ms)
✔ Today single Focus escapes content and never adds action buttons (0.162083ms)
✔ actual model suggestion stays candidate until explicit pronoun acceptance (1297.789ms)
✔ multiple targets beyond first page cannot imply one (105.633583ms)
✔ expired packet and cancelled draft reject commits (42.368625ms)
✔ snapshot is read-only and incompatible v6 fields fail closed (15.731875ms)
✔ uncertain/historical expression does not create: 我明天整理报告吗 (0.1125ms)
✔ uncertain/historical expression does not create: 我今天写报告很累 (0.027417ms)
✔ uncertain/historical expression does not create: 我今天散步了 (0.023625ms)
✔ uncertain/historical expression does not create: 我明天可能整理报告 (0.029375ms)
✔ uncertain/historical expression does not create: 我明天整理报告，只是举例 (0.012625ms)
✔ completed history does not obscure the only current planned target (23.123708ms)
✔ stale model derivation cannot be accepted via pronoun (1358.95575ms)
✔ Host refuses changing confirmed content inside an otherwise valid parsed create (18.911333ms)
✔ closure generalized creation and exact withdrawal persist across restart (26.695541ms)
✔ closure no target or multiple normalized targets cannot silently cancel (26.042125ms)
✔ closure Host rejects arbitrary negativity and unsupported fallback forgery (23.416833ms)
ℹ tests 39
ℹ suites 0
ℹ pass 39
ℹ fail 0
ℹ cancelled 0
ℹ skipped 0
ℹ todo 0
ℹ duration_ms 3866.527583
