✔ strong-frame-unlisted-verb (0.6535ms)
✔ strong-frame-another-verb (0.201125ms)
✔ word-internal-negation (0.0395ms)
✔ withdraw-unique (0.062542ms)
✔ withdraw-no-target (0.071334ms)
✔ withdraw-multiple (0.044459ms)
✔ negative-new-intent (0.160625ms)
✔ negative-not-withdrawal (0.0815ms)
✔ cancelled-target (0.041208ms)
✔ finished-target (0.08725ms)
✔ quoted-withdrawal (0.058167ms)
✔ hypothetical (0.027916ms)
✔ question (0.032208ms)
✔ uncertain (0.021208ms)
✔ conflicting-clauses (0.028167ms)
✔ unsupported-explicit (0.055167ms)
✔ ordinary-chat (0.078625ms)
✔ cloud-affirmation (0.045667ms)
✔ parse-none cannot fall into chat for explicit intent (0.104167ms)
✔ unsupported explicit input never prepares disclosure and keeps draft (1.964958ms)
✔ unsupported no matching cancellation is honest local no-change (0.084958ms)
✔ unsupported read restoration does not parse or write (0.172625ms)
✔ late cancelled parsing cannot write (0.101167ms)
✔ legacy explicit negative new intent never becomes cancellation (0.027167ms)
ℹ tests 24
ℹ suites 0
ℹ pass 24
ℹ fail 0
ℹ cancelled 0
ℹ skipped 0
ℹ todo 0
ℹ duration_ms 45.999875
