✔ strong-frame-unlisted-verb (0.785292ms)
✔ strong-frame-another-verb (0.180041ms)
✔ word-internal-negation (0.034041ms)
✔ withdraw-unique (0.058459ms)
✔ withdraw-no-target (0.073209ms)
✔ withdraw-multiple (0.0475ms)
✔ negative-new-intent (0.153584ms)
✔ negative-not-withdrawal (0.073916ms)
✔ cancelled-target (0.045167ms)
✔ finished-target (0.078417ms)
✔ quoted-withdrawal (0.044583ms)
✔ hypothetical (0.02925ms)
✔ question (0.029666ms)
✔ uncertain (0.021ms)
✔ conflicting-clauses (0.027333ms)
✔ unsupported-explicit (0.041667ms)
✔ ordinary-chat (0.026792ms)
✔ cloud-affirmation (0.041375ms)
✔ parse-none cannot fall into chat for explicit intent (0.0955ms)
✔ unsupported explicit input never prepares disclosure and keeps draft (1.620875ms)
✔ unsupported no matching cancellation is honest local no-change (0.0565ms)
✔ unsupported read restoration does not parse or write (0.116625ms)
✔ late cancelled parsing cannot write (0.091833ms)
✔ legacy explicit negative new intent never becomes cancellation (0.02475ms)
ℹ tests 24
ℹ suites 0
ℹ pass 24
ℹ fail 0
ℹ cancelled 0
ℹ skipped 0
ℹ todo 0
ℹ duration_ms 43.114708
