✔ default is lightweight and has one detail entry (9.347792ms)
✔ freshness stays per metric and does not claim coverage (0.177792ms)
✔ only one detail area and trend is secondary (2.467959ms)
✔ no fake chat or AI state (0.1235ms)
✔ initial calls are serial and keep existing contract (0.352709ms)
✔ overview error never claims imported or exposes error body (0.0835ms)
✔ null and absence remain gaps while zero stays real (0.070875ms)
✔ source escaping and empty states retained (0.140791ms)
✔ stale requests cannot replace the selected metric (0.099209ms)
✔ inactive auxiliary does not query and exit stops remaining overview requests (0.107167ms)
✔ exited detail request cannot publish late values (0.057542ms)
✔ new entry has fresh instance and mode label never depends on global flag (0.13ms)
✔ saving configuration and key does not test select or enable (2.039666ms)
✔ explicit four steps are possible without implicit transitions (0.198292ms)
✔ failed key save preserves input and hides raw failure body (0.160708ms)
✔ pending action ignores second click and retains newer input (0.228959ms)
✔ fixed mask never follows length or displays malformed tail (0.192292ms)
✔ model dropdown starts unselected and enable unavailable after successful test (0.310542ms)
✔ Local mode has no key input or cloud model options (0.087541ms)
✔ unknown errors use a fixed message and timeout is not credential TTL (0.050667ms)
✔ entry is inert and exit rejects a late status (0.378292ms)
✔ search results escape originals and source asking remains separate (0.384292ms)
✔ disconnect requires distinct confirmation and supports reconnect (0.096667ms)
✔ real restored controls display fixed targets without starting an operation (0.048625ms)
✔ exit prevents late search from replacing prior results (0.084042ms)
ℹ tests 25
ℹ suites 0
ℹ pass 25
ℹ fail 0
ℹ cancelled 0
ℹ skipped 0
ℹ todo 0
ℹ duration_ms 48.886167
