IR-P3-098-001-RUNTIME PASS EX-cec42e88-8bd0-45cc-b04f-33c82f9ee5cc
IR-P3-098-001-CLI PASS EX-432383eb-2100-4673-9706-f41f36f10e14
IR-P3-098-001-REOPEN PASS EX-ccfda22c-9233-4ba1-bc42-6b86e08c969a
IR-P3-098-002-REPEAT PASS EX-a008d1da-d867-48aa-b38c-c77944d186c7
IR-P3-098-002-CONFLICT PASS EX-69e4047c-fb05-40bc-b41a-a78993f7382c
IR-P3-098-003-SAVED-REPLACE PASS EX-49829370-5bba-4383-afc1-8228e8e4f1ff
IR-P3-098-004-REPEAT-REPLACE PASS EX-21897fd9-4384-4d33-ad1f-840340b43865
IR-P3-098-005-MISSING-REPLACE PASS EX-8857b449-73ca-4b36-a2d3-ddd4bc214a4c
IR-P3-098-006-CANDIDATE-CLOSE PASS EX-b07d745d-0da2-4b17-887d-cfede9a7fd6b
IR-P3-098-007-SIDECAR-TRANSIENT PASS EX-54e35e89-2fae-423a-ae31-f5eb266cfc99
IR-P3-098-007-SIDECAR-PERSISTENT PASS EX-ffbb3340-3de3-4b74-a35c-dd60f55ec9a3
IR-P3-098-008-PAGE-INVALIDATE PASS EX-52f73e9d-c6db-4661-aff2-7ee5869f1d8b
IR-P3-098-008-PUBLISH-AFTER-PAGE PASS EX-beb4bd9a-8b9d-4a6f-9724-81e922e84d1e
IR-P3-098-009-SAVED-FD-CLOSE PASS EX-e84e8b07-8508-46da-8544-38d2c66c58ed
IR-P3-098-010-REPEAT-FD-CLOSE PASS EX-9ef9350a-b9f6-4b37-ba32-c8a8bfe438fc
IR-P3-098-011-ANCESTOR-DB-LINK PASS EX-d9bcc969-07ce-45a1-bc2e-f6cf71370087
IR-P3-098-011-FINAL-DB-LINK PASS EX-d4bd303c-5ade-4a72-b8a7-ab356f9ea168
IR-P3-098-011-FINAL-PAGE-LINK PASS EX-ad2d3ebe-708e-48d1-ae0f-803bf84cdf0d
IR-P3-098-011-DB-HARDLINK PASS EX-e3da135f-731c-4ec4-9a3d-4d495c5478f8
IR-P3-098-011-PAGE-HARDLINK PASS EX-3f2a75b0-1025-447c-90ac-9cf4c8f6234e
IR-P3-098-011-DB-FIFO PASS EX-bc33f4a0-2fcd-40bb-bcc8-0fc15e8619da
IR-P3-098-011-DB-DIR PASS EX-14c251d7-e793-40fd-8c8f-60dfcfa62a4f
IR-P3-098-011-PAGE-FIFO PASS EX-27f7f99c-71f7-4a23-b4a7-e8503a275140
IR-P3-098-011-PAGE-DIR PASS EX-6081acaa-8916-4182-8924-d667656ea637
IR-P3-098-011-DB-NONCANON PASS EX-067f2cfb-82fc-436d-9a34-64b37e328b3b
IR-P3-098-011-PAGE-NONCANON PASS EX-de659df7-9d4b-448d-b83d-798ba5a3d1fc
IR-P3-098-012-RENDER-EXTERNAL PASS EX-03580190-cd11-4bb8-8b2f-2fa6fb189472
IR-P3-098-012-CLEAR-EXTERNAL PASS EX-41dc117a-1797-426b-81cf-3a14a282cefe
IR-P3-098-013-SCHEMA-PK PASS EX-4bdb5345-1739-4e37-b388-9cefe9f30082
IR-P3-098-013-SCHEMA-NOTNULL PASS EX-b4eeccb9-0e3f-4e10-8d92-dc61ba56c15c
IR-P3-098-013-SCHEMA-UNIQUE PASS EX-80057e80-abbb-47f2-8689-8028231a9194
IR-P3-098-013-SOURCE PASS EX-54d54ad0-26aa-4740-9be9-55a8be7d7b82
IR-P3-098-013-AUDIT-FUTURE PASS EX-14011381-913e-42b6-a6d9-523fc5aff7e1
IR-P3-098-013-AUDIT-REVERSE PASS EX-203d73f7-bb61-45b0-b2c7-03973f6fd695
IR-P3-098-014-MISSING-ROW PASS EX-1fade999-c1ab-44ac-b9a3-f090d3fe8d81
IR-P3-098-014-DUP-EXEC PASS EX-8db65032-3509-4f06-8706-065871cfda8a
IR-P3-098-014-MISSING-ASSERT PASS EX-bdf4d12f-d10f-44ea-b73d-5d7cda4dbe0f
IR-P3-098-014-UNREPRODUCIBLE PASS EX-daeb7e54-e1e4-4e95-b1b8-2819595da3ac
IR-P3-098-015-HASH-PRE PASS EX-4b3f3991-f493-4012-b7c9-18ed13ae69b3
IR-P3-098-015-ENG-MANIFEST PASS EX-725ed676-ee29-4204-aa83-2f14ac89ec9c
IR-P3-098-015-PM-MANIFEST PASS EX-a39a3622-0433-4860-a65a-03b7d8fc158f
IR-P3-098-015-HISTORY PASS EX-21b1da81-28e5-4689-b326-bb2883a968f9
IR-P3-098-015-FORBIDDEN-SCAN PASS EX-b21bc3b0-f296-42b4-a2bc-8e7e18ccd25c
IR-P3-098-015-HASH-POST PASS EX-13f1d130-377d-4414-9d1b-f329503f2773
