✔ strong-frame-unlisted-verb (0.683458ms)
✔ strong-frame-another-verb (0.212833ms)
✔ word-internal-negation (0.045958ms)
✔ withdraw-unique (0.070625ms)
✔ withdraw-no-target (0.093916ms)
✔ withdraw-multiple (0.0835ms)
✔ negative-new-intent (0.204375ms)
✔ negative-not-withdrawal (0.0895ms)
✔ cancelled-target (0.044834ms)
✔ finished-target (0.089875ms)
✔ quoted-withdrawal (0.039875ms)
✔ hypothetical (0.070875ms)
✔ question (0.044375ms)
✔ uncertain (0.02825ms)
✔ conflicting-clauses (0.03025ms)
✔ unsupported-explicit (0.05725ms)
✔ ordinary-chat (0.035666ms)
✔ cloud-affirmation (0.028209ms)
✔ parse-none cannot fall into chat for explicit intent (0.105542ms)
✔ unsupported explicit input never prepares disclosure and keeps draft (1.803834ms)
✔ unsupported no matching cancellation is honest local no-change (0.062541ms)
✔ unsupported read restoration does not parse or write (0.117333ms)
✔ late cancelled parsing cannot write (0.093875ms)
✔ legacy explicit negative new intent never becomes cancellation (0.024667ms)
ℹ tests 24
ℹ suites 0
ℹ pass 24
ℹ fail 0
ℹ cancelled 0
ℹ skipped 0
ℹ todo 0
ℹ duration_ms 46.396958
