✔ valid receipt none// (0.587458ms)
✔ valid receipt clarify// (0.062417ms)
✔ valid receipt action// (0.059583ms)
✔ valid receipt condition_only/unknown/condition_unknown (0.055917ms)
✔ valid receipt condition_only/false/condition_false (0.051541ms)
✔ valid receipt condition_only/true/record_only (0.039125ms)
✔ valid receipt condition_and_action/true/ (0.040125ms)
✔ production confirm rejects wrong-turn before success (0.233792ms)
✔ production confirm rejects wrong-operation-identity before success (0.075958ms)
✔ production confirm rejects missing-event before success (0.122875ms)
✔ production confirm rejects invalid-action-version before success (0.063125ms)
✔ production confirm rejects unexpected-permission before success (0.049917ms)
✔ production confirm rejects false-action-condition before success (0.052333ms)
✔ production confirm rejects false-business-change before success (0.046292ms)
✔ production confirm rejects inconsistent-status before success (0.0325ms)
✔ production confirm rejects extra-receipt-field before success (0.035125ms)
✔ production confirm rejects oversized-reply before success (0.052ms)
✔ none cannot disguise an action event (0.05875ms)
✔ condition-only reason must agree with truth (0.04025ms)
✔ retry preparation preserves terminal provider failure without another send (0.357917ms)
ℹ tests 20
ℹ suites 0
ℹ pass 20
ℹ fail 0
ℹ cancelled 0
ℹ skipped 0
ℹ todo 0
ℹ duration_ms 43.751542
