✔ current UI file selection uses sole import IPC and refreshes terminal status (2.90875ms)
✔ failed start preserves the selected file across idle status and explicit retry (0.868333ms)
✔ starting and running cannot start another import or reopen picker (0.464959ms)
✔ current status restoration keeps original duplicate time without new samples (22.068084ms)
✔ HTML escaping applies to filename and unsupported types (0.21025ms)
✔ unknown failed counts are not fabricated totals (0.0565ms)
✔ Apple observation labels do not imply completeness, identity or revision (0.466291ms)
✔ actual frontend resolver excludes Apple batches and states under all purposes (1.490416ms)
✔ semantic partial success exposes skipped and unprojected without claiming complete coverage (0.2155ms)
✔ health excluded by actual resolver for every purpose, even active/status spoof (2.810291ms)
✔ health view shows unmerged sources, observation freshness, and no fabricated zero (22.900625ms)
✔ failed startup retry cannot overwrite typing between attempts (0.313375ms)
✔ remove uses stored turn identity even public preview has no turnId, cancels before rebuilding (0.605ms)
✔ remove failure never leaves old send confirmation (0.107875ms)
✔ edit during removal cannot resurrect returned confirmation (0.138625ms)
✔ observation display uses envelope offset, receipt labels device time (0.169583ms)
✔ authorized health expression remains usable while imported raw observations stay excluded (0.150375ms)
✔ raw health kind cannot be promoted by status, source, or eligibility spoof (0.098708ms)
ℹ tests 18
ℹ suites 0
ℹ pass 18
ℹ fail 0
ℹ cancelled 0
ℹ skipped 0
ℹ todo 0
ℹ duration_ms 69.970541
