✔ default is lightweight and has one detail entry (11.267916ms)
✔ freshness stays per metric and does not claim coverage (0.21ms)
✔ only one detail area and trend is secondary (2.273875ms)
✔ no fake chat or AI state (0.108625ms)
✔ initial calls are serial and keep existing contract (0.355834ms)
✔ overview error never claims imported or exposes error body (0.100833ms)
✔ null and absence remain gaps while zero stays real (0.066625ms)
✔ source escaping and empty states retained (0.159209ms)
✔ stale requests cannot replace the selected metric (0.114834ms)
✔ inactive auxiliary does not query and exit stops remaining overview requests (0.156334ms)
✔ exited detail request cannot publish late values (0.079625ms)
✔ new entry has fresh instance and mode label never depends on global flag (0.140166ms)
✔ saving configuration and key does not test select or enable (3.7605ms)
✔ explicit four steps are possible without implicit transitions (0.970375ms)
✔ failed key save preserves input and hides raw failure body (0.279042ms)
✔ pending action ignores second click and retains newer input (0.217375ms)
✔ fixed mask never follows length or displays malformed tail (0.20975ms)
✔ model dropdown starts unselected and enable unavailable after successful test (0.987417ms)
✔ Local mode has no key input or cloud model options (0.255542ms)
✔ unknown errors use a fixed message and timeout is not credential TTL (0.264083ms)
✔ entry is inert and exit rejects a late status (0.43975ms)
✔ search results escape originals and source asking remains separate (0.619209ms)
✔ disconnect requires distinct confirmation and supports reconnect (0.130875ms)
✔ real restored controls display fixed targets without starting an operation (0.06625ms)
✔ exit prevents late search from replacing prior results (0.114333ms)
ℹ tests 25
ℹ suites 0
ℹ pass 25
ℹ fail 0
ℹ cancelled 0
ℹ skipped 0
ℹ todo 0
ℹ duration_ms 55.107292
