✔ no action for "他说“报告结论做完了”。" (0.576583ms)
✔ no action for "假如报告结论做完了就好了。" (0.09025ms)
✔ no action for "报告结论还没做完。" (0.321584ms)
✔ no action for "我不打算明天整理报告结论。" (0.206667ms)
✔ no action for "今天聊天挺有意思。" (0.08675ms)
✔ no action for "" (0.084ms)
✔ no action for "我今天心情很好。" (0.06425ms)
✔ no action for "我明天可以做什么？" (0.038292ms)
✔ no action for "不要把报告标记为完成" (0.157792ms)
✔ no action for "如果我明天做这个呢？" (0.0695ms)
✔ natural conversation create adjust complete and immutable history (401.953417ms)
✔ same submission replay and different payload reject (18.657834ms)
✔ multiple targets clarify, plain natural target response resolves once (24.463083ms)
✔ single current target cancellation and terminal refusal (20.963542ms)
✔ stale expected version rejects late commit (22.044667ms)
✔ forged model intent and target rejected by real Host (19.658958ms)
✔ fault transaction rolls back all action assets and retains draft (68.76025ms)
✔ restart restores identity feedback and status, reads have no writes (72.53875ms)
✔ source expiry/revoke/correction preserves action and removes valid-basis claim (152.209958ms)
✔ conversation authorization denies writes before action append (64.718ms)
✔ Application rejects fabricated model output before repository commit (0.204584ms)
✔ read recovery after lost commit response never resends model or write (19.094625ms)
✔ OfflineA and OfflineB operate same repository identity (18.860041ms)
✔ Today single Focus escapes content and never adds action buttons (0.171542ms)
✔ actual model suggestion stays candidate until explicit pronoun acceptance (1320.556167ms)
✔ multiple targets beyond first page cannot imply one (106.171666ms)
✔ expired packet and cancelled draft reject commits (44.926542ms)
✔ snapshot is read-only and incompatible v6 fields fail closed (16.377416ms)
✔ uncertain/historical expression does not create: 我明天整理报告吗 (0.109375ms)
✔ uncertain/historical expression does not create: 我今天写报告很累 (0.026958ms)
✔ uncertain/historical expression does not create: 我今天散步了 (0.023417ms)
✔ uncertain/historical expression does not create: 我明天可能整理报告 (0.033292ms)
✔ uncertain/historical expression does not create: 我明天整理报告，只是举例 (0.014209ms)
✔ completed history does not obscure the only current planned target (24.473417ms)
✔ stale model derivation cannot be accepted via pronoun (1356.465708ms)
✔ Host refuses changing confirmed content inside an otherwise valid parsed create (19.44525ms)
✔ closure generalized creation and exact withdrawal persist across restart (26.848084ms)
✔ closure no target or multiple normalized targets cannot silently cancel (25.934958ms)
✔ closure Host rejects arbitrary negativity and unsupported fallback forgery (22.806ms)
ℹ tests 39
ℹ suites 0
ℹ pass 39
ℹ fail 0
ℹ cancelled 0
ℹ skipped 0
ℹ todo 0
ℹ duration_ms 3909.615583
