✔ strong-frame-unlisted-verb (0.696959ms)
✔ strong-frame-another-verb (0.211125ms)
✔ word-internal-negation (0.040334ms)
✔ withdraw-unique (0.070917ms)
✔ withdraw-no-target (0.075666ms)
✔ withdraw-multiple (0.038708ms)
✔ negative-new-intent (0.256875ms)
✔ negative-not-withdrawal (0.207917ms)
✔ cancelled-target (0.056542ms)
✔ finished-target (0.097459ms)
✔ quoted-withdrawal (0.057334ms)
✔ hypothetical (0.060667ms)
✔ question (0.051209ms)
✔ uncertain (0.044667ms)
✔ conflicting-clauses (0.038833ms)
✔ unsupported-explicit (0.052667ms)
✔ ordinary-chat (0.052084ms)
✔ cloud-affirmation (0.027292ms)
✔ parse-none cannot fall into chat for explicit intent (0.124584ms)
✔ unsupported explicit input never prepares disclosure and keeps draft (1.679417ms)
✔ unsupported no matching cancellation is honest local no-change (0.05825ms)
✔ unsupported read restoration does not parse or write (0.115917ms)
✔ late cancelled parsing cannot write (0.087167ms)
✔ legacy explicit negative new intent never becomes cancellation (0.024542ms)
ℹ tests 24
ℹ suites 0
ℹ pass 24
ℹ fail 0
ℹ cancelled 0
ℹ skipped 0
ℹ todo 0
ℹ duration_ms 42.650833
