✔ valid receipt none// (0.599917ms)
✔ valid receipt clarify// (0.065458ms)
✔ valid receipt action// (0.062667ms)
✔ valid receipt condition_only/unknown/condition_unknown (0.05625ms)
✔ valid receipt condition_only/false/condition_false (0.047042ms)
✔ valid receipt condition_only/true/record_only (0.037416ms)
✔ valid receipt condition_and_action/true/ (0.040083ms)
✔ production confirm rejects wrong-turn before success (0.200584ms)
✔ production confirm rejects wrong-operation-identity before success (0.072917ms)
✔ production confirm rejects missing-event before success (0.114833ms)
✔ production confirm rejects invalid-action-version before success (0.061667ms)
✔ production confirm rejects unexpected-permission before success (0.052459ms)
✔ production confirm rejects false-action-condition before success (0.051541ms)
✔ production confirm rejects false-business-change before success (0.038917ms)
✔ production confirm rejects inconsistent-status before success (0.043042ms)
✔ production confirm rejects extra-receipt-field before success (0.049084ms)
✔ production confirm rejects oversized-reply before success (0.056208ms)
✔ none cannot disguise an action event (0.051542ms)
✔ condition-only reason must agree with truth (0.031708ms)
✔ retry preparation preserves terminal provider failure without another send (0.357792ms)
ℹ tests 20
ℹ suites 0
ℹ pass 20
ℹ fail 0
ℹ cancelled 0
ℹ skipped 0
ℹ todo 0
ℹ duration_ms 42.280709
