✔ current UI file selection uses sole import IPC and refreshes terminal status (2.7325ms)
✔ failed start preserves the selected file across idle status and explicit retry (0.788333ms)
✔ starting and running cannot start another import or reopen picker (0.348709ms)
✔ current status restoration keeps original duplicate time without new samples (20.217417ms)
✔ HTML escaping applies to filename and unsupported types (0.169875ms)
✔ unknown failed counts are not fabricated totals (0.046333ms)
✔ Apple observation labels do not imply completeness, identity or revision (0.368166ms)
✔ actual frontend resolver excludes Apple batches and states under all purposes (1.252375ms)
✔ semantic partial success exposes skipped and unprojected without claiming complete coverage (0.093958ms)
✔ health excluded by actual resolver for every purpose, even active/status spoof (2.005208ms)
✔ health view shows unmerged sources, observation freshness, and no fabricated zero (22.768625ms)
✔ failed startup retry cannot overwrite typing between attempts (0.262209ms)
✔ remove uses stored turn identity even public preview has no turnId, cancels before rebuilding (0.483833ms)
✔ remove failure never leaves old send confirmation (0.100666ms)
✔ edit during removal cannot resurrect returned confirmation (0.127333ms)
✔ observation display uses envelope offset, receipt labels device time (0.120917ms)
✔ authorized health expression remains usable while imported raw observations stay excluded (0.134959ms)
✔ raw health kind cannot be promoted by status, source, or eligibility spoof (0.100958ms)
ℹ tests 18
ℹ suites 0
ℹ pass 18
ℹ fail 0
ℹ cancelled 0
ℹ skipped 0
ℹ todo 0
ℹ duration_ms 62.257958
