✔ default is lightweight and has one detail entry (11.099834ms)
✔ freshness stays per metric and does not claim coverage (0.182042ms)
✔ only one detail area and trend is secondary (2.897292ms)
✔ no fake chat or AI state (0.159958ms)
✔ initial calls are serial and keep existing contract (0.659583ms)
✔ overview error never claims imported or exposes error body (0.111ms)
✔ null and absence remain gaps while zero stays real (0.085833ms)
✔ source escaping and empty states retained (0.183333ms)
✔ stale requests cannot replace the selected metric (0.107291ms)
✔ inactive auxiliary does not query and exit stops remaining overview requests (0.113417ms)
✔ exited detail request cannot publish late values (0.057583ms)
✔ new entry has fresh instance and mode label never depends on global flag (0.155417ms)
✔ saving configuration and key does not test select or enable (1.997958ms)
✔ explicit four steps are possible without implicit transitions (0.203292ms)
✔ failed key save preserves input and hides raw failure body (0.173709ms)
✔ pending action ignores second click and retains newer input (0.1435ms)
✔ fixed mask never follows length or displays malformed tail (0.106416ms)
✔ model dropdown starts unselected and enable unavailable after successful test (0.623083ms)
✔ Local mode has no key input or cloud model options (0.090375ms)
✔ unknown errors use a fixed message and timeout is not credential TTL (0.143167ms)
✔ entry is inert and exit rejects a late status (0.398083ms)
✔ search results escape originals and source asking remains separate (0.39325ms)
✔ disconnect requires distinct confirmation and supports reconnect (0.234583ms)
✔ real restored controls display fixed targets without starting an operation (0.058459ms)
✔ exit prevents late search from replacing prior results (0.088167ms)
ℹ tests 25
ℹ suites 0
ℹ pass 25
ℹ fail 0
ℹ cancelled 0
ℹ skipped 0
ℹ todo 0
ℹ duration_ms 54.356958
