        Warn --no-sign flag detected: Signing will be skipped.
        Info Looking up installed tauri packages to check mismatched versions...
   Compiling objc2-exception-helper v0.1.1
   Compiling tauri v2.11.5
   Compiling libsqlite3-sys v0.38.2
   Compiling tauri-macros v2.6.3
   Compiling objc2 v0.6.4
   Compiling lifeos-p3-104 v0.1.0 (/Users/xxe/Documents/No.2/lifeos/engineering/LIFEOS-P3-106)
   Compiling objc2-core-foundation v0.3.2
   Compiling block2 v0.6.2
   Compiling dispatch2 v0.3.1
   Compiling rusqlite v0.40.2
   Compiling objc2-foundation v0.3.2
   Compiling objc2-app-kit v0.3.2
   Compiling objc2-web-kit v0.3.2
   Compiling tao v0.35.3
   Compiling window-vibrancy v0.6.0
   Compiling muda v0.19.3
   Compiling tauri-runtime v2.11.3
   Compiling wry v0.55.1
   Compiling tauri-runtime-wry v2.11.4
    Finished `dev` profile [unoptimized + debuginfo] target(s) in 10.08s
       Built application at: /Users/xxe/Documents/No.2/lifeos/engineering/LIFEOS-P3-106/target/debug/lifeos-p3-104
    Bundling LifeOS P3-104.app (/Users/xxe/Documents/No.2/lifeos/engineering/LIFEOS-P3-106/target/debug/bundle/macos/LifeOS P3-104.app)
        Warn Skipping signing due to --no-sign flag.
    Finished 1 bundle at:
        /Users/xxe/Documents/No.2/lifeos/engineering/LIFEOS-P3-106/target/debug/bundle/macos/LifeOS P3-104.app

