✔ original bytes, persisted draft, once-only save and lost acknowledgement retry (810.645208ms)
✔ same text with distinct intentional turns is not deduplicated (18.818083ms)
✔ transaction failure before receipt leaves original/state/audit unchanged and draft recoverable (19.922ms)
✔ invalid input rejects before mutation and arbitrary roots/profile cannot be selected (11.520833ms)
✔ one valuable clarification, irrelevant or already available evidence produces no question (23.716875ms)
✔ persistent question decision ignore (17.813125ms)
✔ persistent question decision refuse (17.416208ms)
✔ persistent question decision defer (17.317375ms)
✔ silence makes no state or implicit confirmation; deferred time can reopen same gap (132.486083ms)
✔ memory confirmation is single explicit intent, inference/source is not confirmation (22.559125ms)
✔ correction is atomic, preserves provenance and invalidates only dependent projections (26.585833ms)
✔ source version deduplication, identity isolation, version conflict and rollback (16.77175ms)
✔ revocation excludes all historical packets and model switching never revives source (27.092125ms)
✔ required layers budget is prewrite atomic, exact boundary and optional pruning (15.51775ms)
✔ expired evidence and request-local removal do not become current facts (11.588666ms)
✔ two actual offline adapters across process restarts preserve all authority and feedback (31.47275ms)
✔ health parser rejects missing/invalid units, field inflation, future times and unsupported sync (10.699916ms)
✔ database symlink is rejected before opening and sentinel stays unchanged (4.974875ms)
✔ authorized Markdown answers a relevant gap without asking again (11.942542ms)
✔ a fresh state makes superseded facts and their model packets unavailable (15.444167ms)
✔ renderer cannot forge packet content or state projection while retaining valid refs (12.307917ms)
✔ correction commits its draft and restart does not resurrect that pending edit (19.237291ms)
✔ production secret code stays byte-exact but unlinked; original catalog and 20 IPC stay visible (1.274ms)
ℹ tests 23
ℹ suites 0
ℹ pass 23
ℹ fail 0
ℹ cancelled 0
ℹ skipped 0
ℹ todo 0
ℹ duration_ms 1329.806875
