✔ original bytes, persisted draft, once-only save and lost acknowledgement retry (841.696916ms)
✔ same text with distinct intentional turns is not deduplicated (20.185917ms)
✔ transaction failure before receipt leaves original/state/audit unchanged and draft recoverable (22.958709ms)
✔ invalid input rejects before mutation and arbitrary roots/profile cannot be selected (10.930583ms)
✔ one valuable clarification, irrelevant or already available evidence produces no question (23.247666ms)
✔ persistent question decision ignore (16.750416ms)
✔ persistent question decision refuse (16.959959ms)
✔ persistent question decision defer (17.916875ms)
✔ silence makes no state or implicit confirmation; deferred time can reopen same gap (133.376833ms)
✔ memory confirmation is single explicit intent, inference/source is not confirmation (21.605167ms)
✔ correction is atomic, preserves provenance and invalidates only dependent projections (25.624166ms)
✔ source version deduplication, identity isolation, version conflict and rollback (16.607333ms)
✔ revocation excludes all historical packets and model switching never revives source (26.324542ms)
✔ required layers budget is prewrite atomic, exact boundary and optional pruning (14.230667ms)
✔ expired evidence and request-local removal do not become current facts (11.394083ms)
✔ two actual offline adapters across process restarts preserve all authority and feedback (31.101291ms)
✔ health parser rejects missing/invalid units, field inflation, future times and unsupported sync (10.74575ms)
✔ database symlink is rejected before opening and sentinel stays unchanged (4.653084ms)
✔ authorized Markdown answers a relevant gap without asking again (12.270917ms)
✔ a fresh state makes superseded facts and their model packets unavailable (16.0435ms)
✔ renderer cannot forge packet content or state projection while retaining valid refs (11.742416ms)
✔ correction commits its draft and restart does not resurrect that pending edit (17.74725ms)
ℹ tests 22
ℹ suites 0
ℹ pass 22
ℹ fail 0
ℹ cancelled 0
ℹ skipped 0
ℹ todo 0
ℹ duration_ms 1358.595375
