✔ original bytes, persisted draft, once-only save and lost acknowledgement retry (820.989833ms)
✔ same text with distinct intentional turns is not deduplicated (15.974666ms)
✔ transaction failure before receipt leaves original/state/audit unchanged and draft recoverable (19.4845ms)
✔ invalid input rejects before mutation and arbitrary roots/profile cannot be selected (10.917584ms)
✔ one valuable clarification, irrelevant or already available evidence produces no question (23.113875ms)
✔ persistent question decision ignore (16.345667ms)
✔ persistent question decision refuse (15.788208ms)
✔ persistent question decision defer (15.778042ms)
✔ silence makes no state or implicit confirmation; deferred time can reopen same gap (131.551041ms)
✔ memory confirmation is single explicit intent, inference/source is not confirmation (19.263917ms)
✔ correction is atomic, preserves provenance and invalidates only dependent projections (24.366ms)
✔ source version deduplication, identity isolation, version conflict and rollback (15.815792ms)
✔ revocation excludes all historical packets and model switching never revives source (24.023833ms)
✔ required layers budget is prewrite atomic, exact boundary and optional pruning (12.951167ms)
✔ expired evidence and request-local removal do not become current facts (10.531625ms)
✔ two actual offline adapters across process restarts preserve all authority and feedback (38.502667ms)
✔ health parser rejects missing/invalid units, field inflation, future times and unsupported sync (10.315917ms)
✔ database symlink is rejected before opening and sentinel stays unchanged (4.444625ms)
ℹ tests 18
ℹ suites 0
ℹ pass 18
ℹ fail 0
ℹ cancelled 0
ℹ skipped 0
ℹ todo 0
ℹ duration_ms 1261.727333
