DB-P0-01   P0 PASS     4.25 ms 
DB-P0-02   P0 PASS     2.89 ms 
DB-P0-03   P0 PASS     3.28 ms 
DB-P0-04   P0 PASS     2.77 ms 
DB-P0-05   P0 PASS     2.56 ms 
DB-P0-06   P0 PASS     2.63 ms 
DB-P0-07   P0 PASS     0.01 ms 
DB-P0-08   P0 PASS     0.01 ms 
DB-P0-09   P0 PASS     2.55 ms 
DB-P0-10   P0 PASS     2.65 ms 
DB-P0-11   P0 PASS     2.74 ms 
DB-P0-12   P0 PASS     0.00 ms 
DB-P0-13   P0 PASS     2.83 ms 
DB-P0-14   P0 PASS     2.52 ms 
DB-P0-15   P0 PASS     2.52 ms 
IPC-P0-01  P0 PASS     0.00 ms 
IPC-P0-02  P0 PASS     0.00 ms 
IPC-P0-03  P0 PASS     0.00 ms 
CT-P1-01   P1 PASS     2.50 ms 
CT-P1-02   P1 PASS     2.78 ms 
CT-P1-03   P1 PASS     2.63 ms 
CT-P1-04   P1 PASS     2.66 ms 
CT-P1-05   P1 PASS     0.00 ms 
CT-P1-06   P1 PASS     2.63 ms 
CT-P1-07   P1 PASS     3.43 ms 
CT-P1-08   P1 PASS     2.76 ms 
CT-P1-09   P1 PASS     2.83 ms 
CT-P1-10   P1 PASS     2.65 ms 
CT-P1-11   P1 PASS     2.89 ms 
CT-P1-12   P1 PASS    11.54 ms 
CT-P1-13   P1 PASS    65.26 ms 
CT-P1-14   P1 PASS    24.57 ms 
CT-P1-15   P1 PASS    20.08 ms 
CT-P1-16   P1 PASS    18.33 ms 
CT-P1-17   P1 PASS    21.08 ms 
CT-P1-18   P1 PASS    19.20 ms 
CT-P1-19   P1 PASS    10.89 ms 
CT-P1-20   P1 PASS     5.45 ms 
CT-P2-01   P2 PASS     2.48 ms 
CT-P2-02   P2 PASS     0.02 ms 
CT-P2-03   P2 PASS     0.00 ms 
CT-P2-04   P2 PASS     0.01 ms 
CT-P2-05   P2 PASS     0.00 ms 
CT-P2-06   P2 PASS     2.77 ms 
CT-P2-07   P2 PASS     2.51 ms 
CT-P2-08   P2 PASS     0.00 ms 
AC-01      P2 PASS     2.91 ms 
AC-02      P2 PASS     2.53 ms 
AC-03      P2 PASS     2.79 ms 
AC-04      P2 PASS     3.18 ms 
AC-05      P2 PASS     3.01 ms 
AC-06      P1 PASS     3.10 ms 
AC-07      P1 PASS     2.97 ms 
AC-08      P2 PASS     3.09 ms 
AC-09      P2 PASS     2.71 ms 
AC-10      P2 PASS     2.68 ms 
AC-11      P2 PASS     9.10 ms 
AC-12      P2 PASS     3.02 ms 
AC-13      P2 PASS     3.10 ms 
AC-14      P1 PASS     8.93 ms 
AC-15      P1 PASS     2.99 ms 
AC-16      P1 PASS     5.95 ms 
AC-17      P2 PASS     3.11 ms 
AC-18      P2 PASS     3.35 ms 
P3-052-P1-01 P1 PASS     3.08 ms 
P3-052-P1-02 P1 PASS     3.39 ms 
P3-052-P2-01 P2 PASS     2.82 ms 
P3-052-P2-02 P2 PASS    11.77 ms 
PM-CE-01   P2 PASS     3.17 ms 
PM-CE-02   P1 PASS     2.89 ms 
PM-CE-03   P1 PASS     3.26 ms 
PM-CE-04   P2 PASS     3.11 ms 
PM-CE-05   P2 PASS     6.59 ms 
PM-CE-06   P2 PASS     3.27 ms 
SUMMARY {"P0": {"FAIL": 0, "NOT_IMPLEMENTED": 0, "PASS": 18}, "P1": {"FAIL": 0, "NOT_IMPLEMENTED": 0, "PASS": 29}, "P2": {"FAIL": 0, "NOT_IMPLEMENTED": 0, "PASS": 27}, "total": {"FAIL": 0, "NOT_IMPLEMENTED": 0, "PASS": 74}}
MATRIX {"FAIL": 0, "PASS": 88}
