✔ strong-frame-unlisted-verb (0.743459ms)
✔ strong-frame-another-verb (0.193042ms)
✔ word-internal-negation (0.045458ms)
✔ withdraw-unique (0.060375ms)
✔ withdraw-no-target (0.073625ms)
✔ withdraw-multiple (0.047875ms)
✔ negative-new-intent (0.15825ms)
✔ negative-not-withdrawal (0.072542ms)
✔ cancelled-target (0.036042ms)
✔ finished-target (0.074792ms)
✔ quoted-withdrawal (0.058ms)
✔ hypothetical (0.027042ms)
✔ question (0.029834ms)
✔ uncertain (0.019792ms)
✔ conflicting-clauses (0.027792ms)
✔ unsupported-explicit (0.039083ms)
✔ ordinary-chat (0.026792ms)
✔ cloud-affirmation (0.039375ms)
✔ parse-none cannot fall into chat for explicit intent (0.085916ms)
✔ unsupported explicit input never prepares disclosure and keeps draft (1.6575ms)
✔ unsupported no matching cancellation is honest local no-change (0.061875ms)
✔ unsupported read restoration does not parse or write (0.117167ms)
✔ late cancelled parsing cannot write (0.083458ms)
✔ legacy explicit negative new intent never becomes cancellation (0.022958ms)
ℹ tests 24
ℹ suites 0
ℹ pass 24
ℹ fail 0
ℹ cancelled 0
ℹ skipped 0
ℹ todo 0
ℹ duration_ms 39.89625
