✖ strong-frame-unlisted-verb (1.298791ms)
✖ strong-frame-another-verb (0.190041ms)
✖ word-internal-negation (0.055667ms)
✔ withdraw-unique (0.16975ms)
✔ withdraw-no-target (0.037416ms)
✔ withdraw-multiple (0.140292ms)
✔ negative-new-intent (0.050875ms)
✔ negative-not-withdrawal (0.025458ms)
✔ cancelled-target (0.0335ms)
✔ finished-target (0.064917ms)
✔ quoted-withdrawal (0.038334ms)
✔ hypothetical (0.040334ms)
✔ question (0.026667ms)
✔ uncertain (0.025958ms)
✔ conflicting-clauses (0.034917ms)
✔ unsupported-explicit (0.024083ms)
✔ ordinary-chat (0.044875ms)
✔ cloud-affirmation (0.018042ms)
✔ parse-none cannot fall into chat for explicit intent (0.105667ms)
✔ unsupported explicit input never prepares disclosure and keeps draft (1.6035ms)
✔ unsupported no matching cancellation is honest local no-change (0.051792ms)
✔ unsupported read restoration does not parse or write (0.112417ms)
✔ late cancelled parsing cannot write (0.076125ms)
✔ legacy explicit negative new intent never becomes cancellation (0.022583ms)
ℹ tests 24
ℹ suites 0
ℹ pass 21
ℹ fail 3
ℹ cancelled 0
ℹ skipped 0
ℹ todo 0
ℹ duration_ms 40.23825

✖ failing tests:

test at ../../../../../../private/tmp/lifeos-p3-157-real-actions-v1/closure-1/closure-mutations/verb-whitelist-restored/tests/closure_cases.mjs:27:45
✖ strong-frame-unlisted-verb (1.298791ms)
  AssertionError [ERR_ASSERTION]: Expected values to be strictly equal:
  + actual - expected
  
  + 'unsupported_action'
  - 'supported_action'
  
      at TestContext.<anonymous> (file:///private/tmp/lifeos-p3-157-real-actions-v1/closure-1/closure-mutations/verb-whitelist-restored/tests/closure_cases.mjs:27:109)
      at Test.runInAsyncScope (node:async_hooks:227:14)
      at Test.run (node:internal/test_runner/test:1382:25)
      at Test.start (node:internal/test_runner/test:1242:17)
      at startSubtestAfterBootstrap (node:internal/test_runner/harness:387:17) {
    generatedMessage: true,
    code: 'ERR_ASSERTION',
    actual: 'unsupported_action',
    expected: 'supported_action',
    operator: 'strictEqual',
    diff: 'simple'
  }

test at ../../../../../../private/tmp/lifeos-p3-157-real-actions-v1/closure-1/closure-mutations/verb-whitelist-restored/tests/closure_cases.mjs:27:45
✖ strong-frame-another-verb (0.190041ms)
  AssertionError [ERR_ASSERTION]: Expected values to be strictly equal:
  + actual - expected
  
  + 'chat'
  - 'supported_action'
  
      at TestContext.<anonymous> (file:///private/tmp/lifeos-p3-157-real-actions-v1/closure-1/closure-mutations/verb-whitelist-restored/tests/closure_cases.mjs:27:109)
      at Test.runInAsyncScope (node:async_hooks:227:14)
      at Test.run (node:internal/test_runner/test:1382:25)
      at Test.processPendingSubtests (node:internal/test_runner/test:960:18)
      at Test.postRun (node:internal/test_runner/test:1522:19)
      at Test.run (node:internal/test_runner/test:1447:12)
      at async startSubtestAfterBootstrap (node:internal/test_runner/harness:387:3) {
    generatedMessage: true,
    code: 'ERR_ASSERTION',
    actual: 'chat',
    expected: 'supported_action',
    operator: 'strictEqual',
    diff: 'simple'
  }

test at ../../../../../../private/tmp/lifeos-p3-157-real-actions-v1/closure-1/closure-mutations/verb-whitelist-restored/tests/closure_cases.mjs:27:45
✖ word-internal-negation (0.055667ms)
  AssertionError [ERR_ASSERTION]: Expected values to be strictly equal:
  + actual - expected
  
  + 'unsupported_action'
  - 'supported_action'
  
      at TestContext.<anonymous> (file:///private/tmp/lifeos-p3-157-real-actions-v1/closure-1/closure-mutations/verb-whitelist-restored/tests/closure_cases.mjs:27:109)
      at Test.runInAsyncScope (node:async_hooks:227:14)
      at Test.run (node:internal/test_runner/test:1382:25)
      at Test.processPendingSubtests (node:internal/test_runner/test:960:18)
      at Test.postRun (node:internal/test_runner/test:1522:19)
      at Test.run (node:internal/test_runner/test:1447:12)
      at async Test.processPendingSubtests (node:internal/test_runner/test:960:7) {
    generatedMessage: true,
    code: 'ERR_ASSERTION',
    actual: 'unsupported_action',
    expected: 'supported_action',
    operator: 'strictEqual',
    diff: 'simple'
  }
