✔ strong-frame-unlisted-verb (0.594042ms)
✔ strong-frame-another-verb (0.187875ms)
✔ word-internal-negation (0.0425ms)
✔ withdraw-unique (0.058959ms)
✔ withdraw-no-target (0.078ms)
✔ withdraw-multiple (0.04875ms)
✔ negative-new-intent (0.167625ms)
✔ negative-not-withdrawal (0.075834ms)
✔ cancelled-target (0.0475ms)
✔ finished-target (0.07375ms)
✔ quoted-withdrawal (0.052667ms)
✔ hypothetical (0.029709ms)
✔ question (0.029333ms)
✔ uncertain (0.021459ms)
✔ conflicting-clauses (0.027458ms)
✔ unsupported-explicit (0.0405ms)
✔ ordinary-chat (0.026333ms)
✔ cloud-affirmation (0.034833ms)
✔ parse-none cannot fall into chat for explicit intent (0.09575ms)
✔ unsupported explicit input never prepares disclosure and keeps draft (1.698ms)
✔ unsupported no matching cancellation is honest local no-change (0.066041ms)
✔ unsupported read restoration does not parse or write (0.125167ms)
✔ late cancelled parsing cannot write (0.089875ms)
✔ legacy explicit negative new intent never becomes cancellation (0.027125ms)
ℹ tests 24
ℹ suites 0
ℹ pass 24
ℹ fail 0
ℹ cancelled 0
ℹ skipped 0
ℹ todo 0
ℹ duration_ms 41.454125
