✔ valid receipt none// (0.631125ms)
✔ valid receipt clarify// (0.057875ms)
✔ valid receipt action// (0.061583ms)
✔ valid receipt condition_only/unknown/condition_unknown (0.0525ms)
✔ valid receipt condition_only/false/condition_false (0.046708ms)
✔ valid receipt condition_only/true/record_only (0.0385ms)
✔ valid receipt condition_and_action/true/ (0.039334ms)
✔ production confirm rejects wrong-turn before success (0.198417ms)
✔ production confirm rejects wrong-operation-identity before success (0.068958ms)
✔ production confirm rejects missing-event before success (0.118084ms)
✔ production confirm rejects invalid-action-version before success (0.062417ms)
✔ production confirm rejects unexpected-permission before success (0.05225ms)
✔ production confirm rejects false-action-condition before success (0.043417ms)
✔ production confirm rejects false-business-change before success (0.04125ms)
✔ production confirm rejects inconsistent-status before success (0.035125ms)
✔ production confirm rejects extra-receipt-field before success (0.075667ms)
✔ production confirm rejects oversized-reply before success (0.084625ms)
✔ none cannot disguise an action event (0.064667ms)
✔ condition-only reason must agree with truth (0.037ms)
✔ retry preparation preserves terminal provider failure without another send (0.395541ms)
ℹ tests 20
ℹ suites 0
ℹ pass 20
ℹ fail 0
ℹ cancelled 0
ℹ skipped 0
ℹ todo 0
ℹ duration_ms 42.088875
