✔ current UI file selection uses sole import IPC and refreshes terminal status (2.617959ms)
✔ failed start preserves the selected file across idle status and explicit retry (0.614375ms)
✔ starting and running cannot start another import or reopen picker (0.362125ms)
✔ current status restoration keeps original duplicate time without new samples (21.753708ms)
✔ HTML escaping applies to filename and unsupported types (0.175417ms)
✔ unknown failed counts are not fabricated totals (0.043959ms)
✔ Apple observation labels do not imply completeness, identity or revision (0.359625ms)
✔ actual frontend resolver excludes Apple batches and states under all purposes (1.4025ms)
✔ semantic partial success exposes skipped and unprojected without claiming complete coverage (0.129667ms)
✔ health excluded by actual resolver for every purpose, even active/status spoof (3.223917ms)
✔ health view shows unmerged sources, observation freshness, and no fabricated zero (23.244375ms)
✔ failed startup retry cannot overwrite typing between attempts (0.268417ms)
✔ remove uses stored turn identity even public preview has no turnId, cancels before rebuilding (0.489083ms)
✔ remove failure never leaves old send confirmation (0.097542ms)
✔ edit during removal cannot resurrect returned confirmation (0.128125ms)
✔ observation display uses envelope offset, receipt labels device time (0.119792ms)
✔ authorized health expression remains usable while imported raw observations stay excluded (0.167666ms)
✔ raw health kind cannot be promoted by status, source, or eligibility spoof (0.096917ms)
ℹ tests 18
ℹ suites 0
ℹ pass 18
ℹ fail 0
ℹ cancelled 0
ℹ skipped 0
ℹ todo 0
ℹ duration_ms 64.178916
