✔ closing purpose is available during in-flight response and preserves input (1.940833ms)
✔ a late old refresh cannot restore enabled UI after generation changes (0.758666ms)
✔ projection acknowledgements update revision before response preparation (0.204792ms)
✔ source/model text is escaped and never interpreted as markup (0.121166ms)
✔ reload restores persisted pending response without resubmitting it (0.133083ms)
✔ unchanged polling preserves the mounted page and unsaved selections (0.133042ms)
✔ completed response does not erase a newer typed follow-up (0.315583ms)
✔ unrelated response keeps original draft during completion and restart (0.158541ms)
✔ topic switch uses existing ordinary preview without auto-confirming or changing suggestion (0.134875ms)
✔ credential recovery never starts from polling or a forged click (0.146083ms)
✔ credential recovery opens only native menu and cannot issue start, save or POST (0.081708ms)
✔ credential check cancelled during menu open cannot restore late state (0.059792ms)
✔ compact settings keeps scope and technical details out of default region (0.14525ms)
✔ first enable opens disclosure without grant write; one-click disable preserves selected sources (0.077375ms)
✔ credential entry errors retain only safe fixed code (0.0595ms)
✔ turning off while scope is being edited retains the last saved permission set (0.048917ms)
ℹ tests 16
ℹ suites 0
ℹ pass 16
ℹ fail 0
ℹ cancelled 0
ℹ skipped 0
ℹ todo 0
ℹ duration_ms 43.324417
