✔ default is lightweight and has one detail entry (9.970541ms)
✔ freshness stays per metric and does not claim coverage (0.179583ms)
✔ only one detail area and trend is secondary (2.564417ms)
✔ no fake chat or AI state (0.11825ms)
✔ initial calls are serial and keep existing contract (0.371375ms)
✔ overview error never claims imported or exposes error body (0.098125ms)
✔ null and absence remain gaps while zero stays real (0.089875ms)
✔ source escaping and empty states retained (0.158875ms)
✔ stale requests cannot replace the selected metric (0.102458ms)
✔ inactive auxiliary does not query and exit stops remaining overview requests (0.113917ms)
✔ exited detail request cannot publish late values (0.058084ms)
✔ new entry has fresh instance and mode label never depends on global flag (0.202042ms)
✔ saving configuration and key does not test select or enable (1.888666ms)
✔ explicit four steps are possible without implicit transitions (0.441292ms)
✔ failed key save preserves input and hides raw failure body (0.189916ms)
✔ pending action ignores second click and retains newer input (0.099209ms)
✔ fixed mask never follows length or displays malformed tail (0.115667ms)
✔ model dropdown starts unselected and enable unavailable after successful test (0.2935ms)
✔ Local mode has no key input or cloud model options (0.0805ms)
✔ unknown errors use a fixed message and timeout is not credential TTL (0.050083ms)
✔ entry is inert and exit rejects a late status (0.39425ms)
✔ search results escape originals and source asking remains separate (0.391667ms)
✔ disconnect requires distinct confirmation and supports reconnect (0.091666ms)
✔ real restored controls display fixed targets without starting an operation (0.047875ms)
✔ exit prevents late search from replacing prior results (0.081666ms)
ℹ tests 25
ℹ suites 0
ℹ pass 25
ℹ fail 0
ℹ cancelled 0
ℹ skipped 0
ℹ todo 0
ℹ duration_ms 49.767584
