(node:29903) ExperimentalWarning: stripTypeScriptTypes is an experimental feature and might change at any time
(Use `node --trace-warnings ...` to show where the warning was created)
✔ public address rejects SSRF representations and private/reserved space (0.845958ms)
✔ direct target body and lineage; no recursive requests (0.425458ms)
✔ fail closed not-granted (0.134083ms)
✔ fail closed query (0.048208ms)
✔ fail closed private (0.096625ms)
✔ fail closed peer (0.080333ms)
✔ fail closed revoke (0.067667ms)
✔ fail closed size (0.220875ms)
✔ fail closed 404 (0.162792ms)
✔ fail closed auth (0.1315ms)
✔ fail closed timeout (0.124625ms)
✔ fail closed mime (0.153ms)
✔ each redirect requires its own grant (0.346917ms)
✔ redirect bound and cycle (0.20975ms)
ℹ tests 14
ℹ suites 0
ℹ pass 14
ℹ fail 0
ℹ cancelled 0
ℹ skipped 0
ℹ todo 0
ℹ duration_ms 78.876375
