✔ strong-frame-unlisted-verb (0.624333ms)
✔ strong-frame-another-verb (0.189042ms)
✔ word-internal-negation (0.0355ms)
✔ withdraw-unique (0.060042ms)
✔ withdraw-no-target (0.0735ms)
✔ withdraw-multiple (0.035958ms)
✔ negative-new-intent (0.165167ms)
✔ negative-not-withdrawal (0.073959ms)
✔ cancelled-target (0.042ms)
✔ finished-target (0.073417ms)
✔ quoted-withdrawal (0.056166ms)
✔ hypothetical (0.027334ms)
✔ question (0.030208ms)
✔ uncertain (0.019417ms)
✔ conflicting-clauses (0.025458ms)
✔ unsupported-explicit (0.042209ms)
✔ ordinary-chat (0.026125ms)
✔ cloud-affirmation (0.03375ms)
✔ parse-none cannot fall into chat for explicit intent (0.091542ms)
✔ unsupported explicit input never prepares disclosure and keeps draft (1.519792ms)
✔ unsupported no matching cancellation is honest local no-change (0.050708ms)
✔ unsupported read restoration does not parse or write (0.113125ms)
✔ late cancelled parsing cannot write (0.082667ms)
✔ legacy explicit negative new intent never becomes cancellation (0.022792ms)
ℹ tests 24
ℹ suites 0
ℹ pass 24
ℹ fail 0
ℹ cancelled 0
ℹ skipped 0
ℹ todo 0
ℹ duration_ms 40.969167
