✔ valid receipt none// (0.744333ms)
✔ valid receipt clarify// (0.059541ms)
✔ valid receipt action// (0.061125ms)
✔ valid receipt condition_only/unknown/condition_unknown (0.052875ms)
✔ valid receipt condition_only/false/condition_false (0.054667ms)
✔ valid receipt condition_only/true/record_only (0.040083ms)
✔ valid receipt condition_and_action/true/ (0.040459ms)
✔ production confirm rejects wrong-turn before success (0.195458ms)
✔ production confirm rejects wrong-operation-identity before success (0.073833ms)
✔ production confirm rejects missing-event before success (0.121834ms)
✔ production confirm rejects invalid-action-version before success (0.066917ms)
✔ production confirm rejects unexpected-permission before success (0.053875ms)
✔ production confirm rejects false-action-condition before success (0.050958ms)
✔ production confirm rejects false-business-change before success (0.035666ms)
✔ production confirm rejects inconsistent-status before success (0.043083ms)
✔ production confirm rejects extra-receipt-field before success (0.045458ms)
✔ production confirm rejects oversized-reply before success (0.053459ms)
✔ none cannot disguise an action event (0.050833ms)
✔ condition-only reason must agree with truth (0.033458ms)
✔ retry preparation preserves terminal provider failure without another send (0.338208ms)
ℹ tests 20
ℹ suites 0
ℹ pass 20
ℹ fail 0
ℹ cancelled 0
ℹ skipped 0
ℹ todo 0
ℹ duration_ms 44.535334
