✔ current UI file selection uses sole import IPC and refreshes terminal status (2.60625ms)
✔ failed start preserves the selected file across idle status and explicit retry (0.699292ms)
✔ starting and running cannot start another import or reopen picker (0.370625ms)
✔ current status restoration keeps original duplicate time without new samples (21.271291ms)
✔ HTML escaping applies to filename and unsupported types (0.167292ms)
✔ unknown failed counts are not fabricated totals (0.047416ms)
✔ Apple observation labels do not imply completeness, identity or revision (0.446917ms)
✔ actual frontend resolver excludes Apple batches and states under all purposes (1.303958ms)
✔ semantic partial success exposes skipped and unprojected without claiming complete coverage (0.105209ms)
✔ health excluded by actual resolver for every purpose, even active/status spoof (2.538084ms)
✔ health view shows unmerged sources, observation freshness, and no fabricated zero (23.678458ms)
✔ failed startup retry cannot overwrite typing between attempts (0.275959ms)
✔ remove uses stored turn identity even public preview has no turnId, cancels before rebuilding (0.591167ms)
✔ remove failure never leaves old send confirmation (0.114959ms)
✔ edit during removal cannot resurrect returned confirmation (0.130583ms)
✔ observation display uses envelope offset, receipt labels device time (0.134416ms)
✔ authorized health expression remains usable while imported raw observations stay excluded (0.141125ms)
✔ raw health kind cannot be promoted by status, source, or eligibility spoof (0.092167ms)
ℹ tests 18
ℹ suites 0
ℹ pass 18
ℹ fail 0
ℹ cancelled 0
ℹ skipped 0
ℹ todo 0
ℹ duration_ms 64.159208
