✔ default is lightweight and has one detail entry (8.842708ms)
✔ freshness stays per metric and does not claim coverage (0.18ms)
✔ only one detail area and trend is secondary (2.255584ms)
✔ no fake chat or AI state (0.110125ms)
✔ initial calls are serial and keep existing contract (0.339417ms)
✔ overview error never claims imported or exposes error body (0.091833ms)
✔ null and absence remain gaps while zero stays real (0.076292ms)
✔ source escaping and empty states retained (0.149584ms)
✔ stale requests cannot replace the selected metric (0.110708ms)
✔ inactive auxiliary does not query and exit stops remaining overview requests (0.119542ms)
✔ exited detail request cannot publish late values (0.056667ms)
✔ new entry has fresh instance and mode label never depends on global flag (0.173ms)
✔ saving configuration and key does not test select or enable (1.88625ms)
✔ explicit four steps are possible without implicit transitions (0.198375ms)
✔ failed key save preserves input and hides raw failure body (0.1545ms)
✔ pending action ignores second click and retains newer input (0.087875ms)
✔ fixed mask never follows length or displays malformed tail (0.090417ms)
✔ model dropdown starts unselected and enable unavailable after successful test (0.280541ms)
✔ Local mode has no key input or cloud model options (0.076708ms)
✔ unknown errors use a fixed message and timeout is not credential TTL (0.043667ms)
✔ entry is inert and exit rejects a late status (0.534334ms)
✔ search results escape originals and source asking remains separate (0.498791ms)
✔ disconnect requires distinct confirmation and supports reconnect (0.103291ms)
✔ real restored controls display fixed targets without starting an operation (0.056459ms)
✔ exit prevents late search from replacing prior results (0.086834ms)
ℹ tests 25
ℹ suites 0
ℹ pass 25
ℹ fail 0
ℹ cancelled 0
ℹ skipped 0
ℹ todo 0
ℹ duration_ms 47.116333
