✔ no action for "他说“报告结论做完了”。" (0.554666ms)
✔ no action for "假如报告结论做完了就好了。" (0.076958ms)
✔ no action for "报告结论还没做完。" (0.534625ms)
✔ no action for "我不打算明天整理报告结论。" (0.276417ms)
✔ no action for "今天聊天挺有意思。" (0.075333ms)
✔ no action for "" (0.048459ms)
✔ no action for "我今天心情很好。" (0.054666ms)
✔ no action for "我明天可以做什么？" (0.031708ms)
✔ no action for "不要把报告标记为完成" (0.07175ms)
✔ no action for "如果我明天做这个呢？" (0.096791ms)
✔ natural conversation create adjust complete and immutable history (678.204542ms)
✔ same submission replay and different payload reject (19.0475ms)
✔ multiple targets clarify, plain natural target response resolves once (26.39975ms)
✔ single current target cancellation and terminal refusal (22.037584ms)
✔ stale expected version rejects late commit (22.779167ms)
✔ forged model intent and target rejected by real Host (21.026459ms)
✔ fault transaction rolls back all action assets and retains draft (73.604333ms)
✔ restart restores identity feedback and status, reads have no writes (92.822583ms)
✔ source expiry/revoke/correction preserves action and removes valid-basis claim (163.960625ms)
✔ conversation authorization denies writes before action append (72.021625ms)
✔ Application rejects fabricated model output before repository commit (0.231917ms)
✔ read recovery after lost commit response never resends model or write (19.641ms)
✔ OfflineA and OfflineB operate same repository identity (20.079833ms)
✔ Today single Focus escapes content and never adds action buttons (0.290084ms)
✔ actual model suggestion stays candidate until explicit pronoun acceptance (1340.356458ms)
✔ multiple targets beyond first page cannot imply one (104.004375ms)
✔ expired packet and cancelled draft reject commits (46.373667ms)
✔ snapshot is read-only and incompatible v6 fields fail closed (18.005333ms)
✔ uncertain/historical expression does not create: 我明天整理报告吗 (0.109167ms)
✔ uncertain/historical expression does not create: 我今天写报告很累 (0.026834ms)
✔ uncertain/historical expression does not create: 我今天散步了 (0.023292ms)
✔ uncertain/historical expression does not create: 我明天可能整理报告 (0.03025ms)
✔ uncertain/historical expression does not create: 我明天整理报告，只是举例 (0.012292ms)
✔ completed history does not obscure the only current planned target (25.661917ms)
✔ stale model derivation cannot be accepted via pronoun (1335.161334ms)
✔ Host refuses changing confirmed content inside an otherwise valid parsed create (23.511292ms)
✔ closure generalized creation and exact withdrawal persist across restart (56.373959ms)
✔ closure no target or multiple normalized targets cannot silently cancel (34.280875ms)
✔ closure Host rejects arbitrary negativity and unsupported fallback forgery (31.310375ms)
ℹ tests 39
ℹ suites 0
ℹ pass 39
ℹ fail 0
ℹ cancelled 0
ℹ skipped 0
ℹ todo 0
ℹ duration_ms 4292.5695
