✔ strong-frame-unlisted-verb (0.730583ms)
✔ strong-frame-another-verb (0.207833ms)
✔ word-internal-negation (0.04025ms)
✔ withdraw-unique (0.062542ms)
✔ withdraw-no-target (0.07825ms)
✔ withdraw-multiple (0.044167ms)
✔ negative-new-intent (0.167375ms)
✔ negative-not-withdrawal (0.076958ms)
✔ cancelled-target (0.0425ms)
✔ finished-target (0.077291ms)
✔ quoted-withdrawal (0.047333ms)
✔ hypothetical (0.028916ms)
✔ question (0.054333ms)
✔ uncertain (0.062667ms)
✔ conflicting-clauses (0.068542ms)
✔ unsupported-explicit (0.061708ms)
✔ ordinary-chat (0.144875ms)
✔ cloud-affirmation (0.087583ms)
✔ parse-none cannot fall into chat for explicit intent (0.110792ms)
✔ unsupported explicit input never prepares disclosure and keeps draft (1.683333ms)
✔ unsupported no matching cancellation is honest local no-change (0.054625ms)
✔ unsupported read restoration does not parse or write (0.124333ms)
✔ late cancelled parsing cannot write (0.092916ms)
✔ legacy explicit negative new intent never becomes cancellation (0.024334ms)
ℹ tests 24
ℹ suites 0
ℹ pass 24
ℹ fail 0
ℹ cancelled 0
ℹ skipped 0
ℹ todo 0
ℹ duration_ms 43.491416
