✔ valid receipt none// (0.840334ms)
✔ valid receipt clarify// (0.24975ms)
✔ valid receipt action// (0.258125ms)
✔ valid receipt condition_only/unknown/condition_unknown (0.191875ms)
✔ valid receipt condition_only/false/condition_false (0.200958ms)
✔ valid receipt condition_only/true/record_only (0.130959ms)
✔ valid receipt condition_and_action/true/ (0.140125ms)
✔ production confirm rejects wrong-turn before success (0.708208ms)
✔ production confirm rejects wrong-operation-identity before success (0.271542ms)
✔ production confirm rejects missing-event before success (0.188959ms)
✔ production confirm rejects invalid-action-version before success (0.078542ms)
✔ production confirm rejects unexpected-permission before success (0.066042ms)
✔ production confirm rejects false-action-condition before success (0.051375ms)
✔ production confirm rejects false-business-change before success (0.045125ms)
✔ production confirm rejects inconsistent-status before success (0.412625ms)
✔ production confirm rejects extra-receipt-field before success (0.094834ms)
✔ production confirm rejects oversized-reply before success (0.122125ms)
✔ none cannot disguise an action event (0.11375ms)
✔ condition-only reason must agree with truth (0.230416ms)
✔ retry preparation preserves terminal provider failure without another send (0.537875ms)
ℹ tests 20
ℹ suites 0
ℹ pass 20
ℹ fail 0
ℹ cancelled 0
ℹ skipped 0
ℹ todo 0
ℹ duration_ms 80.099459
