{
  "passed": 6,
  "total": 6,
  "networkCalls": 0,
  "restart": {
    "fixture": "p158-c1-f221f981-5d5f-4bb1-86a1-3dba74d7bfae",
    "pids": [
      61621,
      61625
    ],
    "oldQuestion": "q:health:available_time:c3f5ce7795c7fd575dff45d9fdc05c15",
    "newQuestion": "q:health:available_time:0215c52e2114dcf6850cd4f2307266a7"
  },
  "results": [
    {
      "name": "expired answered information opens one new gap; history untouched",
      "pass": true
    },
    {
      "name": "valid replacement state answers gap; expired or revoked state does not",
      "pass": true
    },
    {
      "name": "source availability is usable only when current and authorized",
      "pass": true
    },
    {
      "name": "reject remains durable; deferred and ignored respect their scope",
      "pass": true
    },
    {
      "name": "prior answered domain is not an authorization or domain for a new ambiguous request",
      "pass": true
    },
    {
      "name": "expired persisted state after independent restart permits new question and retains old answered row",
      "pass": true
    }
  ]
}
