✔ current UI file selection uses sole import IPC and refreshes terminal status (2.622542ms)
✔ failed start preserves the selected file across idle status and explicit retry (0.869416ms)
✔ starting and running cannot start another import or reopen picker (0.352334ms)
✔ current status restoration keeps original duplicate time without new samples (18.339541ms)
✔ HTML escaping applies to filename and unsupported types (0.23225ms)
✔ unknown failed counts are not fabricated totals (0.057417ms)
✔ Apple observation labels do not imply completeness, identity or revision (0.375583ms)
✔ actual frontend resolver excludes Apple batches and states under all purposes (1.680833ms)
✔ semantic partial success exposes skipped and unprojected without claiming complete coverage (0.2915ms)
✔ health excluded by actual resolver for every purpose, even active/status spoof (2.2805ms)
✔ health view shows unmerged sources, observation freshness, and no fabricated zero (19.893542ms)
✔ failed startup retry cannot overwrite typing between attempts (0.284959ms)
✔ remove uses stored turn identity even public preview has no turnId, cancels before rebuilding (0.493708ms)
✔ remove failure never leaves old send confirmation (0.099792ms)
✔ edit during removal cannot resurrect returned confirmation (0.128167ms)
✔ observation display uses envelope offset, receipt labels device time (0.122458ms)
✔ authorized health expression remains usable while imported raw observations stay excluded (0.134084ms)
✔ raw health kind cannot be promoted by status, source, or eligibility spoof (0.088833ms)
ℹ tests 18
ℹ suites 0
ℹ pass 18
ℹ fail 0
ℹ cancelled 0
ℹ skipped 0
ℹ todo 0
ℹ duration_ms 62.686708
