✔ default is lightweight and has one detail entry (12.123083ms)
✔ freshness stays per metric and does not claim coverage (0.361792ms)
✔ only one detail area and trend is secondary (5.660041ms)
✔ no fake chat or AI state (0.23275ms)
✔ initial calls are serial and keep existing contract (0.372958ms)
✔ overview error never claims imported or exposes error body (0.096833ms)
✔ null and absence remain gaps while zero stays real (0.073792ms)
✔ source escaping and empty states retained (0.155834ms)
✔ stale requests cannot replace the selected metric (0.098708ms)
✔ inactive auxiliary does not query and exit stops remaining overview requests (0.10975ms)
✔ exited detail request cannot publish late values (0.056542ms)
✔ new entry has fresh instance and mode label never depends on global flag (0.953834ms)
✔ saving configuration and key does not test select or enable (2.908375ms)
✔ explicit four steps are possible without implicit transitions (0.456042ms)
✔ failed key save preserves input and hides raw failure body (0.192958ms)
✔ pending action ignores second click and retains newer input (0.1ms)
✔ fixed mask never follows length or displays malformed tail (0.116334ms)
✔ model dropdown starts unselected and enable unavailable after successful test (0.634542ms)
✔ Local mode has no key input or cloud model options (0.170083ms)
✔ unknown errors use a fixed message and timeout is not credential TTL (0.099584ms)
✔ entry is inert and exit rejects a late status (0.402625ms)
✔ search results escape originals and source asking remains separate (0.522542ms)
✔ disconnect requires distinct confirmation and supports reconnect (0.252167ms)
✔ real restored controls display fixed targets without starting an operation (0.097667ms)
✔ exit prevents late search from replacing prior results (0.293709ms)
ℹ tests 25
ℹ suites 0
ℹ pass 25
ℹ fail 0
ℹ cancelled 0
ℹ skipped 0
ℹ todo 0
ℹ duration_ms 64.772458
