        Info Looking up installed tauri packages to check mismatched versions...
   Compiling objc2-exception-helper v0.1.1
   Compiling tauri v2.11.5
   Compiling libsqlite3-sys v0.38.2
   Compiling tauri-macros v2.6.3
   Compiling objc2 v0.6.4
   Compiling lifeos-p3-104 v0.1.0 (/private/tmp/lifeos-p3-110-review-work-v1)
   Compiling block2 v0.6.2
   Compiling objc2-core-foundation v0.3.2
   Compiling dispatch2 v0.3.1
   Compiling objc2-foundation v0.3.2
   Compiling rusqlite v0.40.2
   Compiling objc2-app-kit v0.3.2
   Compiling objc2-web-kit v0.3.2
   Compiling tao v0.35.3
   Compiling window-vibrancy v0.6.0
   Compiling muda v0.19.3
   Compiling tauri-runtime v2.11.3
   Compiling wry v0.55.1
   Compiling tauri-runtime-wry v2.11.4
    Finished `dev` profile [unoptimized + debuginfo] target(s) in 11.26s
       Built application at: /private/tmp/lifeos-p3-110-review-work-v1/target/debug/lifeos-p3-104
command=['/Users/xxe/.cargo/bin/cargo', 'tauri', 'build', '--debug']
started_at_utc=2026-08-24T05:41:10.562221Z
finished_at_utc=2026-08-24T05:41:22.044122Z
exit_code=0
