   Compiling proc-macro2 v1.0.107
   Compiling quote v1.0.47
   Compiling unicode-ident v1.0.24
   Compiling serde_core v1.0.229
   Compiling libc v0.2.189
   Compiling siphasher v1.0.3
   Compiling find-msvc-tools v0.1.11
   Compiling shlex v2.0.1
   Compiling icu_normalizer_data v2.3.0
   Compiling icu_properties_data v2.3.0
   Compiling cc v1.4.4
   Compiling phf_shared v0.13.1
   Compiling fastrand v2.5.0
   Compiling zmij v1.0.23
   Compiling phf_generator v0.13.1
   Compiling stable_deref_trait v1.2.1
   Compiling cfg-if v1.0.4
   Compiling memchr v2.8.3
   Compiling smallvec v1.15.2
   Compiling serde v1.0.229
   Compiling itoa v1.0.18
   Compiling typeid v1.0.3
   Compiling num-conv v0.2.2
   Compiling time-core v0.1.9
   Compiling phf_codegen v0.13.1
   Compiling serde_json v1.0.151
   Compiling ident_case v1.0.1
   Compiling litemap v0.8.3
   Compiling writeable v0.6.4
   Compiling strsim v0.11.1
   Compiling thiserror v2.0.20
   Compiling objc2-exception-helper v0.1.1
    Checking bitflags v2.13.1
   Compiling thiserror v1.0.69
   Compiling erased-serde v0.4.10
   Compiling parking_lot_core v0.9.12
   Compiling utf8_iter v1.0.4
   Compiling syn v2.0.119
   Compiling syn v3.0.3
   Compiling synstructure v0.13.2
   Compiling darling_core v0.23.0
   Compiling version_check v0.9.5
   Compiling zerofrom-derive v0.1.7
   Compiling yoke-derive v0.8.2
   Compiling zerovec-derive v0.11.6
   Compiling serde_derive v1.0.229
   Compiling displaydoc v0.2.7
   Compiling zerofrom v0.1.8
   Compiling phf_macros v0.13.1
   Compiling thiserror-impl v2.0.20
   Compiling darling_macro v0.23.0
   Compiling thiserror-impl v1.0.69
   Compiling scopeguard v1.2.0
   Compiling new_debug_unreachable v1.0.6
   Compiling lock_api v0.4.14
   Compiling phf v0.13.1
   Compiling darling v0.23.0
   Compiling string_cache_codegen v0.6.1
   Compiling objc2 v0.6.4
   Compiling anyhow v1.0.104
   Compiling winnow v1.0.4
   Compiling getrandom v0.4.3
   Compiling precomputed-hash v0.1.1
   Compiling toml_parser v1.1.3+spec-1.1.0
   Compiling web_atoms v0.2.6
   Compiling parking_lot v0.12.5
   Compiling serde_spanned v1.1.1
   Compiling ctor-proc-macro v0.0.7
   Compiling toml_writer v1.1.2+spec-1.1.0
   Compiling yoke v0.8.3
    Checking objc2-encode v4.1.0
   Compiling string_cache v0.9.0
   Compiling semver v1.0.28
   Compiling log v0.4.34
   Compiling percent-encoding v2.3.2
   Compiling autocfg v1.5.1
   Compiling dtoa v1.0.11
   Compiling serde_with_macros v3.22.0
   Compiling dtoa-short v0.3.5
   Compiling indexmap v1.9.3
   Compiling form_urlencoded v1.2.2
   Compiling tendril v0.5.1
   Compiling derive_more-impl v2.1.1
   Compiling cssparser-macros v0.6.1
   Compiling toml_datetime v1.1.1+spec-1.1.0
   Compiling selectors v0.36.1
   Compiling aho-corasick v1.1.5
   Compiling byteorder v1.5.0
   Compiling alloc-no-stdlib v2.0.4
   Compiling unic-char-range v0.9.0
   Compiling unic-common v0.9.0
   Compiling crc32fast v1.5.1
   Compiling camino v1.2.5
   Compiling regex-syntax v0.8.11
   Compiling unic-ucd-version v0.9.0
   Compiling alloc-stdlib v0.2.4
   Compiling unic-char-property v0.9.0
   Compiling uuid v1.25.0
   Compiling derive_more v2.1.1
   Compiling swift-rs v1.0.8
   Compiling regex-automata v0.4.18
   Compiling toml v1.1.4+spec-1.1.0
   Compiling cssparser v0.36.0
    Checking zerovec v0.11.8
   Compiling zerotrie v0.2.5
   Compiling markup5ever v0.38.0
   Compiling serde_derive_internals v0.29.1
   Compiling servo_arc v0.4.3
   Compiling powerfmt v0.2.0
   Compiling fnv v1.0.7
   Compiling hashbrown v0.12.3
   Compiling hashbrown v0.17.1
   Compiling deranged v0.5.8
   Compiling equivalent v1.0.2
   Compiling rustc-hash v2.1.3
   Compiling bit-vec v0.8.0
   Compiling schemars v0.8.22
   Compiling bit-set v0.8.0
   Compiling time v0.3.55
   Compiling indexmap v2.14.0
   Compiling cfb v0.7.3
   Compiling schemars_derive v0.8.22
   Compiling html5ever v0.38.0
   Compiling regex v1.13.1
    Checking objc2-core-foundation v0.3.2
    Checking block2 v0.6.2
    Checking tinystr v0.8.4
   Compiling potential_utf v0.1.6
   Compiling icu_collections v2.3.0
    Checking icu_locale_core v2.3.0
   Compiling unic-ucd-ident v0.9.0
   Compiling brotli-decompressor v5.0.3
   Compiling cargo-platform v0.1.9
   Compiling jsonptr v0.6.3
   Compiling quick-xml v0.41.0
    Checking icu_provider v2.3.1
   Compiling base64 v0.21.7
    Checking icu_properties v2.3.0
    Checking icu_normalizer v2.3.0
   Compiling dyn-clone v1.0.20
   Compiling bytes v1.12.1
   Compiling foldhash v0.2.0
   Compiling base64 v0.22.1
   Compiling dunce v1.0.5
   Compiling same-file v1.0.6
   Compiling dom_query v0.27.0
   Compiling walkdir v2.5.0
   Compiling plist v1.10.0
   Compiling brotli v8.0.4
   Compiling http v1.5.0
    Checking objc2-foundation v0.3.2
    Checking idna_adapter v1.2.2
   Compiling serde-untagged v0.1.9
   Compiling idna v1.1.0
   Compiling infer v0.19.0
   Compiling serde_with v3.22.0
   Compiling json-patch v3.0.1
   Compiling url v2.5.8
   Compiling ctor v0.8.0
   Compiling generic-array v0.14.7
   Compiling glob v0.3.4
   Compiling urlpattern v0.3.0
   Compiling cargo_metadata v0.19.2
   Compiling rustc_version v0.4.1
   Compiling toml_datetime v0.7.5+spec-1.1.0
   Compiling time-macros v0.2.32
   Compiling typenum v1.20.1
   Compiling simd-adler32 v0.3.10
   Compiling option-ext v0.2.0
   Compiling winnow v0.7.15
   Compiling dirs-sys v0.5.0
   Compiling embed-resource v3.0.11
    Checking objc2-app-kit v0.3.2
   Compiling crossbeam-utils v0.8.22
   Compiling adler2 v2.0.1
   Compiling heck v0.5.0
   Compiling miniz_oxide v0.8.9
   Compiling tauri-winres v0.3.6
   Compiling dirs v6.0.0
   Compiling toml v0.9.12+spec-1.1.0
    Checking dpi v0.1.2
   Compiling cookie v0.18.2
    Checking raw-window-handle v0.6.2
    Checking core-foundation-sys v0.8.7
    Checking core-foundation v0.10.1
   Compiling cargo_toml v0.22.3
   Compiling tauri-utils v2.9.3
   Compiling flate2 v1.1.9
   Compiling crypto-common v0.1.7
   Compiling block-buffer v0.10.4
   Compiling fdeflate v0.3.7
   Compiling foreign-types-macros v0.2.4
    Checking foreign-types-shared v0.3.1
    Checking once_cell v1.21.4
   Compiling bitflags v1.3.2
    Checking foreign-types v0.5.0
   Compiling png v0.17.16
   Compiling digest v0.10.7
    Checking crossbeam-channel v0.5.16
    Checking core-graphics-types v0.2.0
   Compiling cpufeatures v0.2.17
   Compiling vcpkg v0.2.15
   Compiling wry v0.55.1
   Compiling pkg-config v0.3.34
   Compiling tauri-runtime v2.11.3
    Checking objc2-web-kit v0.3.2
   Compiling sha2 v0.10.9
    Checking core-graphics v0.25.0
   Compiling ico v0.5.0
   Compiling libsqlite3-sys v0.38.2
    Checking dispatch2 v0.3.1
   Compiling getrandom v0.3.4
   Compiling tauri-runtime-wry v2.11.4
    Checking unicode-segmentation v1.13.3
    Checking png v0.18.1
    Checking tao v0.35.3
    Checking keyboard-types v0.7.0
   Compiling serialize-to-javascript-impl v0.1.2
    Checking pin-project-lite v0.2.17
    Checking tokio v1.53.1
    Checking serialize-to-javascript v0.1.2
    Checking window-vibrancy v0.6.0
    Checking hashlink v0.12.1
    Checking muda v0.19.3
   Compiling serde_repr v0.1.21
    Checking mime v0.3.17
    Checking fallible-iterator v0.3.0
    Checking embed_plist v1.2.2
    Checking fallible-streaming-iterator v0.1.9
   Compiling tauri-build v2.6.3
   Compiling tauri-codegen v2.6.3
   Compiling tauri v2.11.5
   Compiling tauri-macros v2.6.3
   Compiling lifeos-p3-141 v0.1.0 (/private/tmp/lifeos-p3-141-controlled-pilot-v1/p0-env-bypass-candidate)
    Checking rusqlite v0.40.2
    Finished `dev` profile [unoptimized + debuginfo] target(s) in 27.91s
