✔ no action for "他说“报告结论做完了”。" (0.704041ms)
✔ no action for "假如报告结论做完了就好了。" (0.099125ms)
✔ no action for "报告结论还没做完。" (0.542625ms)
✔ no action for "我不打算明天整理报告结论。" (0.205459ms)
✔ no action for "今天聊天挺有意思。" (0.062459ms)
✔ no action for "" (0.045166ms)
✔ no action for "我今天心情很好。" (0.081583ms)
✔ no action for "我明天可以做什么？" (0.038666ms)
✔ no action for "不要把报告标记为完成" (0.051125ms)
✔ no action for "如果我明天做这个呢？" (0.070958ms)
✔ natural conversation create adjust complete and immutable history (611.499166ms)
✔ same submission replay and different payload reject (18.952625ms)
✔ multiple targets clarify, plain natural target response resolves once (26.98175ms)
✔ single current target cancellation and terminal refusal (22.767042ms)
✔ stale expected version rejects late commit (20.618375ms)
✔ forged model intent and target rejected by real Host (19.449875ms)
✔ fault transaction rolls back all action assets and retains draft (68.5635ms)
✔ restart restores identity feedback and status, reads have no writes (76.996417ms)
✔ source expiry/revoke/correction preserves action and removes valid-basis claim (170.450208ms)
✔ conversation authorization denies writes before action append (64.689375ms)
✔ Application rejects fabricated model output before repository commit (0.201667ms)
✔ read recovery after lost commit response never resends model or write (19.17275ms)
✔ OfflineA and OfflineB operate same repository identity (19.441292ms)
✔ Today single Focus escapes content and never adds action buttons (0.1875ms)
✔ actual model suggestion stays candidate until explicit pronoun acceptance (1296.214666ms)
✔ multiple targets beyond first page cannot imply one (118.838958ms)
✔ expired packet and cancelled draft reject commits (46.152ms)
✔ snapshot is read-only and incompatible v6 fields fail closed (18.206333ms)
✔ uncertain/historical expression does not create: 我明天整理报告吗 (0.107875ms)
✔ uncertain/historical expression does not create: 我今天写报告很累 (0.026833ms)
✔ uncertain/historical expression does not create: 我今天散步了 (0.0245ms)
✔ uncertain/historical expression does not create: 我明天可能整理报告 (0.029791ms)
✔ uncertain/historical expression does not create: 我明天整理报告，只是举例 (0.0135ms)
✔ completed history does not obscure the only current planned target (25.018959ms)
✔ stale model derivation cannot be accepted via pronoun (1341.439375ms)
✔ Host refuses changing confirmed content inside an otherwise valid parsed create (20.667458ms)
✔ closure generalized creation and exact withdrawal persist across restart (29.687917ms)
✔ closure no target or multiple normalized targets cannot silently cancel (29.718541ms)
✔ closure Host rejects arbitrary negativity and unsupported fallback forgery (28.226375ms)
ℹ tests 39
ℹ suites 0
ℹ pass 39
ℹ fail 0
ℹ cancelled 0
ℹ skipped 0
ℹ todo 0
ℹ duration_ms 4141.591541
