✔ strong-frame-unlisted-verb (0.644875ms)
✔ strong-frame-another-verb (0.242792ms)
✔ word-internal-negation (0.035958ms)
✔ withdraw-unique (0.060167ms)
✔ withdraw-no-target (0.076833ms)
✔ withdraw-multiple (0.047084ms)
✔ negative-new-intent (0.162125ms)
✔ negative-not-withdrawal (0.077917ms)
✔ cancelled-target (0.0425ms)
✔ finished-target (0.07425ms)
✔ quoted-withdrawal (0.036666ms)
✔ hypothetical (0.028791ms)
✔ question (0.029791ms)
✔ uncertain (0.021125ms)
✔ conflicting-clauses (0.026875ms)
✔ unsupported-explicit (0.043375ms)
✔ ordinary-chat (0.026292ms)
✔ cloud-affirmation (0.025459ms)
✔ parse-none cannot fall into chat for explicit intent (0.10775ms)
✔ unsupported explicit input never prepares disclosure and keeps draft (1.851041ms)
✔ unsupported no matching cancellation is honest local no-change (0.073709ms)
✔ unsupported read restoration does not parse or write (0.191292ms)
✔ late cancelled parsing cannot write (0.167708ms)
✔ legacy explicit negative new intent never becomes cancellation (0.040208ms)
ℹ tests 24
ℹ suites 0
ℹ pass 24
ℹ fail 0
ℹ cancelled 0
ℹ skipped 0
ℹ todo 0
ℹ duration_ms 45.32125
