✔ valid receipt none// (0.73375ms)
✔ valid receipt clarify// (0.092625ms)
✔ valid receipt action// (0.109792ms)
✔ valid receipt condition_only/unknown/condition_unknown (0.074708ms)
✔ valid receipt condition_only/false/condition_false (0.057542ms)
✔ valid receipt condition_only/true/record_only (0.042417ms)
✔ valid receipt condition_and_action/true/ (0.039708ms)
✔ production confirm rejects wrong-turn before success (0.261167ms)
✔ production confirm rejects wrong-operation-identity before success (0.105292ms)
✔ production confirm rejects missing-event before success (0.136708ms)
✔ production confirm rejects invalid-action-version before success (0.151709ms)
✔ production confirm rejects unexpected-permission before success (0.15325ms)
✔ production confirm rejects false-action-condition before success (0.078833ms)
✔ production confirm rejects false-business-change before success (0.043459ms)
✔ production confirm rejects inconsistent-status before success (0.033459ms)
✔ production confirm rejects extra-receipt-field before success (0.042541ms)
✔ production confirm rejects oversized-reply before success (0.051583ms)
✔ none cannot disguise an action event (0.046542ms)
✔ condition-only reason must agree with truth (0.033792ms)
✔ retry preparation preserves terminal provider failure without another send (0.354417ms)
ℹ tests 20
ℹ suites 0
ℹ pass 20
ℹ fail 0
ℹ cancelled 0
ℹ skipped 0
ℹ todo 0
ℹ duration_ms 44.506916
