✔ default is lightweight and has one detail entry (9.46725ms)
✔ freshness stays per metric and does not claim coverage (0.140459ms)
✔ only one detail area and trend is secondary (2.933041ms)
✔ no fake chat or AI state (0.13425ms)
✔ initial calls are serial and keep existing contract (0.370792ms)
✔ overview error never claims imported or exposes error body (0.091833ms)
✔ null and absence remain gaps while zero stays real (0.094625ms)
✔ source escaping and empty states retained (0.144875ms)
✔ stale requests cannot replace the selected metric (0.100917ms)
✔ inactive auxiliary does not query and exit stops remaining overview requests (0.108792ms)
✔ exited detail request cannot publish late values (0.191083ms)
✔ new entry has fresh instance and mode label never depends on global flag (0.232666ms)
✔ saving configuration and key does not test select or enable (1.98625ms)
✔ explicit four steps are possible without implicit transitions (0.20375ms)
✔ failed key save preserves input and hides raw failure body (0.163958ms)
✔ pending action ignores second click and retains newer input (0.14775ms)
✔ fixed mask never follows length or displays malformed tail (0.117125ms)
✔ model dropdown starts unselected and enable unavailable after successful test (0.499167ms)
✔ Local mode has no key input or cloud model options (0.142458ms)
✔ unknown errors use a fixed message and timeout is not credential TTL (0.06025ms)
✔ entry is inert and exit rejects a late status (0.39275ms)
✔ search results escape originals and source asking remains separate (0.373209ms)
✔ disconnect requires distinct confirmation and supports reconnect (0.090666ms)
✔ real restored controls display fixed targets without starting an operation (0.049875ms)
✔ exit prevents late search from replacing prior results (0.081833ms)
ℹ tests 25
ℹ suites 0
ℹ pass 25
ℹ fail 0
ℹ cancelled 0
ℹ skipped 0
ℹ todo 0
ℹ duration_ms 52.032708
