{
  "in_transaction": {
    "row": {
      "subject_type": "artifact",
      "subject_id": "synthetic-artifact-001",
      "generation": 4,
      "command_id": "synthetic-command-rollback",
      "reason_code": "CONTROLLED_TEST",
      "blocked_at_ms": 1786550400000,
      "cleanup_status": "accepted",
      "updated_at_ms": 1786550400000
    },
    "gates": {
      "read": "ALLOW",
      "search": "ALLOW",
      "suggest": "ALLOW",
      "outbox": "ALLOW",
      "export": "ALLOW",
      "restore": "ALLOW"
    }
  },
  "after_rollback": {
    "row": {
      "subject_type": "artifact",
      "subject_id": "synthetic-artifact-001",
      "generation": 5,
      "command_id": "synthetic-command-001",
      "reason_code": "CONTROLLED_TEST",
      "blocked_at_ms": 1786550400000,
      "cleanup_status": "active_blocked",
      "updated_at_ms": 1786550400000
    },
    "gates": {
      "read": "DENY",
      "search": "DENY",
      "suggest": "DENY",
      "outbox": "DENY",
      "export": "DENY",
      "restore": "DENY"
    }
  },
  "rollback_ok": true
}
