✔ no action for "他说“报告结论做完了”。" (0.686625ms)
✔ no action for "假如报告结论做完了就好了。" (0.083167ms)
✔ no action for "报告结论还没做完。" (0.289833ms)
✔ no action for "我不打算明天整理报告结论。" (0.264458ms)
✔ no action for "今天聊天挺有意思。" (0.077458ms)
✔ no action for "" (0.143791ms)
✔ no action for "我今天心情很好。" (0.0575ms)
✔ no action for "我明天可以做什么？" (0.041375ms)
✔ no action for "不要把报告标记为完成" (0.060167ms)
✔ no action for "如果我明天做这个呢？" (0.082542ms)
✔ natural conversation create adjust complete and immutable history (612.334458ms)
✔ same submission replay and different payload reject (18.789458ms)
✔ multiple targets clarify, plain natural target response resolves once (30.270791ms)
✔ single current target cancellation and terminal refusal (61.252417ms)
✔ stale expected version rejects late commit (23.934041ms)
✔ forged model intent and target rejected by real Host (62.836209ms)
✔ fault transaction rolls back all action assets and retains draft (84.18325ms)
✔ restart restores identity feedback and status, reads have no writes (81.735459ms)
✔ source expiry/revoke/correction preserves action and removes valid-basis claim (166.067917ms)
✔ conversation authorization denies writes before action append (70.681ms)
✔ Application rejects fabricated model output before repository commit (0.23175ms)
✔ read recovery after lost commit response never resends model or write (20.53725ms)
✔ OfflineA and OfflineB operate same repository identity (20.680667ms)
✔ Today single Focus escapes content and never adds action buttons (0.216958ms)
✔ actual model suggestion stays candidate until explicit pronoun acceptance (1315.507625ms)
✔ multiple targets beyond first page cannot imply one (122.777667ms)
✔ expired packet and cancelled draft reject commits (49.214125ms)
✔ snapshot is read-only and incompatible v6 fields fail closed (18.464ms)
✔ uncertain/historical expression does not create: 我明天整理报告吗 (0.111625ms)
✔ uncertain/historical expression does not create: 我今天写报告很累 (0.027875ms)
✔ uncertain/historical expression does not create: 我今天散步了 (0.024916ms)
✔ uncertain/historical expression does not create: 我明天可能整理报告 (0.030417ms)
✔ uncertain/historical expression does not create: 我明天整理报告，只是举例 (0.013083ms)
✔ completed history does not obscure the only current planned target (24.77925ms)
✔ stale model derivation cannot be accepted via pronoun (1349.21075ms)
✔ Host refuses changing confirmed content inside an otherwise valid parsed create (18.2015ms)
✔ closure generalized creation and exact withdrawal persist across restart (27.394291ms)
✔ closure no target or multiple normalized targets cannot silently cancel (27.4825ms)
✔ closure Host rejects arbitrary negativity and unsupported fallback forgery (24.645958ms)
ℹ tests 39
ℹ suites 0
ℹ pass 39
ℹ fail 0
ℹ cancelled 0
ℹ skipped 0
ℹ todo 0
ℹ duration_ms 4279.688958
