✔ strong-frame-unlisted-verb (0.751458ms)
✔ strong-frame-another-verb (0.213375ms)
✔ word-internal-negation (0.098125ms)
✔ withdraw-unique (0.126709ms)
✔ withdraw-no-target (0.130208ms)
✔ withdraw-multiple (0.0465ms)
✔ negative-new-intent (0.260042ms)
✔ negative-not-withdrawal (0.101083ms)
✔ cancelled-target (0.048334ms)
✔ finished-target (0.086083ms)
✔ quoted-withdrawal (0.056541ms)
✔ hypothetical (0.03675ms)
✔ question (0.033208ms)
✔ uncertain (0.0225ms)
✔ conflicting-clauses (0.029042ms)
✔ unsupported-explicit (0.036125ms)
✔ ordinary-chat (0.044209ms)
✔ cloud-affirmation (0.032375ms)
✔ parse-none cannot fall into chat for explicit intent (0.113542ms)
✔ unsupported explicit input never prepares disclosure and keeps draft (1.997917ms)
✔ unsupported no matching cancellation is honest local no-change (0.072833ms)
✔ unsupported read restoration does not parse or write (0.125791ms)
✔ late cancelled parsing cannot write (0.1475ms)
✔ legacy explicit negative new intent never becomes cancellation (0.043875ms)
ℹ tests 24
ℹ suites 0
ℹ pass 24
ℹ fail 0
ℹ cancelled 0
ℹ skipped 0
ℹ todo 0
ℹ duration_ms 50.078458
