✔ valid receipt none// (0.723167ms)
✔ valid receipt clarify// (0.070916ms)
✔ valid receipt action// (0.073125ms)
✔ valid receipt condition_only/unknown/condition_unknown (0.059583ms)
✔ valid receipt condition_only/false/condition_false (0.047875ms)
✔ valid receipt condition_only/true/record_only (0.045958ms)
✔ valid receipt condition_and_action/true/ (0.040542ms)
✔ production confirm rejects wrong-turn before success (0.221791ms)
✔ production confirm rejects wrong-operation-identity before success (0.072ms)
✔ production confirm rejects missing-event before success (0.1215ms)
✔ production confirm rejects invalid-action-version before success (0.065458ms)
✔ production confirm rejects unexpected-permission before success (0.051792ms)
✔ production confirm rejects false-action-condition before success (0.048667ms)
✔ production confirm rejects false-business-change before success (0.03775ms)
✔ production confirm rejects inconsistent-status before success (0.098791ms)
✔ production confirm rejects extra-receipt-field before success (0.066ms)
✔ production confirm rejects oversized-reply before success (0.06525ms)
✔ none cannot disguise an action event (0.047875ms)
✔ condition-only reason must agree with truth (0.03675ms)
✔ retry preparation preserves terminal provider failure without another send (0.360334ms)
ℹ tests 20
ℹ suites 0
ℹ pass 20
ℹ fail 0
ℹ cancelled 0
ℹ skipped 0
ℹ todo 0
ℹ duration_ms 45.571416
