{
  "passed": 6,
  "total": 6,
  "networkCalls": 0,
  "restart": {
    "fixture": "p158-c1-db700eb8-5943-4b4a-a4ab-889019f83721",
    "pids": [
      52725,
      52729
    ],
    "oldQuestion": "q:health:available_time:ded1912b4e3bfafaaf634cc6922ccd38",
    "newQuestion": "q:health:available_time:2dafb6c8539147b2bc9b11cc2deda7eb"
  },
  "results": [
    {
      "name": "expired answered information opens one new gap; history untouched",
      "pass": true
    },
    {
      "name": "valid replacement state answers gap; expired or revoked state does not",
      "pass": true
    },
    {
      "name": "source availability is usable only when current and authorized",
      "pass": true
    },
    {
      "name": "reject remains durable; deferred and ignored respect their scope",
      "pass": true
    },
    {
      "name": "prior answered domain is not an authorization or domain for a new ambiguous request",
      "pass": true
    },
    {
      "name": "expired persisted state after independent restart permits new question and retains old answered row",
      "pass": true
    }
  ]
}
