✔ current UI file selection uses sole import IPC and refreshes terminal status (3.6395ms)
✔ failed start preserves the selected file across idle status and explicit retry (1.214833ms)
✔ starting and running cannot start another import or reopen picker (0.571542ms)
✔ current status restoration keeps original duplicate time without new samples (19.491084ms)
✔ HTML escaping applies to filename and unsupported types (0.187125ms)
✔ unknown failed counts are not fabricated totals (0.050542ms)
✔ Apple observation labels do not imply completeness, identity or revision (0.402541ms)
✔ actual frontend resolver excludes Apple batches and states under all purposes (1.48575ms)
✔ semantic partial success exposes skipped and unprojected without claiming complete coverage (0.284375ms)
✔ health excluded by actual resolver for every purpose, even active/status spoof (2.674875ms)
✔ health view shows unmerged sources, observation freshness, and no fabricated zero (23.220459ms)
✔ failed startup retry cannot overwrite typing between attempts (0.301208ms)
✔ remove uses stored turn identity even public preview has no turnId, cancels before rebuilding (0.702709ms)
✔ remove failure never leaves old send confirmation (0.198583ms)
✔ edit during removal cannot resurrect returned confirmation (0.16375ms)
✔ observation display uses envelope offset, receipt labels device time (0.148625ms)
✔ authorized health expression remains usable while imported raw observations stay excluded (0.153459ms)
✔ raw health kind cannot be promoted by status, source, or eligibility spoof (0.096458ms)
ℹ tests 18
ℹ suites 0
ℹ pass 18
ℹ fail 0
ℹ cancelled 0
ℹ skipped 0
ℹ todo 0
ℹ duration_ms 72.257208
