✔ default is lightweight and has one detail entry (11.89125ms)
✔ freshness stays per metric and does not claim coverage (0.250541ms)
✔ only one detail area and trend is secondary (2.676333ms)
✔ no fake chat or AI state (0.193042ms)
✔ initial calls are serial and keep existing contract (0.409875ms)
✔ overview error never claims imported or exposes error body (0.108084ms)
✔ null and absence remain gaps while zero stays real (0.076583ms)
✔ source escaping and empty states retained (0.182542ms)
✔ stale requests cannot replace the selected metric (0.108959ms)
✔ inactive auxiliary does not query and exit stops remaining overview requests (0.122625ms)
✔ exited detail request cannot publish late values (0.116875ms)
✔ new entry has fresh instance and mode label never depends on global flag (0.21475ms)
✔ saving configuration and key does not test select or enable (2.471167ms)
✔ explicit four steps are possible without implicit transitions (0.258ms)
✔ failed key save preserves input and hides raw failure body (0.236791ms)
✔ pending action ignores second click and retains newer input (0.107958ms)
✔ fixed mask never follows length or displays malformed tail (0.129042ms)
✔ model dropdown starts unselected and enable unavailable after successful test (0.31825ms)
✔ Local mode has no key input or cloud model options (0.092625ms)
✔ unknown errors use a fixed message and timeout is not credential TTL (0.05325ms)
✔ entry is inert and exit rejects a late status (0.875959ms)
✔ search results escape originals and source asking remains separate (0.507625ms)
✔ disconnect requires distinct confirmation and supports reconnect (0.120542ms)
✔ real restored controls display fixed targets without starting an operation (0.057208ms)
✔ exit prevents late search from replacing prior results (0.099708ms)
ℹ tests 25
ℹ suites 0
ℹ pass 25
ℹ fail 0
ℹ cancelled 0
ℹ skipped 0
ℹ todo 0
ℹ duration_ms 55.80425
