✔ no action for "他说“报告结论做完了”。" (0.559584ms)
✔ no action for "假如报告结论做完了就好了。" (0.071ms)
✔ no action for "报告结论还没做完。" (0.438917ms)
✔ no action for "我不打算明天整理报告结论。" (0.211542ms)
✔ no action for "今天聊天挺有意思。" (0.063084ms)
✔ no action for "" (0.044ms)
✔ no action for "我今天心情很好。" (0.267709ms)
✔ no action for "我明天可以做什么？" (0.032375ms)
✔ no action for "不要把报告标记为完成" (0.048792ms)
✔ no action for "如果我明天做这个呢？" (0.062792ms)
✔ natural conversation create adjust complete and immutable history (583.138917ms)
✔ same submission replay and different payload reject (23.934791ms)
✔ multiple targets clarify, plain natural target response resolves once (36.457791ms)
✔ single current target cancellation and terminal refusal (23.574333ms)
✔ stale expected version rejects late commit (45.000167ms)
✔ forged model intent and target rejected by real Host (65.24925ms)
✔ fault transaction rolls back all action assets and retains draft (93.646542ms)
✔ restart restores identity feedback and status, reads have no writes (81.283792ms)
✔ source expiry/revoke/correction preserves action and removes valid-basis claim (172.13325ms)
✔ conversation authorization denies writes before action append (70.191083ms)
✔ Application rejects fabricated model output before repository commit (0.239125ms)
✔ read recovery after lost commit response never resends model or write (25.870875ms)
✔ OfflineA and OfflineB operate same repository identity (20.920292ms)
✔ Today single Focus escapes content and never adds action buttons (0.164625ms)
✔ actual model suggestion stays candidate until explicit pronoun acceptance (1290.3425ms)
✔ multiple targets beyond first page cannot imply one (89.96525ms)
✔ expired packet and cancelled draft reject commits (53.319083ms)
✔ snapshot is read-only and incompatible v6 fields fail closed (18.480458ms)
✔ uncertain/historical expression does not create: 我明天整理报告吗 (0.12175ms)
✔ uncertain/historical expression does not create: 我今天写报告很累 (0.030125ms)
✔ uncertain/historical expression does not create: 我今天散步了 (0.026917ms)
✔ uncertain/historical expression does not create: 我明天可能整理报告 (0.042084ms)
✔ uncertain/historical expression does not create: 我明天整理报告，只是举例 (0.012417ms)
✔ completed history does not obscure the only current planned target (22.585666ms)
✔ stale model derivation cannot be accepted via pronoun (1307.763292ms)
✔ Host refuses changing confirmed content inside an otherwise valid parsed create (16.336792ms)
✔ closure generalized creation and exact withdrawal persist across restart (24.535958ms)
✔ closure no target or multiple normalized targets cannot silently cancel (25.681041ms)
✔ closure Host rejects arbitrary negativity and unsupported fallback forgery (21.966458ms)
ℹ tests 39
ℹ suites 0
ℹ pass 39
ℹ fail 0
ℹ cancelled 0
ℹ skipped 0
ℹ todo 0
ℹ duration_ms 4157.807875
