✔ strong-frame-unlisted-verb (0.627459ms)
✔ strong-frame-another-verb (0.240833ms)
✔ word-internal-negation (0.04375ms)
✔ withdraw-unique (0.067208ms)
✔ withdraw-no-target (0.143042ms)
✔ withdraw-multiple (0.073834ms)
✔ negative-new-intent (0.223084ms)
✔ negative-not-withdrawal (0.096667ms)
✔ cancelled-target (0.047375ms)
✔ finished-target (0.112291ms)
✔ quoted-withdrawal (0.040583ms)
✔ hypothetical (0.043041ms)
✔ question (0.034958ms)
✔ uncertain (0.024458ms)
✔ conflicting-clauses (0.034916ms)
✔ unsupported-explicit (0.048375ms)
✔ ordinary-chat (0.029792ms)
✔ cloud-affirmation (0.02525ms)
✔ parse-none cannot fall into chat for explicit intent (0.103084ms)
✔ unsupported explicit input never prepares disclosure and keeps draft (1.887416ms)
✔ unsupported no matching cancellation is honest local no-change (0.064916ms)
✔ unsupported read restoration does not parse or write (0.118917ms)
✔ late cancelled parsing cannot write (0.090375ms)
✔ legacy explicit negative new intent never becomes cancellation (0.025292ms)
ℹ tests 24
ℹ suites 0
ℹ pass 24
ℹ fail 0
ℹ cancelled 0
ℹ skipped 0
ℹ todo 0
ℹ duration_ms 45.421667
