✔ default is lightweight and has one detail entry (12.934625ms)
✔ freshness stays per metric and does not claim coverage (0.238166ms)
✔ only one detail area and trend is secondary (3.842208ms)
✔ no fake chat or AI state (0.315ms)
✔ initial calls are serial and keep existing contract (0.717792ms)
✔ overview error never claims imported or exposes error body (0.208875ms)
✔ null and absence remain gaps while zero stays real (0.145958ms)
✔ source escaping and empty states retained (0.438459ms)
✔ stale requests cannot replace the selected metric (0.252583ms)
✔ inactive auxiliary does not query and exit stops remaining overview requests (0.236083ms)
✔ exited detail request cannot publish late values (0.157125ms)
✔ new entry has fresh instance and mode label never depends on global flag (0.43775ms)
✔ saving configuration and key does not test select or enable (3.932708ms)
✔ explicit four steps are possible without implicit transitions (0.502375ms)
✔ failed key save preserves input and hides raw failure body (0.518375ms)
✔ pending action ignores second click and retains newer input (0.416ms)
✔ fixed mask never follows length or displays malformed tail (0.15575ms)
✔ model dropdown starts unselected and enable unavailable after successful test (0.352583ms)
✔ Local mode has no key input or cloud model options (0.091ms)
✔ unknown errors use a fixed message and timeout is not credential TTL (0.065583ms)
✔ entry is inert and exit rejects a late status (0.881875ms)
✔ search results escape originals and source asking remains separate (0.574125ms)
✔ disconnect requires distinct confirmation and supports reconnect (0.124584ms)
✔ real restored controls display fixed targets without starting an operation (0.054292ms)
✔ exit prevents late search from replacing prior results (0.095125ms)
ℹ tests 25
ℹ suites 0
ℹ pass 25
ℹ fail 0
ℹ cancelled 0
ℹ skipped 0
ℹ todo 0
ℹ duration_ms 75.789167
